! Setting executable does not persist on exit.
→ Checking for Blimp Update...

ITERATION HISTORY:

  Chain 1 burn-in started on Aug 15 17:48:12 2026
  Chain 2 burn-in started on Aug 15 17:48:12 2026
  Chain 4 burn-in started on Aug 15 17:48:12 2026
  Chain 3 burn-in started on Aug 15 17:48:12 2026
  Chain 4 burn-in iteration 2500 completed on Aug 15 17:48:13 2026
  Chain 3 burn-in iteration 2500 completed on Aug 15 17:48:13 2026
  Chain 1 burn-in iteration 2500 completed on Aug 15 17:48:13 2026
  Chain 2 burn-in iteration 2500 completed on Aug 15 17:48:13 2026
  Chain 2 burn-in iteration 5000 completed on Aug 15 17:48:13 2026
  Chain 3 burn-in iteration 5000 completed on Aug 15 17:48:13 2026
  Chain 4 burn-in iteration 5000 completed on Aug 15 17:48:13 2026
  Chain 1 burn-in iteration 5000 completed on Aug 15 17:48:13 2026
  Chain 2 burn-in iteration 7500 completed on Aug 15 17:48:13 2026
  Chain 3 burn-in iteration 7500 completed on Aug 15 17:48:13 2026
  Chain 4 burn-in iteration 7500 completed on Aug 15 17:48:13 2026
  Chain 1 burn-in iteration 7500 completed on Aug 15 17:48:13 2026
  Chain 3 burn-in iteration 10000 completed on Aug 15 17:48:14 2026
  Chain 3 completed burn-in on Aug 15 17:48:14 2026
  Chain 2 burn-in iteration 10000 completed on Aug 15 17:48:14 2026
  Chain 2 completed burn-in on Aug 15 17:48:14 2026
  Chain 4 burn-in iteration 10000 completed on Aug 15 17:48:14 2026
  Chain 4 completed burn-in on Aug 15 17:48:14 2026
  Chain 1 burn-in iteration 10000 completed on Aug 15 17:48:14 2026
  Chain 1 completed burn-in on Aug 15 17:48:14 2026
  Chain 3 completed iteration 625 on Aug 15 17:48:14 2026
  Chain 4 completed iteration 625 on Aug 15 17:48:14 2026
  Chain 1 completed iteration 625 on Aug 15 17:48:14 2026
  Chain 2 completed iteration 625 on Aug 15 17:48:14 2026
  Chain 3 completed iteration 1250 on Aug 15 17:48:14 2026
  Chain 4 completed iteration 1250 on Aug 15 17:48:14 2026
  Chain 1 completed iteration 1250 on Aug 15 17:48:14 2026
  Chain 2 completed iteration 1250 on Aug 15 17:48:14 2026
  Chain 4 completed iteration 1875 on Aug 15 17:48:14 2026
  Chain 2 completed iteration 1875 on Aug 15 17:48:14 2026
  Chain 3 completed iteration 1875 on Aug 15 17:48:14 2026
  Chain 1 completed iteration 1875 on Aug 15 17:48:14 2026
  Chain 4 completed iteration 2500 on Aug 15 17:48:14 2026
  Chain 4 finished on Aug 15 17:48:14 2026
  Chain 1 completed iteration 2500 on Aug 15 17:48:14 2026
  Chain 1 finished on Aug 15 17:48:14 2026
  Chain 2 completed iteration 2500 on Aug 15 17:48:14 2026
  Chain 3 completed iteration 2500 on Aug 15 17:48:14 2026
  Chain 2 finished on Aug 15 17:48:14 2026
  Chain 3 finished on Aug 15 17:48:14 2026


---------------------------------------------------------------------------

                                   Blimp
                                 4.1.0.b11

             Blimp was developed with funding from Institute of
           Education Sciences awards R305D150056 and R305D190002.

            Craig K. Enders, P.I. Email: cenders@psych.ucla.edu
           Brian T. Keller, Co-P.I. Email: btkeller@missouri.edu
                 Han Du, Co-P.I. Email: hdu@psych.ucla.edu
                 Roy Levy, Co-P.I. Email: roy.levy@asu.edu

              Programming and Blimp Studio by Brian T. Keller

                   There is no expressed license given.

---------------------------------------------------------------------------


ALGORITHMIC OPTIONS SPECIFIED:

  Imputation method:                 Fully Bayesian model-based
  MCMC algorithm:                    Full conditional Metropolis sampler with
                                       Auto-Derived Conditional Distributions
  Default Priors:
    Multilevel covariance matrices:  Not applicable, single-level imputation
    Outcome covariance matrices:     Zero matrix, df = -(p + 1) (PRIOR2)
    Predictor model variances:       Unit sum of squares, df = 2 (XPRIOR1)
  Chain Starting Values:             Random starting values


  NOTE: The default prior for regression coefficients 
        in categorical models is 'normal( 0.0, 5.0)'

  NOTE: For complete list of priors include 'pinfo' in the options.


BURN-IN POTENTIAL SCALE REDUCTION (PSR) OUTPUT:

  NOTE: Rank-normalized Rhat (Vehtari et al., 2021) is being used.
        This applies rank normalization and chain folding for robust
        convergence detection across all chains.

  Comparing iterations across 4 chains     Highest Rhat   Parameter #  
                          251 to 500             1.024            25  
                          501 to 1000            1.011            14  
                          751 to 1500            1.005            12  
                         1001 to 2000            1.005             8  
                         1251 to 2500            1.005            25  
                         1501 to 3000            1.004            12  
                         1751 to 3500            1.003             3  
                         2001 to 4000            1.002             9  
                         2251 to 4500            1.002            18  
                         2501 to 5000            1.002            18  
                         2751 to 5500            1.001             3  
                         3001 to 6000            1.001            18  
                         3251 to 6500            1.001             2  
                         3501 to 7000            1.001             2  
                         3751 to 7500            1.001            25  
                         4001 to 8000            1.001            11  
                         4251 to 8500            1.001            14  
                         4501 to 9000            1.001            12  
                         4751 to 9500            1.001            22  
                         5001 to 10000           1.001            12  


METROPOLIS-HASTINGS ACCEPTANCE RATES:

  Chain 1:

    Variable                            Type    Probability   Target Value 
    discrim                       imputation          0.505          0.500 

  NOTE: Suppressing printing of 3 chains.
        Use keyword 'tuneinfo' in options to override.


DATA INFORMATION:

  Sample Size:              639
  Missing Data Info:

                      Pattern #:       1     2     3     4     5     6     7     8
                          miss % --------------------------------------------------
                   victim = 41.0       -     M     -     M     -     M     M     -  
              internalize = 27.1       -     -     M     M     -     -     M     M  
                   female =  0.0       -     -     -     -     -     -     -     -  
                      age =  0.0       -     -     -     -     -     -     -     -  
                  discrim = 12.1       -     -     -     -     M     M     M     M  
                                 --------------------------------------------------
                                 %  37.7  26.8  14.1   9.4   5.5   3.0   1.9   1.7


MODEL INFORMATION:

  NUMBER OF PARAMETERS
    Outcome Models:         11
    Generated Parameters:   1
    Predictor Models:       11

  PREDICTORS
    Complete continuous:    age
    Complete ordinal:       female
    Incomplete continuous:  discrim

  MODELS
    [1]  internalize ~ Intercept victim@b1 discrim age female
    [2]  victim ~ Intercept discrim@a1 age female

  GENERATED PARAMETERS
    [1]  indirect = a1*b1


 WARNING MESSAGES:

  No warning messages.


MODEL FIT:


  INFORMATION CRITERIA

    Conditional Likelihood
      DIC2                  8255.808
      WAIC                  8427.333


IMPUTED DATA SUMMARIES:

  NOTE: Imputed data summaries are averaged across 10000 data sets.


Variables                              Mean     StdDev        25%        50%        75%        Min        Max 
                                ------------------------------------------------------------------------------

  internalize                        14.635     10.438      7.560     12.943     20.516    -12.606     60.037 
  victim                              2.340      3.813      0.000      1.075      3.848     -8.372     20.001 
  female                              0.529      0.500      0.000      1.000      1.000      0.000      1.000 
  age                                15.629      1.068     15.000     16.000     17.000     14.000     17.000 
  discrim                            13.578      3.840     11.000     13.000     15.021      4.549     31.000 

                                ------------------------------------------------------------------------------



CORRELATIONS AMONG RESIDUALS:

  Summaries based on 10000 iterations using 4 chains.
  NOTE: Estimate column based on posterior median.


Correlations                       Estimate     StdDev       2.5%      97.5%      ChiSq     PValue      N_Eff 
                                ------------------------------------------------------------------------------

  internalize, victim                 0.001      0.056     -0.107      0.110      0.000      0.993   9601.494 

                                ------------------------------------------------------------------------------



OUTCOME MODEL ESTIMATES:

  Summaries based on 10000 iterations using 4 chains.
  NOTE: Estimate column based on posterior median.


Outcome Variable:  internalize

Parameters                         Estimate     StdDev       2.5%      97.5%      ChiSq     PValue      N_Eff 
                                ------------------------------------------------------------------------------
Variances:                      
  Residual Var.                      79.492      5.581     69.262     91.284        ---        ---   4296.514 

Coefficients:                   
  Intercept                          -5.058      6.325    -17.654      7.403      0.643      0.423   5037.103 
  victim                              0.704      0.135      0.439      0.968     27.296      0.000   3315.029 
  discrim                             0.874      0.122      0.632      1.111     51.490      0.000   3516.245 
  age                                 0.234      0.397     -0.537      1.027      0.348      0.555   5068.643 
  female                              4.800      0.857      3.126      6.470     31.305      0.000   5151.695 

Standard Deviations:            
  Residual SD                         8.916      0.312      8.322      9.554        ---        ---   4291.123 

Standardized Coefficients:      
  victim                              0.256      0.047      0.161      0.348     28.945      0.000   3296.580 
  discrim                             0.320      0.042      0.235      0.398     58.790      0.000   3395.788 
  age                                 0.024      0.040     -0.055      0.103      0.349      0.554   5077.179 
  female                              0.229      0.039      0.149      0.303     33.836      0.000   5198.145 

Proportion Variance Explained   
  by Coefficients                     0.278      0.037      0.205      0.350        ---        ---   3755.584 
  by Residual Variation               0.722      0.037      0.650      0.795        ---        ---   3755.584 

                                ------------------------------------------------------------------------------



Outcome Variable:  victim     

Parameters                         Estimate     StdDev       2.5%      97.5%      ChiSq     PValue      N_Eff 
                                ------------------------------------------------------------------------------
Variances:                      
  Residual Var.                      13.843      1.013     12.028     16.014        ---        ---   4214.141 

Coefficients:                   
  Intercept                           2.723      2.923     -3.029      8.342      0.863      0.353   3506.024 
  discrim                             0.222      0.051      0.121      0.323     18.677      0.000   3247.280 
  age                                -0.219      0.183     -0.576      0.141      1.429      0.232   3506.342 
  female                              0.066      0.373     -0.655      0.800      0.032      0.858   4326.983 

Standard Deviations:            
  Residual SD                         3.721      0.136      3.468      4.002        ---        ---   4217.338 

Standardized Coefficients:      
  discrim                             0.222      0.049      0.123      0.317     20.218      0.000   3219.827 
  age                                -0.061      0.051     -0.160      0.039      1.441      0.230   3486.947 
  female                              0.009      0.048     -0.084      0.104      0.032      0.857   4325.311 

Proportion Variance Explained   
  by Coefficients                     0.057      0.023      0.021      0.108        ---        ---   3357.890 
  by Residual Variation               0.943      0.023      0.892      0.979        ---        ---   3357.890 

                                ------------------------------------------------------------------------------



GENERATED PARAMETERS:

  Summaries based on 10000 iterations using 4 chains.
  NOTE: Estimate column based on posterior median.


Parameters                         Estimate     StdDev       2.5%      97.5%      ChiSq     PValue      N_Eff 
                                ------------------------------------------------------------------------------

  indirect                            0.153      0.047      0.073      0.257     11.022      0.001   3425.009 

                                ------------------------------------------------------------------------------


PREDICTOR MODEL ESTIMATES:

  Summaries based on 10000 iterations using 4 chains.
  NOTE: Estimate column based on posterior median.



Complete predictor: female     

Parameters                         Estimate     StdDev       2.5%      97.5%      ChiSq     PValue      N_Eff 
                                ------------------------------------------------------------------------------

Grand Mean                            0.074      0.051     -0.024      0.172      2.124      0.145   4577.821 

Level 1:                                                                                                      
  age                                 0.017      0.047     -0.074      0.110      0.135      0.713   4739.377 
  discrim                             0.027      0.014      0.001      0.055      3.950      0.047   3390.022 
  Residual Var.                       1.000      0.000      1.000      1.000        ---        ---        --- 
Thresholds:                                                                                                   
  Tau 1                               0.000      0.000      0.000      0.000        ---        ---        --- 
                                                                                                              
                                ------------------------------------------------------------------------------



Complete predictor: age        

Parameters                         Estimate     StdDev       2.5%      97.5%      ChiSq     PValue      N_Eff 
                                ------------------------------------------------------------------------------

Grand Mean                           15.630      0.042     15.546     15.710  1.390e+05      0.000   9946.589 

Level 1:                                                                                                      
  female                              0.020      0.053     -0.084      0.124      0.135      0.714   6270.940 
  discrim                             0.014      0.012     -0.010      0.037      1.364      0.243   6134.941 
  Residual Var.                       1.137      0.064      1.021      1.270        ---        ---   9933.536 
                                                                                                              
                                ------------------------------------------------------------------------------



Missing predictor:  discrim    

Parameters                         Estimate     StdDev       2.5%      97.5%      ChiSq     PValue      N_Eff 
                                ------------------------------------------------------------------------------

Grand Mean                           13.582      0.162     13.263     13.901   7010.328      0.000   5777.179 

Level 1:                                                                                                      
  female                              0.396      0.198      0.007      0.786      3.980      0.046   4865.580 
  age                                 0.178      0.151     -0.122      0.471      1.371      0.242   5285.181 
  Residual Var.                      14.539      0.879     12.949     16.399        ---        ---   5647.926 
                                                                                                              
                                ------------------------------------------------------------------------------



ITERATION HISTORY:

  Chain 2 burn-in started on Aug 15 17:48:21 2026
  Chain 1 burn-in started on Aug 15 17:48:21 2026
  Chain 3 burn-in started on Aug 15 17:48:21 2026
  Chain 4 burn-in started on Aug 15 17:48:21 2026
  Chain 1 burn-in iteration 2500 completed on Aug 15 17:48:22 2026
  Chain 4 burn-in iteration 2500 completed on Aug 15 17:48:22 2026
  Chain 2 burn-in iteration 2500 completed on Aug 15 17:48:22 2026
  Chain 3 burn-in iteration 2500 completed on Aug 15 17:48:22 2026
  Chain 1 burn-in iteration 5000 completed on Aug 15 17:48:22 2026
  Chain 2 burn-in iteration 5000 completed on Aug 15 17:48:22 2026
  Chain 4 burn-in iteration 5000 completed on Aug 15 17:48:22 2026
  Chain 3 burn-in iteration 5000 completed on Aug 15 17:48:22 2026
  Chain 2 burn-in iteration 7500 completed on Aug 15 17:48:22 2026
  Chain 1 burn-in iteration 7500 completed on Aug 15 17:48:22 2026
  Chain 4 burn-in iteration 7500 completed on Aug 15 17:48:22 2026
  Chain 3 burn-in iteration 7500 completed on Aug 15 17:48:22 2026
  Chain 2 burn-in iteration 10000 completed on Aug 15 17:48:22 2026
  Chain 2 completed burn-in on Aug 15 17:48:22 2026
  Chain 4 burn-in iteration 10000 completed on Aug 15 17:48:22 2026
  Chain 4 completed burn-in on Aug 15 17:48:22 2026
  Chain 1 burn-in iteration 10000 completed on Aug 15 17:48:22 2026
  Chain 1 completed burn-in on Aug 15 17:48:22 2026
  Chain 3 burn-in iteration 10000 completed on Aug 15 17:48:22 2026
  Chain 3 completed burn-in on Aug 15 17:48:22 2026
  Chain 3 completed iteration 625 on Aug 15 17:48:22 2026
  Chain 4 completed iteration 625 on Aug 15 17:48:22 2026
  Chain 1 completed iteration 625 on Aug 15 17:48:22 2026
  Chain 2 completed iteration 625 on Aug 15 17:48:22 2026
  Chain 3 completed iteration 1250 on Aug 15 17:48:23 2026
  Chain 4 completed iteration 1250 on Aug 15 17:48:23 2026
  Chain 2 completed iteration 1250 on Aug 15 17:48:23 2026
  Chain 1 completed iteration 1250 on Aug 15 17:48:23 2026
  Chain 3 completed iteration 1875 on Aug 15 17:48:23 2026
  Chain 4 completed iteration 1875 on Aug 15 17:48:23 2026
  Chain 1 completed iteration 1875 on Aug 15 17:48:23 2026
  Chain 2 completed iteration 1875 on Aug 15 17:48:23 2026
  Chain 1 completed iteration 2500 on Aug 15 17:48:23 2026
  Chain 1 finished on Aug 15 17:48:23 2026
  Chain 4 completed iteration 2500 on Aug 15 17:48:23 2026
  Chain 3 completed iteration 2500 on Aug 15 17:48:23 2026
  Chain 4 finished on Aug 15 17:48:23 2026
  Chain 3 finished on Aug 15 17:48:23 2026
  Chain 2 completed iteration 2500 on Aug 15 17:48:23 2026
  Chain 2 finished on Aug 15 17:48:23 2026


---------------------------------------------------------------------------

                                   Blimp
                                 4.1.0.b11

             Blimp was developed with funding from Institute of
           Education Sciences awards R305D150056 and R305D190002.

            Craig K. Enders, P.I. Email: cenders@psych.ucla.edu
           Brian T. Keller, Co-P.I. Email: btkeller@missouri.edu
                 Han Du, Co-P.I. Email: hdu@psych.ucla.edu
                 Roy Levy, Co-P.I. Email: roy.levy@asu.edu

              Programming and Blimp Studio by Brian T. Keller

                   There is no expressed license given.

---------------------------------------------------------------------------


ALGORITHMIC OPTIONS SPECIFIED:

  Imputation method:                 Fully Bayesian model-based
  MCMC algorithm:                    Full conditional Metropolis sampler with
                                       Auto-Derived Conditional Distributions
  Default Priors:
    Multilevel covariance matrices:  Not applicable, single-level imputation
    Outcome covariance matrices:     Zero matrix, df = -(p + 1) (PRIOR2)
    Predictor model variances:       Unit sum of squares, df = 2 (XPRIOR1)
  Chain Starting Values:             Random starting values


  NOTE: The default prior for regression coefficients 
        in categorical models is 'normal( 0.0, 5.0)'

  NOTE: For complete list of priors include 'pinfo' in the options.


BURN-IN POTENTIAL SCALE REDUCTION (PSR) OUTPUT:

  NOTE: Rank-normalized Rhat (Vehtari et al., 2021) is being used.
        This applies rank normalization and chain folding for robust
        convergence detection across all chains.

  Comparing iterations across 4 chains     Highest Rhat   Parameter #  
                          251 to 500             1.028             5  
                          501 to 1000            1.005             1  
                          751 to 1500            1.005             1  
                         1001 to 2000            1.003            14  
                         1251 to 2500            1.004             5  
                         1501 to 3000            1.003             3  
                         1751 to 3500            1.002             5  
                         2001 to 4000            1.003             9  
                         2251 to 4500            1.003             9  
                         2501 to 5000            1.001             5  
                         2751 to 5500            1.002             9  
                         3001 to 6000            1.002             9  
                         3251 to 6500            1.001             5  
                         3501 to 7000            1.001             1  
                         3751 to 7500            1.002             1  
                         4001 to 8000            1.001             1  
                         4251 to 8500            1.001             1  
                         4501 to 9000            1.001            34  
                         4751 to 9500            1.001            34  
                         5001 to 10000           1.001            14  


DATA INFORMATION:

  Sample Size:              639
  Missing Data Info:

                      Pattern #:       1     2     3     4     5     6     7     8
                          miss % --------------------------------------------------
                  discrim = 12.1       -     -     -     -     M     M     M     M  
                   victim = 41.0       -     M     -     M     -     M     M     -  
              internalize = 27.1       -     -     M     M     -     -     M     M  
                   female =  0.0       -     -     -     -     -     -     -     -  
                      age =  0.0       -     -     -     -     -     -     -     -  
                                 --------------------------------------------------
                                 %  37.7  26.8  14.1   9.4   5.5   3.0   1.9   1.7


MODEL INFORMATION:

  NUMBER OF PARAMETERS
    Outcome Models:         15
    Generated Parameters:   3
    Predictor Models:       0

  PREDICTORS
    Fixed variables:        female age

  MODELS

   apath:
    [1]  victim ~ Intercept discrim@a1 age female

   bpath:
    [2]  internalize ~ Intercept victim@b1 discrim age female

   predictors:
    [3]  discrim ~ Intercept age female

  GENERATED PARAMETERS
    [1]  indirect = a1*b1
    [2]  sd_ratio = sqrt(discrim.totalvar/internalize.totalvar)
    [3]  indirect_std = indirect*sd_ratio


 WARNING MESSAGES:

  No warning messages.


MODEL FIT:


  INFORMATION CRITERIA

    Conditional Likelihood
      DIC2                  11809.169
      WAIC                  12009.827


IMPUTED DATA SUMMARIES:

  NOTE: Imputed data summaries are averaged across 10000 data sets.


Variables                              Mean     StdDev        25%        50%        75%        Min        Max 
                                ------------------------------------------------------------------------------

  victim                              2.338      3.813      0.000      1.071      3.848     -8.370     20.001 
  internalize                        14.640     10.442      7.572     12.953     20.524    -12.737     60.035 
  discrim                            13.578      3.842     11.000     13.000     15.021      4.494     31.001 
  female                              0.529      0.500      0.000      1.000      1.000      0.000      1.000 
  age                                15.629      1.068     15.000     16.000     17.000     14.000     17.000 

                                ------------------------------------------------------------------------------



CORRELATIONS AMONG RESIDUALS:

  Summaries based on 10000 iterations using 4 chains.
  NOTE: Estimate column based on posterior median.


Correlations                       Estimate     StdDev       2.5%      97.5%      ChiSq     PValue      N_Eff 
                                ------------------------------------------------------------------------------

  victim, internalize                -0.000      0.056     -0.109      0.109      0.000      0.997   8914.048 
  victim, discrim                    -0.001      0.056     -0.110      0.109      0.000      0.995  10094.465 
  internalize, discrim               -0.001      0.056     -0.111      0.109      0.000      0.993   9683.896 

                                ------------------------------------------------------------------------------



OUTCOME MODEL ESTIMATES:

  Summaries based on 10000 iterations using 4 chains.
  NOTE: Estimate column based on posterior median.

  apath block:

Outcome Variable:  victim     

Parameters                         Estimate     StdDev       2.5%      97.5%      ChiSq     PValue      N_Eff 
                                ------------------------------------------------------------------------------
Variances:                      
  Residual Var.                      13.846      1.003     12.057     16.006        ---        ---   4428.850 

Coefficients:                   
  Intercept                           2.714      2.953     -2.958      8.583      0.875      0.350   3965.243 
  discrim                             0.223      0.052      0.122      0.326     18.806      0.000   3904.657 
  age                                -0.220      0.185     -0.588      0.134      1.461      0.227   3985.919 
  female                              0.077      0.381     -0.668      0.829      0.043      0.837   4122.494 

Standard Deviations:            
  Residual SD                         3.721      0.134      3.472      4.001        ---        ---   4431.151 

Standardized Coefficients:      
  discrim                             0.224      0.050      0.124      0.319     20.330      0.000   3911.825 
  age                                -0.062      0.051     -0.162      0.037      1.477      0.224   3993.890 
  female                              0.010      0.049     -0.087      0.107      0.043      0.836   4121.670 

Proportion Variance Explained   
  by Coefficients                     0.058      0.023      0.021      0.111        ---        ---   4016.275 
  by Residual Variation               0.942      0.023      0.889      0.979        ---        ---   4016.275 

                                ------------------------------------------------------------------------------


  bpath block:

Outcome Variable:  internalize

Parameters                         Estimate     StdDev       2.5%      97.5%      ChiSq     PValue      N_Eff 
                                ------------------------------------------------------------------------------
Variances:                      
  Residual Var.                      79.682      5.564     69.572     91.439        ---        ---   4936.811 

Coefficients:                   
  Intercept                          -5.311      6.351    -17.719      7.043      0.697      0.404   4957.116 
  victim                              0.703      0.133      0.438      0.962     27.856      0.000   3269.821 
  discrim                             0.873      0.123      0.630      1.113     50.580      0.000   4559.071 
  age                                 0.253      0.397     -0.513      1.027      0.402      0.526   4956.950 
  female                              4.800      0.858      3.086      6.428     31.217      0.000   5041.797 

Standard Deviations:            
  Residual SD                         8.926      0.311      8.341      9.562        ---        ---   4926.981 

Standardized Coefficients:      
  victim                              0.255      0.047      0.160      0.344     29.919      0.000   3270.538 
  discrim                             0.319      0.042      0.233      0.398     57.034      0.000   4485.256 
  age                                 0.026      0.040     -0.052      0.103      0.403      0.525   4951.802 
  female                              0.229      0.039      0.148      0.302     33.434      0.000   4951.142 

Proportion Variance Explained   
  by Coefficients                     0.277      0.037      0.205      0.350        ---        ---   3865.807 
  by Residual Variation               0.723      0.037      0.650      0.795        ---        ---   3865.807 

                                ------------------------------------------------------------------------------


  predictors block:

Outcome Variable:  discrim    

Parameters                         Estimate     StdDev       2.5%      97.5%      ChiSq     PValue      N_Eff 
                                ------------------------------------------------------------------------------
Variances:                      
  Residual Var.                      14.709      0.877     13.114     16.528        ---        ---   7857.300 

Coefficients:                   
  Intercept                          10.376      2.399      5.659     15.192     18.786      0.000   7740.151 
  age                                 0.183      0.153     -0.121      0.481      1.410      0.235   7747.110 
  female                              0.641      0.320      0.021      1.277      4.038      0.044   7850.570 

Standard Deviations:            
  Residual SD                         3.835      0.114      3.621      4.065        ---        ---   7857.512 

Standardized Coefficients:      
  age                                 0.051      0.042     -0.034      0.132      1.418      0.234   7761.857 
  female                              0.083      0.041      0.003      0.163      4.089      0.043   7876.226 

Proportion Variance Explained   
  by Coefficients                     0.012      0.009      0.001      0.034        ---        ---   7988.215 
  by Residual Variation               0.988      0.009      0.966      0.999        ---        ---   7988.215 

                                ------------------------------------------------------------------------------



GENERATED PARAMETERS:

  Summaries based on 10000 iterations using 4 chains.
  NOTE: Estimate column based on posterior median.


Parameters                         Estimate     StdDev       2.5%      97.5%      ChiSq     PValue      N_Eff 
                                ------------------------------------------------------------------------------

  indirect                            0.154      0.047      0.074      0.257     11.118      0.001   3771.543 
  sd_ratio                            0.368      0.016      0.337      0.400    521.312      0.000   6276.329 
  indirect_std                        0.057      0.017      0.028      0.094     11.335      0.001   3797.474 

                                ------------------------------------------------------------------------------


ITERATION HISTORY:

  Chain 1 burn-in started on Aug 15 17:48:30 2026
  Chain 2 burn-in started on Aug 15 17:48:30 2026
  Chain 4 burn-in started on Aug 15 17:48:30 2026
  Chain 3 burn-in started on Aug 15 17:48:30 2026
  Chain 1 burn-in iteration 2500 completed on Aug 15 17:48:30 2026
  Chain 3 burn-in iteration 2500 completed on Aug 15 17:48:30 2026
  Chain 4 burn-in iteration 2500 completed on Aug 15 17:48:30 2026
  Chain 2 burn-in iteration 2500 completed on Aug 15 17:48:30 2026
  Chain 3 burn-in iteration 5000 completed on Aug 15 17:48:30 2026
  Chain 1 burn-in iteration 5000 completed on Aug 15 17:48:30 2026
  Chain 4 burn-in iteration 5000 completed on Aug 15 17:48:30 2026
  Chain 2 burn-in iteration 5000 completed on Aug 15 17:48:30 2026
  Chain 1 burn-in iteration 7500 completed on Aug 15 17:48:30 2026
  Chain 3 burn-in iteration 7500 completed on Aug 15 17:48:30 2026
  Chain 4 burn-in iteration 7500 completed on Aug 15 17:48:30 2026
  Chain 2 burn-in iteration 7500 completed on Aug 15 17:48:30 2026
  Chain 1 burn-in iteration 10000 completed on Aug 15 17:48:31 2026
  Chain 1 completed burn-in on Aug 15 17:48:31 2026
  Chain 3 burn-in iteration 10000 completed on Aug 15 17:48:31 2026
  Chain 3 completed burn-in on Aug 15 17:48:31 2026
  Chain 2 burn-in iteration 10000 completed on Aug 15 17:48:31 2026
  Chain 2 completed burn-in on Aug 15 17:48:31 2026
  Chain 4 burn-in iteration 10000 completed on Aug 15 17:48:31 2026
  Chain 4 completed burn-in on Aug 15 17:48:31 2026
  Chain 1 saved imputation 1 on Aug 15 17:48:31 2026
  Chain 3 saved imputation 3 on Aug 15 17:48:31 2026
  Chain 4 saved imputation 4 on Aug 15 17:48:31 2026
  Chain 2 saved imputation 2 on Aug 15 17:48:31 2026
  Chain 1 completed iteration 625 on Aug 15 17:48:31 2026
  Chain 3 completed iteration 625 on Aug 15 17:48:31 2026
  Chain 4 completed iteration 625 on Aug 15 17:48:31 2026
  Chain 2 completed iteration 625 on Aug 15 17:48:31 2026
  Chain 1 saved imputation 5 on Aug 15 17:48:31 2026
  Chain 3 saved imputation 7 on Aug 15 17:48:31 2026
  Chain 4 saved imputation 8 on Aug 15 17:48:31 2026
  Chain 2 saved imputation 6 on Aug 15 17:48:31 2026
  Chain 1 completed iteration 1250 on Aug 15 17:48:31 2026
  Chain 3 completed iteration 1250 on Aug 15 17:48:31 2026
  Chain 4 completed iteration 1250 on Aug 15 17:48:31 2026
  Chain 2 completed iteration 1250 on Aug 15 17:48:31 2026
  Chain 1 saved imputation 9 on Aug 15 17:48:31 2026
  Chain 3 saved imputation 11 on Aug 15 17:48:31 2026
  Chain 4 saved imputation 12 on Aug 15 17:48:31 2026
  Chain 2 saved imputation 10 on Aug 15 17:48:31 2026
  Chain 1 completed iteration 1875 on Aug 15 17:48:31 2026
  Chain 3 completed iteration 1875 on Aug 15 17:48:31 2026
  Chain 4 completed iteration 1875 on Aug 15 17:48:31 2026
  Chain 2 completed iteration 1875 on Aug 15 17:48:31 2026
  Chain 1 saved imputation 13 on Aug 15 17:48:31 2026
  Chain 3 saved imputation 15 on Aug 15 17:48:31 2026
  Chain 4 saved imputation 16 on Aug 15 17:48:31 2026
  Chain 2 saved imputation 14 on Aug 15 17:48:31 2026
  Chain 1 completed iteration 2500 on Aug 15 17:48:31 2026
  Chain 1 saved imputation 17 on Aug 15 17:48:31 2026
  Chain 1 finished on Aug 15 17:48:31 2026
  Chain 3 completed iteration 2500 on Aug 15 17:48:31 2026
  Chain 3 saved imputation 19 on Aug 15 17:48:31 2026
  Chain 3 finished on Aug 15 17:48:31 2026
  Chain 2 completed iteration 2500 on Aug 15 17:48:31 2026
  Chain 2 saved imputation 18 on Aug 15 17:48:31 2026
  Chain 2 finished on Aug 15 17:48:31 2026
  Chain 4 completed iteration 2500 on Aug 15 17:48:31 2026
  Chain 4 saved imputation 20 on Aug 15 17:48:31 2026
  Chain 4 finished on Aug 15 17:48:31 2026


---------------------------------------------------------------------------

                                   Blimp
                                 4.1.0.b11

             Blimp was developed with funding from Institute of
           Education Sciences awards R305D150056 and R305D190002.

            Craig K. Enders, P.I. Email: cenders@psych.ucla.edu
           Brian T. Keller, Co-P.I. Email: btkeller@missouri.edu
                 Han Du, Co-P.I. Email: hdu@psych.ucla.edu
                 Roy Levy, Co-P.I. Email: roy.levy@asu.edu

              Programming and Blimp Studio by Brian T. Keller

                   There is no expressed license given.

---------------------------------------------------------------------------


ALGORITHMIC OPTIONS SPECIFIED:

  Imputation method:                 Fully Bayesian model-based
  MCMC algorithm:                    Full conditional Metropolis sampler with
                                       Auto-Derived Conditional Distributions
  Default Priors:
    Multilevel covariance matrices:  Not applicable, single-level imputation
    Outcome covariance matrices:     Zero matrix, df = -(p + 1) (PRIOR2)
    Predictor model variances:       Unit sum of squares, df = 2 (XPRIOR1)
  Chain Starting Values:             Random starting values


  NOTE: The default prior for regression coefficients 
        in categorical models is 'normal( 0.0, 5.0)'

  NOTE: For complete list of priors include 'pinfo' in the options.


BURN-IN POTENTIAL SCALE REDUCTION (PSR) OUTPUT:

  NOTE: Rank-normalized Rhat (Vehtari et al., 2021) is being used.
        This applies rank normalization and chain folding for robust
        convergence detection across all chains.

  Comparing iterations across 4 chains     Highest Rhat   Parameter #  
                          251 to 500             1.028             5  
                          501 to 1000            1.005             1  
                          751 to 1500            1.005             1  
                         1001 to 2000            1.003            14  
                         1251 to 2500            1.004             5  
                         1501 to 3000            1.003             3  
                         1751 to 3500            1.002             5  
                         2001 to 4000            1.003             9  
                         2251 to 4500            1.003             9  
                         2501 to 5000            1.001             5  
                         2751 to 5500            1.002             9  
                         3001 to 6000            1.002             9  
                         3251 to 6500            1.001             5  
                         3501 to 7000            1.001             1  
                         3751 to 7500            1.002             1  
                         4001 to 8000            1.001             1  
                         4251 to 8500            1.001             1  
                         4501 to 9000            1.001            34  
                         4751 to 9500            1.001            34  
                         5001 to 10000           1.001            14  


DATA INFORMATION:

  Sample Size:              639
  Missing Data Info:

                      Pattern #:       1     2     3     4     5     6     7     8
                          miss % --------------------------------------------------
                  discrim = 12.1       -     -     -     -     M     M     M     M  
                   victim = 41.0       -     M     -     M     -     M     M     -  
              internalize = 27.1       -     -     M     M     -     -     M     M  
                   female =  0.0       -     -     -     -     -     -     -     -  
                      age =  0.0       -     -     -     -     -     -     -     -  
                                 --------------------------------------------------
                                 %  37.7  26.8  14.1   9.4   5.5   3.0   1.9   1.7


MODEL INFORMATION:

  NUMBER OF PARAMETERS
    Outcome Models:         15
    Generated Parameters:   3
    Predictor Models:       0

  PREDICTORS
    Fixed variables:        female age

  MODELS

   apath:
    [1]  victim ~ Intercept discrim@a1 age female

   bpath:
    [2]  internalize ~ Intercept victim@b1 discrim age female

   predictors:
    [3]  discrim ~ Intercept age female

  GENERATED PARAMETERS
    [1]  indirect = a1*b1
    [2]  sd_ratio = sqrt(discrim.totalvar/internalize.totalvar)
    [3]  indirect_std = indirect*sd_ratio


 WARNING MESSAGES:

  No warning messages.


MODEL FIT:


  INFORMATION CRITERIA

    Conditional Likelihood
      DIC2                  11809.169
      WAIC                  12009.827


IMPUTED DATA SUMMARIES:

  NOTE: Imputed data summaries are averaged across 10000 data sets.


Variables                              Mean     StdDev        25%        50%        75%        Min        Max 
                                ------------------------------------------------------------------------------

  victim                              2.338      3.813      0.000      1.071      3.848     -8.370     20.001 
  internalize                        14.640     10.442      7.572     12.953     20.524    -12.737     60.035 
  discrim                            13.578      3.842     11.000     13.000     15.021      4.494     31.001 
  female                              0.529      0.500      0.000      1.000      1.000      0.000      1.000 
  age                                15.629      1.068     15.000     16.000     17.000     14.000     17.000 

                                ------------------------------------------------------------------------------



CORRELATIONS AMONG RESIDUALS:

  Summaries based on 10000 iterations using 4 chains.
  NOTE: Estimate column based on posterior median.


Correlations                       Estimate     StdDev       2.5%      97.5%      ChiSq     PValue      N_Eff 
                                ------------------------------------------------------------------------------

  victim, internalize                -0.000      0.056     -0.109      0.109      0.000      0.997   8914.048 
  victim, discrim                    -0.001      0.056     -0.110      0.109      0.000      0.995  10094.465 
  internalize, discrim               -0.001      0.056     -0.111      0.109      0.000      0.993   9683.896 

                                ------------------------------------------------------------------------------



OUTCOME MODEL ESTIMATES:

  Summaries based on 10000 iterations using 4 chains.
  NOTE: Estimate column based on posterior median.

  apath block:

Outcome Variable:  victim     

Parameters                         Estimate     StdDev       2.5%      97.5%      ChiSq     PValue      N_Eff 
                                ------------------------------------------------------------------------------
Variances:                      
  Residual Var.                      13.846      1.003     12.057     16.006        ---        ---   4428.850 

Coefficients:                   
  Intercept                           2.714      2.953     -2.958      8.583      0.875      0.350   3965.243 
  discrim                             0.223      0.052      0.122      0.326     18.806      0.000   3904.657 
  age                                -0.220      0.185     -0.588      0.134      1.461      0.227   3985.919 
  female                              0.077      0.381     -0.668      0.829      0.043      0.837   4122.494 

Standard Deviations:            
  Residual SD                         3.721      0.134      3.472      4.001        ---        ---   4431.151 

Standardized Coefficients:      
  discrim                             0.224      0.050      0.124      0.319     20.330      0.000   3911.825 
  age                                -0.062      0.051     -0.162      0.037      1.477      0.224   3993.890 
  female                              0.010      0.049     -0.087      0.107      0.043      0.836   4121.670 

Proportion Variance Explained   
  by Coefficients                     0.058      0.023      0.021      0.111        ---        ---   4016.275 
  by Residual Variation               0.942      0.023      0.889      0.979        ---        ---   4016.275 

                                ------------------------------------------------------------------------------


  bpath block:

Outcome Variable:  internalize

Parameters                         Estimate     StdDev       2.5%      97.5%      ChiSq     PValue      N_Eff 
                                ------------------------------------------------------------------------------
Variances:                      
  Residual Var.                      79.682      5.564     69.572     91.439        ---        ---   4936.811 

Coefficients:                   
  Intercept                          -5.311      6.351    -17.719      7.043      0.697      0.404   4957.116 
  victim                              0.703      0.133      0.438      0.962     27.856      0.000   3269.821 
  discrim                             0.873      0.123      0.630      1.113     50.580      0.000   4559.071 
  age                                 0.253      0.397     -0.513      1.027      0.402      0.526   4956.950 
  female                              4.800      0.858      3.086      6.428     31.217      0.000   5041.797 

Standard Deviations:            
  Residual SD                         8.926      0.311      8.341      9.562        ---        ---   4926.981 

Standardized Coefficients:      
  victim                              0.255      0.047      0.160      0.344     29.919      0.000   3270.538 
  discrim                             0.319      0.042      0.233      0.398     57.034      0.000   4485.256 
  age                                 0.026      0.040     -0.052      0.103      0.403      0.525   4951.802 
  female                              0.229      0.039      0.148      0.302     33.434      0.000   4951.142 

Proportion Variance Explained   
  by Coefficients                     0.277      0.037      0.205      0.350        ---        ---   3865.807 
  by Residual Variation               0.723      0.037      0.650      0.795        ---        ---   3865.807 

                                ------------------------------------------------------------------------------


  predictors block:

Outcome Variable:  discrim    

Parameters                         Estimate     StdDev       2.5%      97.5%      ChiSq     PValue      N_Eff 
                                ------------------------------------------------------------------------------
Variances:                      
  Residual Var.                      14.709      0.877     13.114     16.528        ---        ---   7857.300 

Coefficients:                   
  Intercept                          10.376      2.399      5.659     15.192     18.786      0.000   7740.151 
  age                                 0.183      0.153     -0.121      0.481      1.410      0.235   7747.110 
  female                              0.641      0.320      0.021      1.277      4.038      0.044   7850.570 

Standard Deviations:            
  Residual SD                         3.835      0.114      3.621      4.065        ---        ---   7857.512 

Standardized Coefficients:      
  age                                 0.051      0.042     -0.034      0.132      1.418      0.234   7761.857 
  female                              0.083      0.041      0.003      0.163      4.089      0.043   7876.226 

Proportion Variance Explained   
  by Coefficients                     0.012      0.009      0.001      0.034        ---        ---   7988.215 
  by Residual Variation               0.988      0.009      0.966      0.999        ---        ---   7988.215 

                                ------------------------------------------------------------------------------



GENERATED PARAMETERS:

  Summaries based on 10000 iterations using 4 chains.
  NOTE: Estimate column based on posterior median.


Parameters                         Estimate     StdDev       2.5%      97.5%      ChiSq     PValue      N_Eff 
                                ------------------------------------------------------------------------------

  indirect                            0.154      0.047      0.074      0.257     11.118      0.001   3771.543 
  sd_ratio                            0.368      0.016      0.337      0.400    521.312      0.000   6276.329 
  indirect_std                        0.057      0.017      0.028      0.094     11.335      0.001   3797.474 

                                ------------------------------------------------------------------------------

Warning messages:
1: Predictor 'age' is modeled as continuous but has only 4 distinct value(s). If it is categorical, declare it as ORDINAL or NOMINAL in the model and re-fit. (The plot displays category means.) 
2: Predictor 'age' is modeled as continuous but has only 4 distinct value(s). If it is categorical, declare it as ORDINAL or NOMINAL in the model and re-fit. (The plot displays category means.) 
3: Predictor 'age' is modeled as continuous but has only 4 distinct value(s). If it is categorical, declare it as ORDINAL or NOMINAL in the model and re-fit. (The plot displays category means.) 
pdf 
  2 
Warning messages:
1: Predictor 'age' is modeled as continuous but has only 4 distinct value(s). If it is categorical, declare it as ORDINAL or NOMINAL in the model and re-fit. (The plot displays category means.) 
2: Predictor 'age' is modeled as continuous but has only 4 distinct value(s). If it is categorical, declare it as ORDINAL or NOMINAL in the model and re-fit. (The plot displays category means.) 
3: Predictor 'age' is modeled as continuous but has only 4 distinct value(s). If it is categorical, declare it as ORDINAL or NOMINAL in the model and re-fit. (The plot displays category means.) 
pdf 
  2 
Wrote:
  /Users/craig/Dropbox/Research/Applied Data Modeling in Blimp/Figures/Figure 5.2.pdf
  /Users/craig/Dropbox/Research/Applied Data Modeling in Blimp/Figures/Figure 5.2.png
