! Setting executable does not persist on exit.
→ Checking for Blimp Update...

ITERATION HISTORY:

  Chain 1 burn-in started on Aug 15 17:49:43 2026
  Chain 2 burn-in started on Aug 15 17:49:43 2026
  Chain 3 burn-in started on Aug 15 17:49:43 2026
  Chain 4 burn-in started on Aug 15 17:49:43 2026
  Chain 2 burn-in iteration 2500 completed on Aug 15 17:49:43 2026
  Chain 1 burn-in iteration 2500 completed on Aug 15 17:49:43 2026
  Chain 4 burn-in iteration 2500 completed on Aug 15 17:49:43 2026
  Chain 3 burn-in iteration 2500 completed on Aug 15 17:49:43 2026
  Chain 2 burn-in iteration 5000 completed on Aug 15 17:49:43 2026
  Chain 4 burn-in iteration 5000 completed on Aug 15 17:49:43 2026
  Chain 1 burn-in iteration 5000 completed on Aug 15 17:49:43 2026
  Chain 3 burn-in iteration 5000 completed on Aug 15 17:49:43 2026
  Chain 2 burn-in iteration 7500 completed on Aug 15 17:49:44 2026
  Chain 4 burn-in iteration 7500 completed on Aug 15 17:49:44 2026
  Chain 1 burn-in iteration 7500 completed on Aug 15 17:49:44 2026
  Chain 3 burn-in iteration 7500 completed on Aug 15 17:49:44 2026
  Chain 1 burn-in iteration 10000 completed on Aug 15 17:49:44 2026
  Chain 1 completed burn-in on Aug 15 17:49:44 2026
  Chain 2 burn-in iteration 10000 completed on Aug 15 17:49:44 2026
  Chain 2 completed burn-in on Aug 15 17:49:44 2026
  Chain 4 burn-in iteration 10000 completed on Aug 15 17:49:44 2026
  Chain 4 completed burn-in on Aug 15 17:49:44 2026
  Chain 3 burn-in iteration 10000 completed on Aug 15 17:49:44 2026
  Chain 3 completed burn-in on Aug 15 17:49:44 2026
  Chain 1 completed iteration 625 on Aug 15 17:49:44 2026
  Chain 4 completed iteration 625 on Aug 15 17:49:44 2026
  Chain 2 completed iteration 625 on Aug 15 17:49:44 2026
  Chain 3 completed iteration 625 on Aug 15 17:49:44 2026
  Chain 1 completed iteration 1250 on Aug 15 17:49:45 2026
  Chain 4 completed iteration 1250 on Aug 15 17:49:45 2026
  Chain 2 completed iteration 1250 on Aug 15 17:49:45 2026
  Chain 3 completed iteration 1250 on Aug 15 17:49:45 2026
  Chain 1 completed iteration 1875 on Aug 15 17:49:45 2026
  Chain 2 completed iteration 1875 on Aug 15 17:49:45 2026
  Chain 4 completed iteration 1875 on Aug 15 17:49:45 2026
  Chain 3 completed iteration 1875 on Aug 15 17:49:45 2026
  Chain 1 completed iteration 2500 on Aug 15 17:49:45 2026
  Chain 1 finished on Aug 15 17:49:45 2026
  Chain 2 completed iteration 2500 on Aug 15 17:49:45 2026
  Chain 2 finished on Aug 15 17:49:45 2026
  Chain 4 completed iteration 2500 on Aug 15 17:49:45 2026
  Chain 4 finished on Aug 15 17:49:45 2026
  Chain 3 completed iteration 2500 on Aug 15 17:49:45 2026
  Chain 3 finished on Aug 15 17:49:45 2026


---------------------------------------------------------------------------

                                   Blimp
                                 4.1.0.b11

             Blimp was developed with funding from Institute of
           Education Sciences awards R305D150056 and R305D190002.

            Craig K. Enders, P.I. Email: cenders@psych.ucla.edu
           Brian T. Keller, Co-P.I. Email: btkeller@missouri.edu
                 Han Du, Co-P.I. Email: hdu@psych.ucla.edu
                 Roy Levy, Co-P.I. Email: roy.levy@asu.edu

              Programming and Blimp Studio by Brian T. Keller

                   There is no expressed license given.

---------------------------------------------------------------------------


ALGORITHMIC OPTIONS SPECIFIED:

  Imputation method:                 Fully Bayesian model-based
  MCMC algorithm:                    Full conditional Metropolis sampler with
                                       Auto-Derived Conditional Distributions
  Default Priors:
    Multilevel covariance matrices:  Not applicable, single-level imputation
    Outcome covariance matrices:     Zero matrix, df = -(p + 1) (PRIOR2)
    Predictor model variances:       Unit sum of squares, df = 2 (XPRIOR1)
  Chain Starting Values:             Random starting values


  NOTE: The default prior for regression coefficients 
        in categorical models is 'normal( 0.0, 5.0)'

  NOTE: For complete list of priors include 'pinfo' in the options.


BURN-IN POTENTIAL SCALE REDUCTION (PSR) OUTPUT:

  NOTE: Rank-normalized Rhat (Vehtari et al., 2021) is being used.
        This applies rank normalization and chain folding for robust
        convergence detection across all chains.

  Comparing iterations across 4 chains     Highest Rhat   Parameter #  
                          251 to 500             1.021            33  
                          501 to 1000            1.012            25  
                          751 to 1500            1.004            19  
                         1001 to 2000            1.006            31  
                         1251 to 2500            1.007            20  
                         1501 to 3000            1.005             9  
                         1751 to 3500            1.003            20  
                         2001 to 4000            1.001            33  
                         2251 to 4500            1.002            10  
                         2501 to 5000            1.002            38  
                         2751 to 5500            1.001            33  
                         3001 to 6000            1.002            14  
                         3251 to 6500            1.002            18  
                         3501 to 7000            1.003            18  
                         3751 to 7500            1.002            22  
                         4001 to 8000            1.002             3  
                         4251 to 8500            1.002             9  
                         4501 to 9000            1.001            18  
                         4751 to 9500            1.002            18  
                         5001 to 10000           1.001            18  


METROPOLIS-HASTINGS ACCEPTANCE RATES:

  Chain 1:

    Variable                            Type    Probability   Target Value 
    discrim                       imputation          0.498          0.500 

  NOTE: Suppressing printing of 3 chains.
        Use keyword 'tuneinfo' in options to override.


DATA INFORMATION:

  Sample Size:              639
  Missing Data Info:

                      Pattern #:       1     2     3     4     5     6     7     8
                          miss % --------------------------------------------------
                   victim = 41.0       -     M     -     M     -     M     M     -  
              internalize = 27.1       -     -     M     M     -     -     M     M  
                   female =  0.0       -     -     -     -     -     -     -     -  
                  discrim = 12.1       -     -     -     -     M     M     M     M  
                    age16 =  0.0       -     -     -     -     -     -     -     -  
                                 --------------------------------------------------
                                 %  37.7  26.8  14.1   9.4   5.5   3.0   1.9   1.7


MODEL INFORMATION:

  NUMBER OF PARAMETERS
    Outcome Models:         12
    Generated Parameters:   5
    Predictor Models:       11

  PREDICTORS
    Complete continuous:    age16
    Complete ordinal:       female
    Incomplete continuous:  discrim

  MODELS
    [1]  internalize ~ Intercept victim@b1 discrim age16 female victim*age16@b4
    [2]  victim ~ Intercept discrim@a1 age16 female

  GENERATED PARAMETERS
    [1]  index_mod = a1*b4
    [2]  indirect14 = a1*(b1-2*b4)
    [3]  indirect15 = a1*(b1-1*b4)
    [4]  indirect16 = a1*(b1+0*b4)
    [5]  indirect17 = a1*(b1+1*b4)


 WARNING MESSAGES:

  WARNING: The focal predictor "victim" is not centered.
           Simple intercepts in the conditional effects table are
           evaluated at a score of zero on the focal predictor.
  


MODEL FIT:


  INFORMATION CRITERIA

    Conditional Likelihood
      DIC2                  8251.952
      WAIC                  8423.995


IMPUTED DATA SUMMARIES:

  NOTE: Imputed data summaries are averaged across 10000 data sets.


Variables                              Mean     StdDev        25%        50%        75%        Min        Max 
                                ------------------------------------------------------------------------------

  internalize                        14.638     10.452      7.574     12.949     20.508    -12.671     60.188 
  victim                              2.341      3.803      0.000      1.078      3.842     -8.306     20.001 
  female                              0.529      0.500      0.000      1.000      1.000      0.000      1.000 
  discrim                            13.580      3.842     11.000     13.000     15.021      4.592     31.001 
  age16                              -0.371      1.068     -1.000      0.000      1.000     -2.000      1.000 

                                ------------------------------------------------------------------------------



CORRELATIONS AMONG RESIDUALS:

  Summaries based on 10000 iterations using 4 chains.
  NOTE: Estimate column based on posterior median.


Correlations                       Estimate     StdDev       2.5%      97.5%      ChiSq     PValue      N_Eff 
                                ------------------------------------------------------------------------------

  internalize, victim                 0.000      0.056     -0.108      0.109      0.000      0.998   9548.494 

                                ------------------------------------------------------------------------------



OUTCOME MODEL ESTIMATES:

  Summaries based on 10000 iterations using 4 chains.
  NOTE: Estimate column based on posterior median.


Outcome Variable:  internalize

Parameters                         Estimate     StdDev       2.5%      97.5%      ChiSq     PValue      N_Eff 
                                ------------------------------------------------------------------------------
Variances:                      
  Residual Var.                      79.220      5.539     69.585     91.191        ---        ---   3973.352 

Coefficients:                   
  Intercept                          -1.026      1.688     -4.300      2.321      0.360      0.549   4135.830 
  victim                              0.611      0.148      0.316      0.898     17.076      0.000   3298.076 
  discrim                             0.867      0.121      0.627      1.102     51.014      0.000   3985.218 
  age16                               0.668      0.474     -0.252      1.605      2.019      0.155   4935.298 
  female                              4.769      0.853      3.087      6.426     31.197      0.000   5042.210 
  victim*age16                       -0.198      0.118     -0.429      0.031      2.874      0.090   3496.482 

Standard Deviations:            
  Residual SD                         8.901      0.310      8.342      9.549        ---        ---   3976.108 

Standardized Coefficients:      
  victim                              0.221      0.052      0.115      0.320     17.691      0.000   3304.559 
  discrim                             0.316      0.042      0.232      0.395     57.486      0.000   3883.319 
  age16                               0.068      0.048     -0.026      0.162      2.031      0.154   4912.840 
  female                              0.226      0.039      0.148      0.300     33.528      0.000   5092.994 
  victim*age16                       -0.098      0.058     -0.209      0.015      2.908      0.088   3504.743 

Proportion Variance Explained   
  by Coefficients                     0.283      0.036      0.212      0.355        ---        ---   3635.946 
  by Residual Variation               0.717      0.036      0.645      0.788        ---        ---   3635.946 

                                ------------------------------------------------------------------------------



Conditional Effects                Estimate     StdDev       2.5%      97.5%      ChiSq     PValue      N_Eff 
                                ------------------------------------------------------------------------------
  victim | age16 @ Q75                                                                                        
    Intercept                        -0.356      1.830     -3.922      3.287      0.034      0.853   4277.193 
    Slope                             0.412      0.223     -0.030      0.840      3.371      0.066   3319.057 
                                                                                                              
  victim | age16 @ Q50                                                                                        
    Intercept                        -1.026      1.688     -4.300      2.321      0.360      0.549   4135.830 
    Slope                             0.611      0.148      0.316      0.898     17.076      0.000   3298.076 
                                                                                                              
  victim | age16 @ Q25                                                                                        
    Intercept                        -1.695      1.673     -4.963      1.602      1.016      0.314   4096.560 
    Slope                             0.810      0.147      0.517      1.095     30.508      0.000   3497.255 
                                                                                                              
                                ------------------------------------------------------------------------------

                                NOTE: Intercepts are computed by setting all predictors
                                      not involved in the conditional effect to zero.



Outcome Variable:  victim     

Parameters                         Estimate     StdDev       2.5%      97.5%      ChiSq     PValue      N_Eff 
                                ------------------------------------------------------------------------------
Variances:                      
  Residual Var.                      13.784      1.016     11.962     15.931        ---        ---   4129.718 

Coefficients:                   
  Intercept                          -0.772      0.727     -2.226      0.625      1.135      0.287   3539.874 
  discrim                             0.222      0.051      0.121      0.322     19.150      0.000   3352.401 
  age16                              -0.190      0.185     -0.558      0.167      1.076      0.300   4026.887 
  female                              0.065      0.384     -0.689      0.810      0.031      0.860   3932.164 

Standard Deviations:            
  Residual SD                         3.713      0.136      3.459      3.991        ---        ---   4135.236 

Standardized Coefficients:      
  discrim                             0.222      0.049      0.124      0.318     20.583      0.000   3285.446 
  age16                              -0.053      0.051     -0.154      0.047      1.085      0.298   4024.329 
  female                              0.008      0.050     -0.089      0.106      0.031      0.860   3942.775 

Proportion Variance Explained   
  by Coefficients                     0.057      0.023      0.021      0.108        ---        ---   3592.389 
  by Residual Variation               0.943      0.023      0.892      0.979        ---        ---   3592.389 

                                ------------------------------------------------------------------------------



GENERATED PARAMETERS:

  Summaries based on 10000 iterations using 4 chains.
  NOTE: Estimate column based on posterior median.


Parameters                         Estimate     StdDev       2.5%      97.5%      ChiSq     PValue      N_Eff 
                                ------------------------------------------------------------------------------

  index_mod                          -0.042      0.028     -0.105      0.007      2.434      0.119   3715.662 
  indirect14                          0.219      0.070      0.099      0.374     10.210      0.001   4054.036 
  indirect15                          0.176      0.052      0.087      0.291     12.049      0.001   3976.748 
  indirect16                          0.131      0.045      0.056      0.233      8.925      0.003   3582.755 
  indirect17                          0.087      0.055     -0.006      0.209      2.739      0.098   3403.667 

                                ------------------------------------------------------------------------------


PREDICTOR MODEL ESTIMATES:

  Summaries based on 10000 iterations using 4 chains.
  NOTE: Estimate column based on posterior median.



Complete predictor: female     

Parameters                         Estimate     StdDev       2.5%      97.5%      ChiSq     PValue      N_Eff 
                                ------------------------------------------------------------------------------

Grand Mean                            0.071      0.050     -0.026      0.172      2.075      0.150   4483.819 

Level 1:                                                                                                      
  discrim                             0.027      0.014      0.000      0.054      3.837      0.050   3531.401 
  age16                               0.017      0.047     -0.074      0.110      0.136      0.712   4930.074 
  Residual Var.                       1.000      0.000      1.000      1.000        ---        ---        --- 
Thresholds:                                                                                                   
  Tau 1                               0.000      0.000      0.000      0.000        ---        ---        --- 
                                                                                                              
                                ------------------------------------------------------------------------------



Missing predictor:  discrim    

Parameters                         Estimate     StdDev       2.5%      97.5%      ChiSq     PValue      N_Eff 
                                ------------------------------------------------------------------------------

Grand Mean                           13.580      0.159     13.270     13.894   7281.162      0.000   6435.217 

Level 1:                                                                                                      
  female                              0.396      0.197      0.008      0.780      4.010      0.045   4471.840 
  age16                               0.184      0.151     -0.112      0.482      1.473      0.225   4914.429 
  Residual Var.                      14.555      0.880     12.959     16.395        ---        ---   5861.232 
                                                                                                              
                                ------------------------------------------------------------------------------



Complete predictor: age16      

Parameters                         Estimate     StdDev       2.5%      97.5%      ChiSq     PValue      N_Eff 
                                ------------------------------------------------------------------------------

Grand Mean                           -0.371      0.042     -0.453     -0.286     76.696      0.000   9725.719 

Level 1:                                                                                                      
  female                              0.019      0.053     -0.083      0.124      0.136      0.713   7356.620 
  discrim                             0.014      0.012     -0.009      0.037      1.427      0.232   5654.472 
  Residual Var.                       1.138      0.064      1.023      1.273        ---        ---   9889.274 
                                                                                                              
                                ------------------------------------------------------------------------------



ITERATION HISTORY:

  Chain 4 burn-in started on Aug 15 17:49:52 2026
  Chain 3 burn-in started on Aug 15 17:49:52 2026
  Chain 2 burn-in started on Aug 15 17:49:52 2026
  Chain 1 burn-in started on Aug 15 17:49:52 2026
  Chain 1 burn-in iteration 2500 completed on Aug 15 17:49:52 2026
  Chain 4 burn-in iteration 2500 completed on Aug 15 17:49:52 2026
  Chain 3 burn-in iteration 2500 completed on Aug 15 17:49:52 2026
  Chain 2 burn-in iteration 2500 completed on Aug 15 17:49:52 2026
  Chain 1 burn-in iteration 5000 completed on Aug 15 17:49:52 2026
  Chain 4 burn-in iteration 5000 completed on Aug 15 17:49:52 2026
  Chain 3 burn-in iteration 5000 completed on Aug 15 17:49:52 2026
  Chain 2 burn-in iteration 5000 completed on Aug 15 17:49:52 2026
  Chain 1 burn-in iteration 7500 completed on Aug 15 17:49:53 2026
  Chain 4 burn-in iteration 7500 completed on Aug 15 17:49:53 2026
  Chain 2 burn-in iteration 7500 completed on Aug 15 17:49:53 2026
  Chain 3 burn-in iteration 7500 completed on Aug 15 17:49:53 2026
  Chain 4 burn-in iteration 10000 completed on Aug 15 17:49:53 2026
  Chain 4 completed burn-in on Aug 15 17:49:53 2026
  Chain 1 burn-in iteration 10000 completed on Aug 15 17:49:53 2026
  Chain 1 completed burn-in on Aug 15 17:49:53 2026
  Chain 3 burn-in iteration 10000 completed on Aug 15 17:49:53 2026
  Chain 3 completed burn-in on Aug 15 17:49:53 2026
  Chain 2 burn-in iteration 10000 completed on Aug 15 17:49:53 2026
  Chain 2 completed burn-in on Aug 15 17:49:53 2026
  Chain 4 completed iteration 625 on Aug 15 17:49:53 2026
  Chain 1 completed iteration 625 on Aug 15 17:49:53 2026
  Chain 2 completed iteration 625 on Aug 15 17:49:53 2026
  Chain 3 completed iteration 625 on Aug 15 17:49:53 2026
  Chain 4 completed iteration 1250 on Aug 15 17:49:53 2026
  Chain 1 completed iteration 1250 on Aug 15 17:49:53 2026
  Chain 3 completed iteration 1250 on Aug 15 17:49:53 2026
  Chain 2 completed iteration 1250 on Aug 15 17:49:53 2026
  Chain 4 completed iteration 1875 on Aug 15 17:49:54 2026
  Chain 1 completed iteration 1875 on Aug 15 17:49:54 2026
  Chain 3 completed iteration 1875 on Aug 15 17:49:54 2026
  Chain 2 completed iteration 1875 on Aug 15 17:49:54 2026
  Chain 4 completed iteration 2500 on Aug 15 17:49:54 2026
  Chain 4 finished on Aug 15 17:49:54 2026
  Chain 1 completed iteration 2500 on Aug 15 17:49:54 2026
  Chain 1 finished on Aug 15 17:49:54 2026
  Chain 3 completed iteration 2500 on Aug 15 17:49:54 2026
  Chain 3 finished on Aug 15 17:49:54 2026
  Chain 2 completed iteration 2500 on Aug 15 17:49:54 2026
  Chain 2 finished on Aug 15 17:49:54 2026


---------------------------------------------------------------------------

                                   Blimp
                                 4.1.0.b11

             Blimp was developed with funding from Institute of
           Education Sciences awards R305D150056 and R305D190002.

            Craig K. Enders, P.I. Email: cenders@psych.ucla.edu
           Brian T. Keller, Co-P.I. Email: btkeller@missouri.edu
                 Han Du, Co-P.I. Email: hdu@psych.ucla.edu
                 Roy Levy, Co-P.I. Email: roy.levy@asu.edu

              Programming and Blimp Studio by Brian T. Keller

                   There is no expressed license given.

---------------------------------------------------------------------------


ALGORITHMIC OPTIONS SPECIFIED:

  Imputation method:                 Fully Bayesian model-based
  MCMC algorithm:                    Full conditional Metropolis sampler with
                                       Auto-Derived Conditional Distributions
  Default Priors:
    Multilevel covariance matrices:  Not applicable, single-level imputation
    Outcome covariance matrices:     Zero matrix, df = -(p + 1) (PRIOR2)
    Predictor model variances:       Unit sum of squares, df = 2 (XPRIOR1)
  Chain Starting Values:             Random starting values


  NOTE: The default prior for regression coefficients 
        in categorical models is 'normal( 0.0, 5.0)'

  NOTE: For complete list of priors include 'pinfo' in the options.


BURN-IN POTENTIAL SCALE REDUCTION (PSR) OUTPUT:

  NOTE: Rank-normalized Rhat (Vehtari et al., 2021) is being used.
        This applies rank normalization and chain folding for robust
        convergence detection across all chains.

  Comparing iterations across 4 chains     Highest Rhat   Parameter #  
                          251 to 500             1.021            29  
                          501 to 1000            1.012            25  
                          751 to 1500            1.004            19  
                         1001 to 2000            1.005             9  
                         1251 to 2500            1.007            20  
                         1501 to 3000            1.005             9  
                         1751 to 3500            1.003            20  
                         2001 to 4000            1.001            29  
                         2251 to 4500            1.002            10  
                         2501 to 5000            1.002            34  
                         2751 to 5500            1.001            29  
                         3001 to 6000            1.002            14  
                         3251 to 6500            1.002            18  
                         3501 to 7000            1.003            18  
                         3751 to 7500            1.002            22  
                         4001 to 8000            1.002             3  
                         4251 to 8500            1.002             9  
                         4501 to 9000            1.001            18  
                         4751 to 9500            1.002            18  
                         5001 to 10000           1.001            18  


METROPOLIS-HASTINGS ACCEPTANCE RATES:

  Chain 1:

    Variable                            Type    Probability   Target Value 
    discrim                       imputation          0.498          0.500 

  NOTE: Suppressing printing of 3 chains.
        Use keyword 'tuneinfo' in options to override.


DATA INFORMATION:

  Sample Size:              639
  Missing Data Info:

                      Pattern #:       1     2     3     4     5     6     7     8
                          miss % --------------------------------------------------
                   victim = 41.0       -     M     -     M     -     M     M     -  
              internalize = 27.1       -     -     M     M     -     -     M     M  
                   female =  0.0       -     -     -     -     -     -     -     -  
                  discrim = 12.1       -     -     -     -     M     M     M     M  
                    age16 =  0.0       -     -     -     -     -     -     -     -  
                                 --------------------------------------------------
                                 %  37.7  26.8  14.1   9.4   5.5   3.0   1.9   1.7


MODEL INFORMATION:

  NUMBER OF PARAMETERS
    Outcome Models:         12
    Generated Parameters:   1
    Predictor Models:       11

  PREDICTORS
    Complete continuous:    age16
    Complete ordinal:       female
    Incomplete continuous:  discrim

  MODELS
    [1]  internalize ~ Intercept victim@b1 discrim age16 female victim*age16@b4
    [2]  victim ~ Intercept discrim@a1 age16 female

  GENERATED PARAMETERS
    [1]  index_mod = a1*b4


 WARNING MESSAGES:

  No warning messages.


MODEL FIT:


  INFORMATION CRITERIA

    Conditional Likelihood
      DIC2                  8251.952
      WAIC                  8423.995


IMPUTED DATA SUMMARIES:

  NOTE: Imputed data summaries are averaged across 10000 data sets.


Variables                              Mean     StdDev        25%        50%        75%        Min        Max 
                                ------------------------------------------------------------------------------

  internalize                        14.638     10.452      7.574     12.949     20.508    -12.671     60.188 
  victim                              2.341      3.803      0.000      1.078      3.842     -8.306     20.001 
  female                              0.529      0.500      0.000      1.000      1.000      0.000      1.000 
  discrim                            13.580      3.842     11.000     13.000     15.021      4.592     31.001 
  age16                              -0.371      1.068     -1.000      0.000      1.000     -2.000      1.000 

                                ------------------------------------------------------------------------------



CORRELATIONS AMONG RESIDUALS:

  Summaries based on 10000 iterations using 4 chains.
  NOTE: Estimate column based on posterior median.


Correlations                       Estimate     StdDev       2.5%      97.5%      ChiSq     PValue      N_Eff 
                                ------------------------------------------------------------------------------

  internalize, victim                 0.000      0.056     -0.108      0.109      0.000      0.998   9548.494 

                                ------------------------------------------------------------------------------



OUTCOME MODEL ESTIMATES:

  Summaries based on 10000 iterations using 4 chains.
  NOTE: Estimate column based on posterior median.


Outcome Variable:  internalize

Parameters                         Estimate     StdDev       2.5%      97.5%      ChiSq     PValue      N_Eff 
                                ------------------------------------------------------------------------------
Variances:                      
  Residual Var.                      79.220      5.539     69.585     91.191        ---        ---   3973.352 

Coefficients:                   
  Intercept                          -1.026      1.688     -4.300      2.321      0.360      0.549   4135.830 
  victim                              0.611      0.148      0.316      0.898     17.076      0.000   3298.076 
  discrim                             0.867      0.121      0.627      1.102     51.014      0.000   3985.218 
  age16                               0.668      0.474     -0.252      1.605      2.019      0.155   4935.298 
  female                              4.769      0.853      3.087      6.426     31.197      0.000   5042.210 
  victim*age16                       -0.198      0.118     -0.429      0.031      2.874      0.090   3496.482 

Standard Deviations:            
  Residual SD                         8.901      0.310      8.342      9.549        ---        ---   3976.108 

Standardized Coefficients:      
  victim                              0.221      0.052      0.115      0.320     17.691      0.000   3304.559 
  discrim                             0.316      0.042      0.232      0.395     57.486      0.000   3883.319 
  age16                               0.068      0.048     -0.026      0.162      2.031      0.154   4912.840 
  female                              0.226      0.039      0.148      0.300     33.528      0.000   5092.994 
  victim*age16                       -0.098      0.058     -0.209      0.015      2.908      0.088   3504.743 

Proportion Variance Explained   
  by Coefficients                     0.283      0.036      0.212      0.355        ---        ---   3635.946 
  by Residual Variation               0.717      0.036      0.645      0.788        ---        ---   3635.946 

                                ------------------------------------------------------------------------------



Outcome Variable:  victim     

Parameters                         Estimate     StdDev       2.5%      97.5%      ChiSq     PValue      N_Eff 
                                ------------------------------------------------------------------------------
Variances:                      
  Residual Var.                      13.784      1.016     11.962     15.931        ---        ---   4129.718 

Coefficients:                   
  Intercept                          -0.772      0.727     -2.226      0.625      1.135      0.287   3539.874 
  discrim                             0.222      0.051      0.121      0.322     19.150      0.000   3352.401 
  age16                              -0.190      0.185     -0.558      0.167      1.076      0.300   4026.887 
  female                              0.065      0.384     -0.689      0.810      0.031      0.860   3932.164 

Standard Deviations:            
  Residual SD                         3.713      0.136      3.459      3.991        ---        ---   4135.236 

Standardized Coefficients:      
  discrim                             0.222      0.049      0.124      0.318     20.583      0.000   3285.446 
  age16                              -0.053      0.051     -0.154      0.047      1.085      0.298   4024.329 
  female                              0.008      0.050     -0.089      0.106      0.031      0.860   3942.775 

Proportion Variance Explained   
  by Coefficients                     0.057      0.023      0.021      0.108        ---        ---   3592.389 
  by Residual Variation               0.943      0.023      0.892      0.979        ---        ---   3592.389 

                                ------------------------------------------------------------------------------



GENERATED PARAMETERS:

  Summaries based on 10000 iterations using 4 chains.
  NOTE: Estimate column based on posterior median.


Parameters                         Estimate     StdDev       2.5%      97.5%      ChiSq     PValue      N_Eff 
                                ------------------------------------------------------------------------------

  index_mod                          -0.042      0.028     -0.105      0.007      2.434      0.119   3715.662 

                                ------------------------------------------------------------------------------

Conditional Effects                Estimate     StdDev       2.5%      97.5%      ChiSq     PValue      N_Eff 
                                ------------------------------------------------------------------------------
  a1*(b1 + age16*b4)
    age16 @ Q75                       0.087      0.055     -0.006      0.209      2.739      0.098   3403.667 
    age16 @ Q50                       0.131      0.045      0.056      0.233      8.925      0.003   3582.755 
    age16 @ Q25                       0.176      0.052      0.087      0.291     12.049      0.001   3976.748 
                                                                                                              
                                ------------------------------------------------------------------------------


PREDICTOR MODEL ESTIMATES:

  Summaries based on 10000 iterations using 4 chains.
  NOTE: Estimate column based on posterior median.



Complete predictor: female     

Parameters                         Estimate     StdDev       2.5%      97.5%      ChiSq     PValue      N_Eff 
                                ------------------------------------------------------------------------------

Grand Mean                            0.071      0.050     -0.026      0.172      2.075      0.150   4483.819 

Level 1:                                                                                                      
  discrim                             0.027      0.014      0.000      0.054      3.837      0.050   3531.401 
  age16                               0.017      0.047     -0.074      0.110      0.136      0.712   4930.074 
  Residual Var.                       1.000      0.000      1.000      1.000        ---        ---        --- 
Thresholds:                                                                                                   
  Tau 1                               0.000      0.000      0.000      0.000        ---        ---        --- 
                                                                                                              
                                ------------------------------------------------------------------------------



Missing predictor:  discrim    

Parameters                         Estimate     StdDev       2.5%      97.5%      ChiSq     PValue      N_Eff 
                                ------------------------------------------------------------------------------

Grand Mean                           13.580      0.159     13.270     13.894   7281.162      0.000   6435.217 

Level 1:                                                                                                      
  female                              0.396      0.197      0.008      0.780      4.010      0.045   4471.840 
  age16                               0.184      0.151     -0.112      0.482      1.473      0.225   4914.429 
  Residual Var.                      14.555      0.880     12.959     16.395        ---        ---   5861.232 
                                                                                                              
                                ------------------------------------------------------------------------------



Complete predictor: age16      

Parameters                         Estimate     StdDev       2.5%      97.5%      ChiSq     PValue      N_Eff 
                                ------------------------------------------------------------------------------

Grand Mean                           -0.371      0.042     -0.453     -0.286     76.696      0.000   9725.719 

Level 1:                                                                                                      
  female                              0.019      0.053     -0.083      0.124      0.136      0.713   7356.620 
  discrim                             0.014      0.012     -0.009      0.037      1.427      0.232   5654.472 
  Residual Var.                       1.138      0.064      1.023      1.273        ---        ---   9889.274 
                                                                                                              
                                ------------------------------------------------------------------------------



ITERATION HISTORY:

  Chain 1 burn-in started on Aug 15 17:49:59 2026
  Chain 3 burn-in started on Aug 15 17:49:59 2026
  Chain 4 burn-in started on Aug 15 17:49:59 2026
  Chain 2 burn-in started on Aug 15 17:49:59 2026
  Chain 2 had an error on Aug 15 17:49:59 2026
  Chain 3 had an error on Aug 15 17:49:59 2026
  Chain 1 had an error on Aug 15 17:49:59 2026
  Chain 4 had an error on Aug 15 17:49:59 2026

ERROR: A matrix is numerically not positive definite.
       Either:
              (1) Try another seed.
              (2) Specify fewer random effects.
              (3) Specify fewer variables in model.
Error:
! Blimp had an error. Check output.
Backtrace:
    ▆
 1. └─rblimp::rblimp(...)
 2.   └─rblimp:::throw_error("Blimp had an error. Check output.")
 3.     └─cli::cli_abort(...)
 4.       └─rlang::abort(...)
Execution halted
