! Setting executable does not persist on exit.
→ Checking for Blimp Update...

ITERATION HISTORY:

  Chain 1 burn-in started on Aug 15 18:00:33 2026
  Chain 2 burn-in started on Aug 15 18:00:33 2026
  Chain 4 burn-in started on Aug 15 18:00:33 2026
  Chain 3 burn-in started on Aug 15 18:00:33 2026
  Chain 1 burn-in iteration 2500 completed on Aug 15 18:00:34 2026
  Chain 3 burn-in iteration 2500 completed on Aug 15 18:00:34 2026
  Chain 4 burn-in iteration 2500 completed on Aug 15 18:00:34 2026
  Chain 2 burn-in iteration 2500 completed on Aug 15 18:00:34 2026
  Chain 1 burn-in iteration 5000 completed on Aug 15 18:00:34 2026
  Chain 3 burn-in iteration 5000 completed on Aug 15 18:00:34 2026
  Chain 4 burn-in iteration 5000 completed on Aug 15 18:00:34 2026
  Chain 2 burn-in iteration 5000 completed on Aug 15 18:00:34 2026
  Chain 1 burn-in iteration 7500 completed on Aug 15 18:00:34 2026
  Chain 3 burn-in iteration 7500 completed on Aug 15 18:00:34 2026
  Chain 4 burn-in iteration 7500 completed on Aug 15 18:00:34 2026
  Chain 2 burn-in iteration 7500 completed on Aug 15 18:00:35 2026
  Chain 3 burn-in iteration 10000 completed on Aug 15 18:00:35 2026
  Chain 3 completed burn-in on Aug 15 18:00:35 2026
  Chain 1 burn-in iteration 10000 completed on Aug 15 18:00:35 2026
  Chain 1 completed burn-in on Aug 15 18:00:35 2026
  Chain 4 burn-in iteration 10000 completed on Aug 15 18:00:35 2026
  Chain 4 completed burn-in on Aug 15 18:00:35 2026
  Chain 2 burn-in iteration 10000 completed on Aug 15 18:00:35 2026
  Chain 2 completed burn-in on Aug 15 18:00:35 2026
  Chain 1 completed iteration 625 on Aug 15 18:00:35 2026
  Chain 3 completed iteration 625 on Aug 15 18:00:35 2026
  Chain 4 completed iteration 625 on Aug 15 18:00:35 2026
  Chain 2 completed iteration 625 on Aug 15 18:00:35 2026
  Chain 1 completed iteration 1250 on Aug 15 18:00:35 2026
  Chain 3 completed iteration 1250 on Aug 15 18:00:35 2026
  Chain 4 completed iteration 1250 on Aug 15 18:00:35 2026
  Chain 2 completed iteration 1250 on Aug 15 18:00:35 2026
  Chain 1 completed iteration 1875 on Aug 15 18:00:36 2026
  Chain 3 completed iteration 1875 on Aug 15 18:00:36 2026
  Chain 4 completed iteration 1875 on Aug 15 18:00:36 2026
  Chain 2 completed iteration 1875 on Aug 15 18:00:36 2026
  Chain 1 completed iteration 2500 on Aug 15 18:00:36 2026
  Chain 1 finished on Aug 15 18:00:36 2026
  Chain 3 completed iteration 2500 on Aug 15 18:00:36 2026
  Chain 3 finished on Aug 15 18:00:36 2026
  Chain 4 completed iteration 2500 on Aug 15 18:00:36 2026
  Chain 4 finished on Aug 15 18:00:36 2026
  Chain 2 completed iteration 2500 on Aug 15 18:00:36 2026
  Chain 2 finished on Aug 15 18:00:36 2026


---------------------------------------------------------------------------

                                   Blimp
                                 4.1.0.b11

             Blimp was developed with funding from Institute of
           Education Sciences awards R305D150056 and R305D190002.

            Craig K. Enders, P.I. Email: cenders@psych.ucla.edu
           Brian T. Keller, Co-P.I. Email: btkeller@missouri.edu
                 Han Du, Co-P.I. Email: hdu@psych.ucla.edu
                 Roy Levy, Co-P.I. Email: roy.levy@asu.edu

              Programming and Blimp Studio by Brian T. Keller

                   There is no expressed license given.

---------------------------------------------------------------------------


ALGORITHMIC OPTIONS SPECIFIED:

  Imputation method:                 Fully Bayesian model-based
  MCMC algorithm:                    Full conditional Metropolis sampler with
                                       Auto-Derived Conditional Distributions
  Default Priors:
    Multilevel covariance matrices:  Not applicable, single-level imputation
    Outcome covariance matrices:     Zero matrix, df = -(p + 1) (PRIOR2)
    Predictor model variances:       Unit sum of squares, df = 2 (XPRIOR1)
  Chain Starting Values:             Random starting values


  NOTE: The default prior for regression coefficients 
        in categorical models is 'normal( 0.0, 5.0)'

  NOTE: For complete list of priors include 'pinfo' in the options.


BURN-IN POTENTIAL SCALE REDUCTION (PSR) OUTPUT:

  NOTE: Rank-normalized Rhat (Vehtari et al., 2021) is being used.
        This applies rank normalization and chain folding for robust
        convergence detection across all chains.

  Comparing iterations across 4 chains     Highest Rhat   Parameter #  
                          251 to 500             1.035            59  
                          501 to 1000            1.027            52  
                          751 to 1500            1.015            49  
                         1001 to 2000            1.025            32  
                         1251 to 2500            1.011            46  
                         1501 to 3000            1.015            46  
                         1751 to 3500            1.015            32  
                         2001 to 4000            1.011            32  
                         2251 to 4500            1.010            32  
                         2501 to 5000            1.013            32  
                         2751 to 5500            1.008            32  
                         3001 to 6000            1.005            39  
                         3251 to 6500            1.006            32  
                         3501 to 7000            1.007            32  
                         3751 to 7500            1.006            32  
                         4001 to 8000            1.005            46  
                         4251 to 8500            1.004             2  
                         4501 to 9000            1.002             2  
                         4751 to 9500            1.003            46  
                         5001 to 10000           1.002             9  


METROPOLIS-HASTINGS ACCEPTANCE RATES:

  Chain 1:

    Variable                            Type    Probability   Target Value 
    els                           imputation          0.488          0.500 
    age                            parameter          0.465          0.500 

  NOTE: Suppressing printing of 3 chains.
        Use keyword 'tuneinfo' in options to override.


DATA INFORMATION:

  Sample Size:              297
  Missing Data Info:

                      Pattern #:       1     2     3     4     5
                          miss % --------------------------------
                      crp =  6.1       -     -     M     -     -  
                      il6 =  6.1       -     -     M     -     -  
                      tnf =  6.1       -     -     M     -     -  
                      ifn =  6.1       -     -     M     -     -  
                     dpdd = 12.1       -     M     -     -     M  
                   female =  0.0       -     -     -     -     -  
                      els =  4.0       -     -     -     M     M  
                      age =  0.0       -     -     -     -     -  
                                 --------------------------------
                                 %  78.1  11.8   6.1   3.7   0.3


MODEL INFORMATION:

  NUMBER OF PARAMETERS
    Outcome Models:         21
    Generated Parameters:   1
    Predictor Models:       10

  PREDICTORS
    Complete continuous:    age
    Complete ordinal:       female
    Incomplete ordinal:     els

  FACTORS
    Level-1:                inflammation

  CENTERED PREDICTORS
    Grand Mean Centered:    age

  MODELS

   structural:
    [1]  inflammation ~ els@a1 female age
    [2]  dpdd ~ Intercept inflammation@b1 els female age

   measurement:
    [3]  crp ~ Intercept inflammation@load1
    [4]  ifn ~ Intercept inflammation
    [5]  il6 ~ Intercept inflammation
    [6]  tnf ~ Intercept inflammation

  GENERATED PARAMETERS
    [1]  indirect = a1*b1


 WARNING MESSAGES:

  No warning messages.


MODEL FIT:


  INFORMATION CRITERIA

    Conditional Likelihood
      DIC2                  5428.123
      WAIC                  5588.737


IMPUTED DATA SUMMARIES:

  NOTE: Imputed data summaries are averaged across 10000 data sets.


Variables                              Mean     StdDev        25%        50%        75%        Min        Max 
                                ------------------------------------------------------------------------------

  inflammation                        0.117      1.003     -0.578      0.048      0.736     -2.371      3.986 
  dpdd                                6.167      4.512      3.334      5.496      8.116     -3.521     29.142 
  crp                                 0.237      1.329     -0.505     -0.110      0.591     -2.205      9.727 
  ifn                                 0.306      0.774     -0.239      0.132      0.702     -1.219      3.206 
  il6                                -0.202      0.776     -0.696     -0.315      0.068     -1.820      4.806 
  tnf                                 0.530      0.939     -0.153      0.467      1.174     -1.724      3.273 
  female                              0.364      0.482      0.000      0.000      1.000      0.000      1.000 
  els                                 0.388      0.488      0.000      0.000      1.000      0.000      1.000 
  age                                45.589      5.659     42.000     46.000     49.000     26.000     62.000 

                                ------------------------------------------------------------------------------



CORRELATIONS AMONG RESIDUALS:

  Summaries based on 10000 iterations using 4 chains.
  NOTE: Estimate column based on posterior median.


Correlations                       Estimate     StdDev       2.5%      97.5%      ChiSq     PValue      N_Eff 
                                ------------------------------------------------------------------------------

  inflammation, dpdd                 -0.000      0.082     -0.162      0.160      0.000      0.999   9821.524 
  inflammation, crp                   0.005      0.082     -0.158      0.166      0.004      0.952   9754.230 
  inflammation, ifn                   0.006      0.083     -0.155      0.167      0.007      0.932  10051.254 
  inflammation, il6                  -0.004      0.084     -0.169      0.162      0.002      0.966   9540.507 
  inflammation, tnf                   0.005      0.083     -0.161      0.169      0.003      0.955   9862.457 
  dpdd, crp                          -0.012      0.069     -0.147      0.121      0.032      0.859   6642.410 
  dpdd, ifn                          -0.063      0.072     -0.202      0.079      0.772      0.379   8404.766 
  dpdd, il6                           0.082      0.066     -0.048      0.212      1.513      0.219   8021.113 
  dpdd, tnf                           0.026      0.073     -0.121      0.168      0.120      0.729   6566.284 
  crp, ifn                            0.020      0.077     -0.132      0.168      0.064      0.800   4281.036 
  crp, il6                            0.031      0.072     -0.111      0.172      0.178      0.673   4707.078 
  crp, tnf                           -0.017      0.075     -0.163      0.128      0.050      0.824   5024.414 
  ifn, il6                           -0.012      0.074     -0.159      0.129      0.032      0.859   4974.518 
  ifn, tnf                            0.042      0.082     -0.118      0.203      0.259      0.611   3157.154 
  il6, tnf                           -0.032      0.075     -0.180      0.112      0.189      0.664   4981.115 

                                ------------------------------------------------------------------------------



OUTCOME MODEL ESTIMATES:

  Summaries based on 10000 iterations using 4 chains.
  NOTE: Estimate column based on posterior median.

  structural block:

Latent Variable:   inflammation

Grand Mean Centered: age


Parameters                         Estimate     StdDev       2.5%      97.5%      ChiSq     PValue      N_Eff 
                                ------------------------------------------------------------------------------
Variances:                      
  Residual Var.                     @ 1.000        ---        ---        ---        ---        ---        --- 

Coefficients:                   
  els                                 0.261      0.152     -0.031      0.562      2.987      0.084   1266.886 
  female                              0.043      0.155     -0.252      0.352      0.091      0.763   1286.570 
  age                                 0.013      0.014     -0.013      0.040      0.936      0.333   2571.944 

Standard Deviations:            
  Residual SD                         1.000      0.000      1.000      1.000        ---        ---        --- 

Standardized Coefficients:      
  els                                 0.126      0.071     -0.015      0.264      3.080      0.079   1270.914 
  female                              0.021      0.073     -0.118      0.165      0.091      0.763   1291.201 
  age                                 0.073      0.075     -0.073      0.220      0.945      0.331   2586.134 

Proportion Variance Explained   
  by Coefficients                     0.030      0.023      0.004      0.087        ---        ---   1305.000 
  by Residual Variation               0.970      0.023      0.913      0.996        ---        ---   1305.000 

                                ------------------------------------------------------------------------------



Outcome Variable:  dpdd       

Grand Mean Centered: age


Parameters                         Estimate     StdDev       2.5%      97.5%      ChiSq     PValue      N_Eff 
                                ------------------------------------------------------------------------------
Variances:                      
  Residual Var.                      18.998      1.803     15.874     22.951        ---        ---   5642.538 

Coefficients:                   
  Intercept                           6.316      0.415      5.507      7.141    231.511      0.000   4244.372 
  inflammation                        1.283      0.347      0.601      1.956     13.712      0.000   2727.920 
  els                                -0.501      0.596     -1.669      0.651      0.709      0.400   5366.552 
  female                             -0.281      0.587     -1.440      0.872      0.231      0.631   6630.691 
  age                                 0.017      0.051     -0.082      0.119      0.107      0.744   5870.472 

Standard Deviations:            
  Residual SD                         4.359      0.205      3.984      4.791        ---        ---   5619.982 

Standardized Coefficients:      
  inflammation                        0.282      0.072      0.131      0.417     14.973      0.000   2762.979 
  els                                -0.053      0.063     -0.177      0.070      0.717      0.397   5364.682 
  female                             -0.030      0.061     -0.149      0.091      0.233      0.629   6655.979 
  age                                 0.021      0.063     -0.101      0.145      0.107      0.743   5886.250 

Proportion Variance Explained   
  by Coefficients                     0.091      0.040      0.028      0.183        ---        ---   2949.684 
  by Residual Variation               0.909      0.040      0.817      0.972        ---        ---   2949.684 

                                ------------------------------------------------------------------------------


  measurement block:

Outcome Variable:  crp        

Parameters                         Estimate     StdDev       2.5%      97.5%      ChiSq     PValue      N_Eff 
                                ------------------------------------------------------------------------------
Variances:                      
  Residual Var.                       1.293      0.137      1.049      1.585        ---        ---   3478.396 

Coefficients:                   
  Intercept                           0.157      0.096     -0.034      0.338      2.586      0.108   1020.482 
  inflammation                        0.695      0.094      0.514      0.879     54.740      0.000   2904.079 

Standard Deviations:            
  Residual SD                         1.137      0.060      1.024      1.259        ---        ---   3435.987 

Standardized Coefficients:      
  inflammation                        0.522      0.059      0.400      0.628     78.637      0.000   2673.278 

Proportion Variance Explained   
  by Coefficients                     0.272      0.061      0.160      0.394        ---        ---   2617.997 
  by Residual Variation               0.728      0.061      0.606      0.840        ---        ---   2617.997 

                                ------------------------------------------------------------------------------



Outcome Variable:  ifn        

Parameters                         Estimate     StdDev       2.5%      97.5%      ChiSq     PValue      N_Eff 
                                ------------------------------------------------------------------------------
Variances:                      
  Residual Var.                       0.350      0.047      0.261      0.445        ---        ---   1721.796 

Coefficients:                   
  Intercept                           0.250      0.061      0.126      0.365     16.539      0.000    801.943 
  inflammation                        0.501      0.056      0.395      0.612     81.594      0.000   1810.867 

Standard Deviations:            
  Residual SD                         0.591      0.040      0.511      0.667        ---        ---   1675.779 

Standardized Coefficients:      
  inflammation                        0.648      0.056      0.531      0.752    132.861      0.000   1547.816 

Proportion Variance Explained   
  by Coefficients                     0.420      0.072      0.282      0.565        ---        ---   1505.845 
  by Residual Variation               0.580      0.072      0.435      0.718        ---        ---   1505.845 

                                ------------------------------------------------------------------------------



Outcome Variable:  il6        

Parameters                         Estimate     StdDev       2.5%      97.5%      ChiSq     PValue      N_Eff 
                                ------------------------------------------------------------------------------
Variances:                      
  Residual Var.                       0.469      0.048      0.384      0.573        ---        ---   3912.781 

Coefficients:                   
  Intercept                          -0.245      0.056     -0.358     -0.140     19.386      0.000   1041.566 
  inflammation                        0.370      0.055      0.264      0.481     44.704      0.000   2701.814 

Standard Deviations:            
  Residual SD                         0.685      0.035      0.620      0.757        ---        ---   3879.193 

Standardized Coefficients:      
  inflammation                        0.476      0.061      0.351      0.588     59.890      0.000   2549.564 

Proportion Variance Explained   
  by Coefficients                     0.227      0.058      0.124      0.346        ---        ---   2503.264 
  by Residual Variation               0.773      0.058      0.654      0.876        ---        ---   2503.264 

                                ------------------------------------------------------------------------------



Outcome Variable:  tnf        

Parameters                         Estimate     StdDev       2.5%      97.5%      ChiSq     PValue      N_Eff 
                                ------------------------------------------------------------------------------
Variances:                      
  Residual Var.                       0.531      0.069      0.403      0.677        ---        ---   1749.665 

Coefficients:                   
  Intercept                           0.462      0.075      0.312      0.602     38.174      0.000    774.950 
  inflammation                        0.594      0.066      0.463      0.724     80.156      0.000   1929.976 

Standard Deviations:            
  Residual SD                         0.729      0.047      0.635      0.823        ---        ---   1708.403 

Standardized Coefficients:      
  inflammation                        0.632      0.057      0.512      0.736    124.094      0.000   1560.271 

Proportion Variance Explained   
  by Coefficients                     0.400      0.071      0.262      0.542        ---        ---   1520.663 
  by Residual Variation               0.600      0.071      0.458      0.738        ---        ---   1520.663 

                                ------------------------------------------------------------------------------



GENERATED PARAMETERS:

  Summaries based on 10000 iterations using 4 chains.
  NOTE: Estimate column based on posterior median.


Parameters                         Estimate     StdDev       2.5%      97.5%      ChiSq     PValue      N_Eff 
                                ------------------------------------------------------------------------------

  indirect                            0.316      0.223     -0.038      0.834      2.309      0.129   1351.275 

                                ------------------------------------------------------------------------------


PREDICTOR MODEL ESTIMATES:

  Summaries based on 10000 iterations using 4 chains.
  NOTE: Estimate column based on posterior median.



Complete predictor: female     

Parameters                         Estimate     StdDev       2.5%      97.5%      ChiSq     PValue      N_Eff 
                                ------------------------------------------------------------------------------

Grand Mean                           -0.354      0.076     -0.505     -0.205     21.684      0.000   3933.826 

Level 1:                                                                                                      
  els                                 0.057      0.094     -0.131      0.240      0.361      0.548   2362.174 
  age                                -0.027      0.014     -0.054     -0.000      3.916      0.048   4265.555 
  Residual Var.                       1.000      0.000      1.000      1.000        ---        ---        --- 
Thresholds:                                                                                                   
  Tau 1                               0.000      0.000      0.000      0.000        ---        ---        --- 
                                                                                                              
                                ------------------------------------------------------------------------------



Missing predictor:  els        

Parameters                         Estimate     StdDev       2.5%      97.5%      ChiSq     PValue      N_Eff 
                                ------------------------------------------------------------------------------

Grand Mean                           -0.292      0.077     -0.444     -0.140     14.181      0.000   3676.684 

Level 1:                                                                                                      
  female                              0.057      0.094     -0.128      0.239      0.352      0.553   2236.408 
  age                                -0.035      0.014     -0.062     -0.008      6.522      0.011   3701.857 
  Residual Var.                       1.000      0.000      1.000      1.000        ---        ---        --- 
Thresholds:                                                                                                   
  Tau 1                               0.000      0.000      0.000      0.000        ---        ---        --- 
                                                                                                              
                                ------------------------------------------------------------------------------



Complete predictor: age        

Parameters                         Estimate     StdDev       2.5%      97.5%      ChiSq     PValue      N_Eff 
                                ------------------------------------------------------------------------------

Grand Mean                           45.596      0.334     44.914     46.252  18617.979      0.000   2009.108 

Level 1:                                                                                                      
  female                             -0.817      0.400     -1.577     -0.017      4.088      0.043   6409.777 
  els                                -1.050      0.398     -1.821     -0.266      6.941      0.008   5406.886 
  Residual Var.                      29.998      2.592     25.397     35.598        ---        ---   8815.969 
                                                                                                              
                                ------------------------------------------------------------------------------


                                     Estimate   StdDev     2.5%    97.5%
inflammation ~ els (standardized)       0.126    0.072   -0.015    0.264
inflammation ~ female (standardized)    0.020    0.073   -0.118    0.165
inflammation ~ age (standardized)       0.073    0.075   -0.073    0.220
dpdd ~ inflammation (standardized)      0.282    0.072    0.131    0.417
dpdd ~ els (standardized)              -0.053    0.063   -0.177    0.070
dpdd ~ female (standardized)           -0.030    0.061   -0.149    0.091
dpdd ~ age (standardized)               0.021    0.063   -0.101    0.145
crp ~ inflammation (standardized)       0.522    0.059    0.400    0.628
ifn ~ inflammation (standardized)       0.648    0.056    0.531    0.752
il6 ~ inflammation (standardized)       0.476    0.061    0.352    0.588
tnf ~ inflammation (standardized)       0.632    0.057    0.512    0.736
                                        ChiSq   PValue    N_Eff
inflammation ~ els (standardized)       3.080    0.079 1270.914
inflammation ~ female (standardized)    0.091    0.763 1291.200
inflammation ~ age (standardized)       0.945    0.331 2586.134
dpdd ~ inflammation (standardized)     14.973    0.000 2762.979
dpdd ~ els (standardized)               0.717    0.397 5364.682
dpdd ~ female (standardized)            0.233    0.629 6655.979
dpdd ~ age (standardized)               0.107    0.743 5886.250
crp ~ inflammation (standardized)      78.637    0.000 2673.278
ifn ~ inflammation (standardized)     132.861    0.000 1547.816
il6 ~ inflammation (standardized)      59.890    0.000 2549.564
tnf ~ inflammation (standardized)     124.094    0.000 1560.271

ITERATION HISTORY:

  Chain 1 burn-in started on Aug 15 18:00:48 2026
  Chain 4 burn-in started on Aug 15 18:00:48 2026
  Chain 2 burn-in started on Aug 15 18:00:48 2026
  Chain 3 burn-in started on Aug 15 18:00:48 2026
  Chain 3 burn-in iteration 2500 completed on Aug 15 18:00:49 2026
  Chain 1 burn-in iteration 2500 completed on Aug 15 18:00:49 2026
  Chain 2 burn-in iteration 2500 completed on Aug 15 18:00:49 2026
  Chain 4 burn-in iteration 2500 completed on Aug 15 18:00:49 2026
  Chain 1 burn-in iteration 5000 completed on Aug 15 18:00:49 2026
  Chain 2 burn-in iteration 5000 completed on Aug 15 18:00:49 2026
  Chain 4 burn-in iteration 5000 completed on Aug 15 18:00:49 2026
  Chain 3 burn-in iteration 5000 completed on Aug 15 18:00:49 2026
  Chain 1 burn-in iteration 7500 completed on Aug 15 18:00:50 2026
  Chain 4 burn-in iteration 7500 completed on Aug 15 18:00:50 2026
  Chain 2 burn-in iteration 7500 completed on Aug 15 18:00:50 2026
  Chain 3 burn-in iteration 7500 completed on Aug 15 18:00:50 2026
  Chain 1 burn-in iteration 10000 completed on Aug 15 18:00:51 2026
  Chain 1 completed burn-in on Aug 15 18:00:51 2026
  Chain 4 burn-in iteration 10000 completed on Aug 15 18:00:51 2026
  Chain 4 completed burn-in on Aug 15 18:00:51 2026
  Chain 2 burn-in iteration 10000 completed on Aug 15 18:00:51 2026
  Chain 2 completed burn-in on Aug 15 18:00:51 2026
  Chain 3 burn-in iteration 10000 completed on Aug 15 18:00:51 2026
  Chain 3 completed burn-in on Aug 15 18:00:51 2026
  Chain 1 completed iteration 625 on Aug 15 18:00:51 2026
  Chain 4 completed iteration 625 on Aug 15 18:00:51 2026
  Chain 2 completed iteration 625 on Aug 15 18:00:51 2026
  Chain 3 completed iteration 625 on Aug 15 18:00:51 2026
  Chain 1 completed iteration 1250 on Aug 15 18:00:51 2026
  Chain 4 completed iteration 1250 on Aug 15 18:00:51 2026
  Chain 3 completed iteration 1250 on Aug 15 18:00:51 2026
  Chain 2 completed iteration 1250 on Aug 15 18:00:51 2026
  Chain 4 completed iteration 1875 on Aug 15 18:00:52 2026
  Chain 1 completed iteration 1875 on Aug 15 18:00:52 2026
  Chain 2 completed iteration 1875 on Aug 15 18:00:52 2026
  Chain 3 completed iteration 1875 on Aug 15 18:00:52 2026
  Chain 4 completed iteration 2500 on Aug 15 18:00:52 2026
  Chain 4 finished on Aug 15 18:00:52 2026
  Chain 1 completed iteration 2500 on Aug 15 18:00:52 2026
  Chain 1 finished on Aug 15 18:00:52 2026
  Chain 2 completed iteration 2500 on Aug 15 18:00:52 2026
  Chain 2 finished on Aug 15 18:00:52 2026
  Chain 3 completed iteration 2500 on Aug 15 18:00:52 2026
  Chain 3 finished on Aug 15 18:00:52 2026


---------------------------------------------------------------------------

                                   Blimp
                                 4.1.0.b11

             Blimp was developed with funding from Institute of
           Education Sciences awards R305D150056 and R305D190002.

            Craig K. Enders, P.I. Email: cenders@psych.ucla.edu
           Brian T. Keller, Co-P.I. Email: btkeller@missouri.edu
                 Han Du, Co-P.I. Email: hdu@psych.ucla.edu
                 Roy Levy, Co-P.I. Email: roy.levy@asu.edu

              Programming and Blimp Studio by Brian T. Keller

                   There is no expressed license given.

---------------------------------------------------------------------------


ALGORITHMIC OPTIONS SPECIFIED:

  Imputation method:                 Fully Bayesian model-based
  MCMC algorithm:                    Full conditional Metropolis sampler with
                                       Auto-Derived Conditional Distributions
  Default Priors:
    Multilevel covariance matrices:  Not applicable, single-level imputation
    Outcome covariance matrices:     Zero matrix, df = -(p + 1) (PRIOR2)
    Predictor model variances:       Unit sum of squares, df = 2 (XPRIOR1)
  Chain Starting Values:             Random starting values


  NOTE: The default prior for regression coefficients 
        in categorical models is 'normal( 0.0, 5.0)'

  NOTE: For complete list of priors include 'pinfo' in the options.


BURN-IN POTENTIAL SCALE REDUCTION (PSR) OUTPUT:

  NOTE: Rank-normalized Rhat (Vehtari et al., 2021) is being used.
        This applies rank normalization and chain folding for robust
        convergence detection across all chains.

  Comparing iterations across 4 chains     Highest Rhat   Parameter #  
                          251 to 500             1.112            32  
                          501 to 1000            1.026            49  
                          751 to 1500            1.015            46  
                         1001 to 2000            1.023            32  
                         1251 to 2500            1.014            32  
                         1501 to 3000            1.010            46  
                         1751 to 3500            1.008            45  
                         2001 to 4000            1.006            49  
                         2251 to 4500            1.010            46  
                         2501 to 5000            1.010            32  
                         2751 to 5500            1.002             3  
                         3001 to 6000            1.005            32  
                         3251 to 6500            1.006            32  
                         3501 to 7000            1.003            71  
                         3751 to 7500            1.002            32  
                         4001 to 8000            1.003             2  
                         4251 to 8500            1.002             2  
                         4501 to 9000            1.003            32  
                         4751 to 9500            1.003            32  
                         5001 to 10000           1.003            32  


METROPOLIS-HASTINGS ACCEPTANCE RATES:

  Chain 1:

    Variable                            Type    Probability   Target Value 
    els                           imputation          0.490          0.500 
    age                            parameter          0.501          0.500 

  NOTE: Suppressing printing of 3 chains.
        Use keyword 'tuneinfo' in options to override.


DATA INFORMATION:

  Sample Size:              297
  Missing Data Info:

                      Pattern #:       1     2     3     4     5
                          miss % --------------------------------
                   female =  0.0       -     -     -     -     -  
                      els =  4.0       -     -     -     M     M  
                      age =  0.0       -     -     -     -     -  
                      crp =  6.1       -     -     M     -     -  
                      il6 =  6.1       -     -     M     -     -  
                      tnf =  6.1       -     -     M     -     -  
                      ifn =  6.1       -     -     M     -     -  
                     dpdd = 12.1       -     M     -     -     M  
                                 --------------------------------
                                 %  78.1  11.8   6.1   3.7   0.3


MODEL INFORMATION:

  NUMBER OF PARAMETERS
    Outcome Models:         28
    Generated Parameters:   1
    Predictor Models:       2

  FACTORS
    Level-1:                inflammation

  CENTERED PREDICTORS
    Grand Mean Centered:    age

  MODELS

   structural:
    [1]  inflammation ~ els@a1 female age
    [2]  dpdd ~ Intercept inflammation@b1 els female age

   measurement:
    [3]  crp ~ Intercept inflammation@load1
    [4]  ifn ~ Intercept inflammation
    [5]  il6 ~ Intercept inflammation
    [6]  tnf ~ Intercept inflammation

   predictors:
    [7]  age ~ Intercept
    [8]  els ~ Intercept
    [9]  female ~ Intercept
   [10]  age els female <-> age els female 

  GENERATED PARAMETERS
    [1]  indirect = a1*b1


 WARNING MESSAGES:

  No warning messages.


MODEL FIT:


  INFORMATION CRITERIA

    Conditional Likelihood
      DIC2                  9143.019
      WAIC                  9527.536


IMPUTED DATA SUMMARIES:

  NOTE: Imputed data summaries are averaged across 10000 data sets.


Variables                              Mean     StdDev        25%        50%        75%        Min        Max 
                                ------------------------------------------------------------------------------

  inflammation                        0.122      1.003     -0.573      0.052      0.741     -2.374      4.005 
  dpdd                                6.167      4.511      3.334      5.496      8.116     -3.501     29.142 
  crp                                 0.237      1.329     -0.505     -0.110      0.591     -2.204      9.727 
  ifn                                 0.306      0.774     -0.239      0.132      0.702     -1.225      3.207 
  il6                                -0.202      0.776     -0.696     -0.315      0.068     -1.819      4.806 
  tnf                                 0.529      0.939     -0.153      0.467      1.174     -1.726      3.272 
  age                                45.589      5.659     42.000     46.000     49.000     26.000     62.000 
  els                                 0.389      0.488      0.000      0.000      1.000      0.000      1.000 
  female                              0.364      0.482      0.000      0.000      1.000      0.000      1.000 

                                ------------------------------------------------------------------------------



CORRELATIONS AMONG RESIDUALS:

  Summaries based on 10000 iterations using 4 chains.
  NOTE: Estimate column based on posterior median.


Correlations                       Estimate     StdDev       2.5%      97.5%      ChiSq     PValue      N_Eff 
                                ------------------------------------------------------------------------------

  inflammation, dpdd                 -0.001      0.084     -0.163      0.163      0.000      0.993   9063.965 
  inflammation, crp                   0.005      0.083     -0.159      0.164      0.003      0.953   9706.706 
  inflammation, ifn                   0.008      0.084     -0.158      0.171      0.007      0.935   9592.027 
  inflammation, il6                  -0.004      0.082     -0.165      0.158      0.002      0.960   9259.119 
  inflammation, tnf                   0.003      0.084     -0.162      0.167      0.001      0.970   9902.732 
  inflammation, age                   0.001      0.083     -0.161      0.164      0.000      0.994   9598.226 
  inflammation, els                   0.001      0.083     -0.165      0.164      0.000      0.991   4664.919 
  inflammation, female                0.001      0.084     -0.164      0.159      0.000      0.998   4417.434 
  dpdd, crp                          -0.012      0.069     -0.147      0.123      0.028      0.866   7749.127 
  dpdd, ifn                          -0.063      0.073     -0.203      0.084      0.726      0.394   8245.921 
  dpdd, il6                           0.082      0.067     -0.049      0.211      1.498      0.221   7926.603 
  dpdd, tnf                           0.023      0.073     -0.120      0.166      0.104      0.747   6844.707 
  dpdd, age                           0.002      0.083     -0.160      0.165      0.001      0.979   9828.057 
  dpdd, els                           0.002      0.083     -0.163      0.162      0.000      0.989   9806.421 
  dpdd, female                       -0.000      0.083     -0.166      0.161      0.000      0.999   9791.249 
  crp, ifn                            0.019      0.075     -0.128      0.163      0.065      0.799   4656.335 
  crp, il6                            0.030      0.072     -0.115      0.169      0.161      0.689   4860.111 
  crp, tnf                           -0.016      0.075     -0.168      0.132      0.049      0.824   4938.273 
  crp, age                            0.063      0.067     -0.072      0.193      0.869      0.351   8502.503 
  crp, els                           -0.045      0.072     -0.187      0.098      0.381      0.537   8904.301 
  crp, female                         0.010      0.073     -0.131      0.154      0.020      0.888   9020.731 
  ifn, il6                           -0.014      0.076     -0.166      0.132      0.039      0.843   4952.718 
  ifn, tnf                            0.041      0.082     -0.125      0.199      0.251      0.617   3379.050 
  ifn, age                           -0.008      0.071     -0.145      0.133      0.010      0.919   7505.154 
  ifn, els                           -0.009      0.076     -0.159      0.139      0.016      0.900   8063.676 
  ifn, female                        -0.015      0.075     -0.162      0.128      0.039      0.844   7836.914 
  il6, tnf                           -0.034      0.075     -0.179      0.109      0.215      0.643   5370.190 
  il6, age                            0.103      0.066     -0.027      0.232      2.410      0.121   9067.042 
  il6, els                           -0.013      0.073     -0.159      0.125      0.037      0.848   7918.436 
  il6, female                         0.023      0.073     -0.120      0.163      0.092      0.762   9038.312 
  tnf, age                           -0.105      0.070     -0.241      0.030      2.320      0.128   8061.382 
  tnf, els                            0.055      0.075     -0.096      0.196      0.503      0.478   8539.450 
  tnf, female                        -0.008      0.074     -0.150      0.142      0.010      0.922   7792.290 

                                ------------------------------------------------------------------------------



OUTCOME MODEL ESTIMATES:

  Summaries based on 10000 iterations using 4 chains.
  NOTE: Estimate column based on posterior median.

  structural block:

Latent Variable:   inflammation

Grand Mean Centered: age


Parameters                         Estimate     StdDev       2.5%      97.5%      ChiSq     PValue      N_Eff 
                                ------------------------------------------------------------------------------
Variances:                      
  Residual Var.                     @ 1.000        ---        ---        ---        ---        ---        --- 

Coefficients:                   
  els                                 0.266      0.157     -0.041      0.573      2.880      0.090   1116.690 
  female                              0.049      0.157     -0.258      0.359      0.099      0.753   1117.603 
  age                                 0.013      0.013     -0.013      0.040      0.967      0.325   3109.829 

Standard Deviations:            
  Residual SD                         1.000      0.000      1.000      1.000        ---        ---        --- 

Standardized Coefficients:      
  els                                 0.128      0.074     -0.020      0.268      2.971      0.085   1123.381 
  female                              0.023      0.074     -0.122      0.167      0.099      0.753   1121.060 
  age                                 0.073      0.074     -0.072      0.217      0.977      0.323   3124.416 

Proportion Variance Explained   
  by Coefficients                     0.031      0.023      0.004      0.090        ---        ---   1251.409 
  by Residual Variation               0.969      0.023      0.910      0.996        ---        ---   1251.409 

                                ------------------------------------------------------------------------------



Outcome Variable:  dpdd       

Grand Mean Centered: age


Parameters                         Estimate     StdDev       2.5%      97.5%      ChiSq     PValue      N_Eff 
                                ------------------------------------------------------------------------------
Variances:                      
  Residual Var.                      18.975      1.779     15.880     22.875        ---        ---   5326.324 

Coefficients:                   
  Intercept                           6.312      0.418      5.485      7.120    228.212      0.000   4581.351 
  inflammation                        1.295      0.353      0.606      1.994     13.480      0.000   3066.637 
  els                                -0.521      0.599     -1.674      0.686      0.729      0.393   5504.290 
  female                             -0.287      0.580     -1.436      0.855      0.250      0.617   5877.391 
  age                                 0.014      0.051     -0.086      0.113      0.081      0.776   5651.789 

Standard Deviations:            
  Residual SD                         4.356      0.203      3.985      4.783        ---        ---   5294.800 

Standardized Coefficients:      
  inflammation                        0.284      0.073      0.134      0.421     14.847      0.000   2917.933 
  els                                -0.055      0.063     -0.177      0.072      0.736      0.391   5455.405 
  female                             -0.030      0.061     -0.150      0.089      0.250      0.617   5912.310 
  age                                 0.018      0.062     -0.105      0.139      0.081      0.776   5652.198 

Proportion Variance Explained   
  by Coefficients                     0.092      0.041      0.028      0.186        ---        ---   3159.342 
  by Residual Variation               0.908      0.041      0.814      0.972        ---        ---   3159.342 

                                ------------------------------------------------------------------------------


  measurement block:

Outcome Variable:  crp        

Parameters                         Estimate     StdDev       2.5%      97.5%      ChiSq     PValue      N_Eff 
                                ------------------------------------------------------------------------------
Variances:                      
  Residual Var.                       1.292      0.135      1.055      1.583        ---        ---   3402.615 

Coefficients:                   
  Intercept                           0.154      0.102     -0.048      0.352      2.252      0.133    996.543 
  inflammation                        0.695      0.093      0.517      0.879     56.590      0.000   3163.533 

Standard Deviations:            
  Residual SD                         1.137      0.059      1.027      1.258        ---        ---   3360.747 

Standardized Coefficients:      
  inflammation                        0.522      0.058      0.402      0.627     81.698      0.000   2903.035 

Proportion Variance Explained   
  by Coefficients                     0.273      0.060      0.161      0.393        ---        ---   2863.870 
  by Residual Variation               0.727      0.060      0.607      0.839        ---        ---   2863.870 

                                ------------------------------------------------------------------------------



Outcome Variable:  ifn        

Parameters                         Estimate     StdDev       2.5%      97.5%      ChiSq     PValue      N_Eff 
                                ------------------------------------------------------------------------------
Variances:                      
  Residual Var.                       0.351      0.045      0.267      0.445        ---        ---   1996.325 

Coefficients:                   
  Intercept                           0.246      0.064      0.119      0.371     14.663      0.000    755.695 
  inflammation                        0.500      0.053      0.396      0.606     88.037      0.000   2068.062 

Standard Deviations:            
  Residual SD                         0.593      0.038      0.517      0.667        ---        ---   1955.634 

Standardized Coefficients:      
  inflammation                        0.646      0.053      0.534      0.743    147.171      0.000   1777.496 

Proportion Variance Explained   
  by Coefficients                     0.417      0.068      0.286      0.553        ---        ---   1739.490 
  by Residual Variation               0.583      0.068      0.447      0.714        ---        ---   1739.490 

                                ------------------------------------------------------------------------------



Outcome Variable:  il6        

Parameters                         Estimate     StdDev       2.5%      97.5%      ChiSq     PValue      N_Eff 
                                ------------------------------------------------------------------------------
Variances:                      
  Residual Var.                       0.467      0.048      0.382      0.567        ---        ---   4017.206 

Coefficients:                   
  Intercept                          -0.247      0.057     -0.362     -0.135     18.557      0.000   1038.841 
  inflammation                        0.371      0.056      0.265      0.486     44.432      0.000   2618.277 

Standard Deviations:            
  Residual SD                         0.684      0.035      0.618      0.753        ---        ---   3965.797 

Standardized Coefficients:      
  inflammation                        0.478      0.061      0.352      0.594     60.285      0.000   2431.364 

Proportion Variance Explained   
  by Coefficients                     0.229      0.058      0.124      0.353        ---        ---   2347.720 
  by Residual Variation               0.771      0.058      0.647      0.876        ---        ---   2347.720 

                                ------------------------------------------------------------------------------



Outcome Variable:  tnf        

Parameters                         Estimate     StdDev       2.5%      97.5%      ChiSq     PValue      N_Eff 
                                ------------------------------------------------------------------------------
Variances:                      
  Residual Var.                       0.531      0.068      0.405      0.674        ---        ---   1731.308 

Coefficients:                   
  Intercept                           0.457      0.077      0.303      0.606     34.825      0.000    782.215 
  inflammation                        0.596      0.066      0.469      0.728     81.368      0.000   2053.582 

Standard Deviations:            
  Residual SD                         0.729      0.047      0.636      0.821        ---        ---   1694.802 

Standardized Coefficients:      
  inflammation                        0.634      0.055      0.519      0.738    130.201      0.000   1617.880 

Proportion Variance Explained   
  by Coefficients                     0.402      0.070      0.270      0.545        ---        ---   1578.387 
  by Residual Variation               0.598      0.070      0.455      0.730        ---        ---   1578.387 

                                ------------------------------------------------------------------------------


  predictors block:

Outcome Variable:  age        

Parameters                         Estimate     StdDev       2.5%      97.5%      ChiSq     PValue      N_Eff 
                                ------------------------------------------------------------------------------
Variances:                      
  Residual Var.                      32.740      2.765     27.908     38.757        ---        ---   9833.500 

Coefficients:                   
  Intercept                          45.592      0.331     44.935     46.248  19008.498      0.000   8565.131 

Standard Deviations:            
  Residual SD                         5.722      0.240      5.283      6.225        ---        ---   9836.106 

Proportion Variance Explained   
  by Coefficients                     0.000      0.000      0.000      0.000        ---        ---        --- 
  by Residual Variation               1.000      0.000      1.000      1.000        ---        ---        --- 

                                ------------------------------------------------------------------------------



Outcome Variable:  els        

Parameters                         Estimate     StdDev       2.5%      97.5%      ChiSq     PValue      N_Eff 
                                ------------------------------------------------------------------------------
Variances:                      
  Residual Var.                       1.000      0.000      1.000      1.000        ---        ---        --- 

Coefficients:                   
  Intercept                          -0.285      0.075     -0.432     -0.138     14.323      0.000   4009.371 

Thresholds:                     
  Tau 1                               0.000      0.000      0.000      0.000        ---        ---        --- 

Standard Deviations:            
  Residual SD                         1.000      0.000      1.000      1.000        ---        ---        --- 

Proportion Variance Explained   
  by Coefficients                     0.000      0.000      0.000      0.000        ---        ---        --- 
  by Residual Variation               1.000      0.000      1.000      1.000        ---        ---        --- 

                                ------------------------------------------------------------------------------



Outcome Variable:  female     

Parameters                         Estimate     StdDev       2.5%      97.5%      ChiSq     PValue      N_Eff 
                                ------------------------------------------------------------------------------
Variances:                      
  Residual Var.                       1.000      0.000      1.000      1.000        ---        ---        --- 

Coefficients:                   
  Intercept                          -0.347      0.074     -0.495     -0.204     21.813      0.000   4451.596 

Thresholds:                     
  Tau 1                               0.000      0.000      0.000      0.000        ---        ---        --- 

Standard Deviations:            
  Residual SD                         1.000      0.000      1.000      1.000        ---        ---        --- 

Proportion Variance Explained   
  by Coefficients                     0.000      0.000      0.000      0.000        ---        ---        --- 
  by Residual Variation               1.000      0.000      1.000      1.000        ---        ---        --- 

                                ------------------------------------------------------------------------------



Covariance Matrix: age els female

Grand Mean Centered: age


Parameters                         Estimate     StdDev       2.5%      97.5%      ChiSq     PValue      N_Eff 
                                ------------------------------------------------------------------------------
Covariances:                    
  Cov(age,els)                       -1.158      0.426     -1.980     -0.313      7.396      0.007   4004.896 
  Cov(age,female)                    -0.930      0.424     -1.762     -0.103      4.830      0.028   4301.108 
  Cov(els,female)                     0.089      0.097     -0.101      0.276      0.850      0.357   1918.543 

Correlations:                   
  Cor(age,els)                       -0.202      0.073     -0.339     -0.056      7.726      0.005   3849.314 
  Cor(age,female)                    -0.163      0.073     -0.303     -0.018      4.976      0.026   4246.965 
  Cor(els,female)                     0.089      0.097     -0.101      0.276      0.850      0.357   1918.543 

                                ------------------------------------------------------------------------------



GENERATED PARAMETERS:

  Summaries based on 10000 iterations using 4 chains.
  NOTE: Estimate column based on posterior median.


Parameters                         Estimate     StdDev       2.5%      97.5%      ChiSq     PValue      N_Eff 
                                ------------------------------------------------------------------------------

  indirect                            0.323      0.232     -0.051      0.852      2.228      0.135   1371.594 

                                ------------------------------------------------------------------------------


PREDICTOR MODEL ESTIMATES:

  Summaries based on 10000 iterations using 4 chains.
  NOTE: Estimate column based on posterior median.



Means Model:        age        

    NOTE: This model is used to estimate the grand mean and latent group means needed 
          to center outcome variables that appear as predictors in other models.

Parameters                         Estimate     StdDev       2.5%      97.5%      ChiSq     PValue      N_Eff 
                                ------------------------------------------------------------------------------

Grand Mean                           45.592      0.329     44.964     46.252  19250.703      0.000   1894.993 

Level 1:                                                                                                      
  Residual Var.                      31.930      2.656     27.220     37.640        ---        ---   9957.287 
                                                                                                              
                                ------------------------------------------------------------------------------



ITERATION HISTORY:

  Chain 1 burn-in started on Aug 15 18:01:01 2026
  Chain 2 burn-in started on Aug 15 18:01:01 2026
  Chain 4 burn-in started on Aug 15 18:01:01 2026
  Chain 3 burn-in started on Aug 15 18:01:01 2026
  Chain 2 burn-in iteration 2500 completed on Aug 15 18:01:01 2026
  Chain 4 burn-in iteration 2500 completed on Aug 15 18:01:01 2026
  Chain 1 burn-in iteration 2500 completed on Aug 15 18:01:01 2026
  Chain 3 burn-in iteration 2500 completed on Aug 15 18:01:01 2026
  Chain 2 burn-in iteration 5000 completed on Aug 15 18:01:02 2026
  Chain 1 burn-in iteration 5000 completed on Aug 15 18:01:02 2026
  Chain 4 burn-in iteration 5000 completed on Aug 15 18:01:02 2026
  Chain 3 burn-in iteration 5000 completed on Aug 15 18:01:02 2026
  Chain 2 burn-in iteration 7500 completed on Aug 15 18:01:02 2026
  Chain 1 burn-in iteration 7500 completed on Aug 15 18:01:02 2026
  Chain 4 burn-in iteration 7500 completed on Aug 15 18:01:02 2026
  Chain 3 burn-in iteration 7500 completed on Aug 15 18:01:02 2026
  Chain 2 burn-in iteration 10000 completed on Aug 15 18:01:03 2026
  Chain 2 completed burn-in on Aug 15 18:01:03 2026
  Chain 1 burn-in iteration 10000 completed on Aug 15 18:01:03 2026
  Chain 1 completed burn-in on Aug 15 18:01:03 2026
  Chain 4 burn-in iteration 10000 completed on Aug 15 18:01:03 2026
  Chain 4 completed burn-in on Aug 15 18:01:03 2026
  Chain 3 burn-in iteration 10000 completed on Aug 15 18:01:03 2026
  Chain 3 completed burn-in on Aug 15 18:01:03 2026
  Chain 2 saved imputation 2 on Aug 15 18:01:03 2026
  Chain 1 saved imputation 1 on Aug 15 18:01:03 2026
  Chain 4 saved imputation 4 on Aug 15 18:01:03 2026
  Chain 3 saved imputation 3 on Aug 15 18:01:03 2026
  Chain 2 completed iteration 625 on Aug 15 18:01:03 2026
  Chain 1 completed iteration 625 on Aug 15 18:01:03 2026
  Chain 4 completed iteration 625 on Aug 15 18:01:03 2026
  Chain 3 completed iteration 625 on Aug 15 18:01:03 2026
  Chain 2 saved imputation 6 on Aug 15 18:01:03 2026
  Chain 1 saved imputation 5 on Aug 15 18:01:03 2026
  Chain 4 saved imputation 8 on Aug 15 18:01:03 2026
  Chain 3 saved imputation 7 on Aug 15 18:01:03 2026
  Chain 2 completed iteration 1250 on Aug 15 18:01:03 2026
  Chain 1 completed iteration 1250 on Aug 15 18:01:03 2026
  Chain 4 completed iteration 1250 on Aug 15 18:01:03 2026
  Chain 3 completed iteration 1250 on Aug 15 18:01:03 2026
  Chain 2 saved imputation 10 on Aug 15 18:01:03 2026
  Chain 1 saved imputation 9 on Aug 15 18:01:03 2026
  Chain 4 saved imputation 12 on Aug 15 18:01:03 2026
  Chain 3 saved imputation 11 on Aug 15 18:01:03 2026
  Chain 2 completed iteration 1875 on Aug 15 18:01:03 2026
  Chain 4 completed iteration 1875 on Aug 15 18:01:03 2026
  Chain 1 completed iteration 1875 on Aug 15 18:01:03 2026
  Chain 3 completed iteration 1875 on Aug 15 18:01:03 2026
  Chain 2 saved imputation 14 on Aug 15 18:01:03 2026
  Chain 4 saved imputation 16 on Aug 15 18:01:03 2026
  Chain 1 saved imputation 13 on Aug 15 18:01:03 2026
  Chain 3 saved imputation 15 on Aug 15 18:01:03 2026
  Chain 2 completed iteration 2500 on Aug 15 18:01:03 2026
  Chain 2 saved imputation 18 on Aug 15 18:01:03 2026
  Chain 2 finished on Aug 15 18:01:03 2026
  Chain 4 completed iteration 2500 on Aug 15 18:01:04 2026
  Chain 4 saved imputation 20 on Aug 15 18:01:04 2026
  Chain 4 finished on Aug 15 18:01:04 2026
  Chain 1 completed iteration 2500 on Aug 15 18:01:04 2026
  Chain 1 saved imputation 17 on Aug 15 18:01:04 2026
  Chain 1 finished on Aug 15 18:01:04 2026
  Chain 3 completed iteration 2500 on Aug 15 18:01:04 2026
  Chain 3 saved imputation 19 on Aug 15 18:01:04 2026
  Chain 3 finished on Aug 15 18:01:04 2026


---------------------------------------------------------------------------

                                   Blimp
                                 4.1.0.b11

             Blimp was developed with funding from Institute of
           Education Sciences awards R305D150056 and R305D190002.

            Craig K. Enders, P.I. Email: cenders@psych.ucla.edu
           Brian T. Keller, Co-P.I. Email: btkeller@missouri.edu
                 Han Du, Co-P.I. Email: hdu@psych.ucla.edu
                 Roy Levy, Co-P.I. Email: roy.levy@asu.edu

              Programming and Blimp Studio by Brian T. Keller

                   There is no expressed license given.

---------------------------------------------------------------------------


ALGORITHMIC OPTIONS SPECIFIED:

  Imputation method:                 Fully Bayesian model-based
  MCMC algorithm:                    Full conditional Metropolis sampler with
                                       Auto-Derived Conditional Distributions
  Default Priors:
    Multilevel covariance matrices:  Not applicable, single-level imputation
    Outcome covariance matrices:     Zero matrix, df = -(p + 1) (PRIOR2)
    Predictor model variances:       Unit sum of squares, df = 2 (XPRIOR1)
  Chain Starting Values:             Random starting values


  NOTE: The default prior for regression coefficients 
        in categorical models is 'normal( 0.0, 5.0)'

  NOTE: For complete list of priors include 'pinfo' in the options.


BURN-IN POTENTIAL SCALE REDUCTION (PSR) OUTPUT:

  NOTE: Rank-normalized Rhat (Vehtari et al., 2021) is being used.
        This applies rank normalization and chain folding for robust
        convergence detection across all chains.

  Comparing iterations across 4 chains     Highest Rhat   Parameter #  
                          251 to 500             1.035            59  
                          501 to 1000            1.027            52  
                          751 to 1500            1.015            49  
                         1001 to 2000            1.025            32  
                         1251 to 2500            1.011            46  
                         1501 to 3000            1.015            46  
                         1751 to 3500            1.015            32  
                         2001 to 4000            1.011            32  
                         2251 to 4500            1.010            32  
                         2501 to 5000            1.013            32  
                         2751 to 5500            1.008            32  
                         3001 to 6000            1.005            39  
                         3251 to 6500            1.006            32  
                         3501 to 7000            1.007            32  
                         3751 to 7500            1.006            32  
                         4001 to 8000            1.005            46  
                         4251 to 8500            1.004             2  
                         4501 to 9000            1.002             2  
                         4751 to 9500            1.003            46  
                         5001 to 10000           1.002             9  


METROPOLIS-HASTINGS ACCEPTANCE RATES:

  Chain 1:

    Variable                            Type    Probability   Target Value 
    els                           imputation          0.488          0.500 
    age                            parameter          0.465          0.500 

  NOTE: Suppressing printing of 3 chains.
        Use keyword 'tuneinfo' in options to override.


DATA INFORMATION:

  Sample Size:              297
  Missing Data Info:

                      Pattern #:       1     2     3     4     5
                          miss % --------------------------------
                      crp =  6.1       -     -     M     -     -  
                      il6 =  6.1       -     -     M     -     -  
                      tnf =  6.1       -     -     M     -     -  
                      ifn =  6.1       -     -     M     -     -  
                     dpdd = 12.1       -     M     -     -     M  
                   female =  0.0       -     -     -     -     -  
                      els =  4.0       -     -     -     M     M  
                      age =  0.0       -     -     -     -     -  
                                 --------------------------------
                                 %  78.1  11.8   6.1   3.7   0.3


MODEL INFORMATION:

  NUMBER OF PARAMETERS
    Outcome Models:         21
    Generated Parameters:   1
    Predictor Models:       10

  PREDICTORS
    Complete continuous:    age
    Complete ordinal:       female
    Incomplete ordinal:     els

  FACTORS
    Level-1:                inflammation

  CENTERED PREDICTORS
    Grand Mean Centered:    age

  MODELS

   structural:
    [1]  inflammation ~ els@a1 female age
    [2]  dpdd ~ Intercept inflammation@b1 els female age

   measurement:
    [3]  crp ~ Intercept inflammation@load1
    [4]  ifn ~ Intercept inflammation
    [5]  il6 ~ Intercept inflammation
    [6]  tnf ~ Intercept inflammation

  GENERATED PARAMETERS
    [1]  indirect = a1*b1


 WARNING MESSAGES:

  No warning messages.


MODEL FIT:


  INFORMATION CRITERIA

    Conditional Likelihood
      DIC2                  5428.123
      WAIC                  5588.737


IMPUTED DATA SUMMARIES:

  NOTE: Imputed data summaries are averaged across 10000 data sets.


Variables                              Mean     StdDev        25%        50%        75%        Min        Max 
                                ------------------------------------------------------------------------------

  inflammation                        0.117      1.003     -0.578      0.048      0.736     -2.371      3.986 
  dpdd                                6.167      4.512      3.334      5.496      8.116     -3.521     29.142 
  crp                                 0.237      1.329     -0.505     -0.110      0.591     -2.205      9.727 
  ifn                                 0.306      0.774     -0.239      0.132      0.702     -1.219      3.206 
  il6                                -0.202      0.776     -0.696     -0.315      0.068     -1.820      4.806 
  tnf                                 0.530      0.939     -0.153      0.467      1.174     -1.724      3.273 
  female                              0.364      0.482      0.000      0.000      1.000      0.000      1.000 
  els                                 0.388      0.488      0.000      0.000      1.000      0.000      1.000 
  age                                45.589      5.659     42.000     46.000     49.000     26.000     62.000 

                                ------------------------------------------------------------------------------



CORRELATIONS AMONG RESIDUALS:

  Summaries based on 10000 iterations using 4 chains.
  NOTE: Estimate column based on posterior median.


Correlations                       Estimate     StdDev       2.5%      97.5%      ChiSq     PValue      N_Eff 
                                ------------------------------------------------------------------------------

  inflammation, dpdd                 -0.000      0.082     -0.162      0.160      0.000      0.999   9821.524 
  inflammation, crp                   0.005      0.082     -0.158      0.166      0.004      0.952   9754.230 
  inflammation, ifn                   0.006      0.083     -0.155      0.167      0.007      0.932  10051.254 
  inflammation, il6                  -0.004      0.084     -0.169      0.162      0.002      0.966   9540.507 
  inflammation, tnf                   0.005      0.083     -0.161      0.169      0.003      0.955   9862.457 
  dpdd, crp                          -0.012      0.069     -0.147      0.121      0.032      0.859   6642.410 
  dpdd, ifn                          -0.063      0.072     -0.202      0.079      0.772      0.379   8404.766 
  dpdd, il6                           0.082      0.066     -0.048      0.212      1.513      0.219   8021.113 
  dpdd, tnf                           0.026      0.073     -0.121      0.168      0.120      0.729   6566.284 
  crp, ifn                            0.020      0.077     -0.132      0.168      0.064      0.800   4281.036 
  crp, il6                            0.031      0.072     -0.111      0.172      0.178      0.673   4707.078 
  crp, tnf                           -0.017      0.075     -0.163      0.128      0.050      0.824   5024.414 
  ifn, il6                           -0.012      0.074     -0.159      0.129      0.032      0.859   4974.518 
  ifn, tnf                            0.042      0.082     -0.118      0.203      0.259      0.611   3157.154 
  il6, tnf                           -0.032      0.075     -0.180      0.112      0.189      0.664   4981.115 

                                ------------------------------------------------------------------------------



OUTCOME MODEL ESTIMATES:

  Summaries based on 10000 iterations using 4 chains.
  NOTE: Estimate column based on posterior median.

  structural block:

Latent Variable:   inflammation

Grand Mean Centered: age


Parameters                         Estimate     StdDev       2.5%      97.5%      ChiSq     PValue      N_Eff 
                                ------------------------------------------------------------------------------
Variances:                      
  Residual Var.                     @ 1.000        ---        ---        ---        ---        ---        --- 

Coefficients:                   
  els                                 0.261      0.152     -0.031      0.562      2.987      0.084   1266.886 
  female                              0.043      0.155     -0.252      0.352      0.091      0.763   1286.570 
  age                                 0.013      0.014     -0.013      0.040      0.936      0.333   2571.944 

Standard Deviations:            
  Residual SD                         1.000      0.000      1.000      1.000        ---        ---        --- 

Standardized Coefficients:      
  els                                 0.126      0.071     -0.015      0.264      3.080      0.079   1270.914 
  female                              0.021      0.073     -0.118      0.165      0.091      0.763   1291.201 
  age                                 0.073      0.075     -0.073      0.220      0.945      0.331   2586.134 

Proportion Variance Explained   
  by Coefficients                     0.030      0.023      0.004      0.087        ---        ---   1305.000 
  by Residual Variation               0.970      0.023      0.913      0.996        ---        ---   1305.000 

                                ------------------------------------------------------------------------------



Outcome Variable:  dpdd       

Grand Mean Centered: age


Parameters                         Estimate     StdDev       2.5%      97.5%      ChiSq     PValue      N_Eff 
                                ------------------------------------------------------------------------------
Variances:                      
  Residual Var.                      18.998      1.803     15.874     22.951        ---        ---   5642.538 

Coefficients:                   
  Intercept                           6.316      0.415      5.507      7.141    231.511      0.000   4244.372 
  inflammation                        1.283      0.347      0.601      1.956     13.712      0.000   2727.920 
  els                                -0.501      0.596     -1.669      0.651      0.709      0.400   5366.552 
  female                             -0.281      0.587     -1.440      0.872      0.231      0.631   6630.691 
  age                                 0.017      0.051     -0.082      0.119      0.107      0.744   5870.472 

Standard Deviations:            
  Residual SD                         4.359      0.205      3.984      4.791        ---        ---   5619.982 

Standardized Coefficients:      
  inflammation                        0.282      0.072      0.131      0.417     14.973      0.000   2762.979 
  els                                -0.053      0.063     -0.177      0.070      0.717      0.397   5364.682 
  female                             -0.030      0.061     -0.149      0.091      0.233      0.629   6655.979 
  age                                 0.021      0.063     -0.101      0.145      0.107      0.743   5886.250 

Proportion Variance Explained   
  by Coefficients                     0.091      0.040      0.028      0.183        ---        ---   2949.684 
  by Residual Variation               0.909      0.040      0.817      0.972        ---        ---   2949.684 

                                ------------------------------------------------------------------------------


  measurement block:

Outcome Variable:  crp        

Parameters                         Estimate     StdDev       2.5%      97.5%      ChiSq     PValue      N_Eff 
                                ------------------------------------------------------------------------------
Variances:                      
  Residual Var.                       1.293      0.137      1.049      1.585        ---        ---   3478.396 

Coefficients:                   
  Intercept                           0.157      0.096     -0.034      0.338      2.586      0.108   1020.482 
  inflammation                        0.695      0.094      0.514      0.879     54.740      0.000   2904.079 

Standard Deviations:            
  Residual SD                         1.137      0.060      1.024      1.259        ---        ---   3435.987 

Standardized Coefficients:      
  inflammation                        0.522      0.059      0.400      0.628     78.637      0.000   2673.278 

Proportion Variance Explained   
  by Coefficients                     0.272      0.061      0.160      0.394        ---        ---   2617.997 
  by Residual Variation               0.728      0.061      0.606      0.840        ---        ---   2617.997 

                                ------------------------------------------------------------------------------



Outcome Variable:  ifn        

Parameters                         Estimate     StdDev       2.5%      97.5%      ChiSq     PValue      N_Eff 
                                ------------------------------------------------------------------------------
Variances:                      
  Residual Var.                       0.350      0.047      0.261      0.445        ---        ---   1721.796 

Coefficients:                   
  Intercept                           0.250      0.061      0.126      0.365     16.539      0.000    801.943 
  inflammation                        0.501      0.056      0.395      0.612     81.594      0.000   1810.867 

Standard Deviations:            
  Residual SD                         0.591      0.040      0.511      0.667        ---        ---   1675.779 

Standardized Coefficients:      
  inflammation                        0.648      0.056      0.531      0.752    132.861      0.000   1547.816 

Proportion Variance Explained   
  by Coefficients                     0.420      0.072      0.282      0.565        ---        ---   1505.845 
  by Residual Variation               0.580      0.072      0.435      0.718        ---        ---   1505.845 

                                ------------------------------------------------------------------------------



Outcome Variable:  il6        

Parameters                         Estimate     StdDev       2.5%      97.5%      ChiSq     PValue      N_Eff 
                                ------------------------------------------------------------------------------
Variances:                      
  Residual Var.                       0.469      0.048      0.384      0.573        ---        ---   3912.781 

Coefficients:                   
  Intercept                          -0.245      0.056     -0.358     -0.140     19.386      0.000   1041.566 
  inflammation                        0.370      0.055      0.264      0.481     44.704      0.000   2701.814 

Standard Deviations:            
  Residual SD                         0.685      0.035      0.620      0.757        ---        ---   3879.193 

Standardized Coefficients:      
  inflammation                        0.476      0.061      0.351      0.588     59.890      0.000   2549.564 

Proportion Variance Explained   
  by Coefficients                     0.227      0.058      0.124      0.346        ---        ---   2503.264 
  by Residual Variation               0.773      0.058      0.654      0.876        ---        ---   2503.264 

                                ------------------------------------------------------------------------------



Outcome Variable:  tnf        

Parameters                         Estimate     StdDev       2.5%      97.5%      ChiSq     PValue      N_Eff 
                                ------------------------------------------------------------------------------
Variances:                      
  Residual Var.                       0.531      0.069      0.403      0.677        ---        ---   1749.665 

Coefficients:                   
  Intercept                           0.462      0.075      0.312      0.602     38.174      0.000    774.950 
  inflammation                        0.594      0.066      0.463      0.724     80.156      0.000   1929.976 

Standard Deviations:            
  Residual SD                         0.729      0.047      0.635      0.823        ---        ---   1708.403 

Standardized Coefficients:      
  inflammation                        0.632      0.057      0.512      0.736    124.094      0.000   1560.271 

Proportion Variance Explained   
  by Coefficients                     0.400      0.071      0.262      0.542        ---        ---   1520.663 
  by Residual Variation               0.600      0.071      0.458      0.738        ---        ---   1520.663 

                                ------------------------------------------------------------------------------



GENERATED PARAMETERS:

  Summaries based on 10000 iterations using 4 chains.
  NOTE: Estimate column based on posterior median.


Parameters                         Estimate     StdDev       2.5%      97.5%      ChiSq     PValue      N_Eff 
                                ------------------------------------------------------------------------------

  indirect                            0.316      0.223     -0.038      0.834      2.309      0.129   1351.275 

                                ------------------------------------------------------------------------------


PREDICTOR MODEL ESTIMATES:

  Summaries based on 10000 iterations using 4 chains.
  NOTE: Estimate column based on posterior median.



Complete predictor: female     

Parameters                         Estimate     StdDev       2.5%      97.5%      ChiSq     PValue      N_Eff 
                                ------------------------------------------------------------------------------

Grand Mean                           -0.354      0.076     -0.505     -0.205     21.684      0.000   3933.826 

Level 1:                                                                                                      
  els                                 0.057      0.094     -0.131      0.240      0.361      0.548   2362.174 
  age                                -0.027      0.014     -0.054     -0.000      3.916      0.048   4265.555 
  Residual Var.                       1.000      0.000      1.000      1.000        ---        ---        --- 
Thresholds:                                                                                                   
  Tau 1                               0.000      0.000      0.000      0.000        ---        ---        --- 
                                                                                                              
                                ------------------------------------------------------------------------------



Missing predictor:  els        

Parameters                         Estimate     StdDev       2.5%      97.5%      ChiSq     PValue      N_Eff 
                                ------------------------------------------------------------------------------

Grand Mean                           -0.292      0.077     -0.444     -0.140     14.181      0.000   3676.684 

Level 1:                                                                                                      
  female                              0.057      0.094     -0.128      0.239      0.352      0.553   2236.408 
  age                                -0.035      0.014     -0.062     -0.008      6.522      0.011   3701.857 
  Residual Var.                       1.000      0.000      1.000      1.000        ---        ---        --- 
Thresholds:                                                                                                   
  Tau 1                               0.000      0.000      0.000      0.000        ---        ---        --- 
                                                                                                              
                                ------------------------------------------------------------------------------



Complete predictor: age        

Parameters                         Estimate     StdDev       2.5%      97.5%      ChiSq     PValue      N_Eff 
                                ------------------------------------------------------------------------------

Grand Mean                           45.596      0.334     44.914     46.252  18617.979      0.000   2009.108 

Level 1:                                                                                                      
  female                             -0.817      0.400     -1.577     -0.017      4.088      0.043   6409.777 
  els                                -1.050      0.398     -1.821     -0.266      6.941      0.008   5406.886 
  Residual Var.                      29.998      2.592     25.397     35.598        ---        ---   8815.969 
                                                                                                              
                                ------------------------------------------------------------------------------


pdf 
  2 
pdf 
  2 
Wrote:
  /Users/craig/Dropbox/Research/Applied Data Modeling in Blimp/Figures/Figure 6.4.pdf
  /Users/craig/Dropbox/Research/Applied Data Modeling in Blimp/Figures/Figure 6.4.png
