! Setting executable does not persist on exit.
→ Checking for Blimp Update...

ITERATION HISTORY:

  Chain 2 burn-in started on Aug 15 19:38:06 2026
  Chain 3 burn-in started on Aug 15 19:38:06 2026
  Chain 1 burn-in started on Aug 15 19:38:06 2026
  Chain 4 burn-in started on Aug 15 19:38:06 2026
  Chain 2 burn-in iteration 2500 completed on Aug 15 19:38:06 2026
  Chain 1 burn-in iteration 2500 completed on Aug 15 19:38:06 2026
  Chain 3 burn-in iteration 2500 completed on Aug 15 19:38:06 2026
  Chain 4 burn-in iteration 2500 completed on Aug 15 19:38:06 2026
  Chain 2 burn-in iteration 5000 completed on Aug 15 19:38:07 2026
  Chain 3 burn-in iteration 5000 completed on Aug 15 19:38:07 2026
  Chain 1 burn-in iteration 5000 completed on Aug 15 19:38:07 2026
  Chain 4 burn-in iteration 5000 completed on Aug 15 19:38:07 2026
  Chain 2 burn-in iteration 7500 completed on Aug 15 19:38:07 2026
  Chain 3 burn-in iteration 7500 completed on Aug 15 19:38:07 2026
  Chain 1 burn-in iteration 7500 completed on Aug 15 19:38:07 2026
  Chain 4 burn-in iteration 7500 completed on Aug 15 19:38:07 2026
  Chain 2 burn-in iteration 10000 completed on Aug 15 19:38:08 2026
  Chain 2 completed burn-in on Aug 15 19:38:08 2026
  Chain 3 burn-in iteration 10000 completed on Aug 15 19:38:08 2026
  Chain 3 completed burn-in on Aug 15 19:38:08 2026
  Chain 1 burn-in iteration 10000 completed on Aug 15 19:38:08 2026
  Chain 1 completed burn-in on Aug 15 19:38:08 2026
  Chain 4 burn-in iteration 10000 completed on Aug 15 19:38:08 2026
  Chain 4 completed burn-in on Aug 15 19:38:08 2026
  Chain 2 completed iteration 625 on Aug 15 19:38:08 2026
  Chain 3 completed iteration 625 on Aug 15 19:38:08 2026
  Chain 4 completed iteration 625 on Aug 15 19:38:08 2026
  Chain 1 completed iteration 625 on Aug 15 19:38:08 2026
  Chain 2 completed iteration 1250 on Aug 15 19:38:09 2026
  Chain 3 completed iteration 1250 on Aug 15 19:38:09 2026
  Chain 1 completed iteration 1250 on Aug 15 19:38:09 2026
  Chain 4 completed iteration 1250 on Aug 15 19:38:09 2026
  Chain 2 completed iteration 1875 on Aug 15 19:38:10 2026
  Chain 3 completed iteration 1875 on Aug 15 19:38:10 2026
  Chain 1 completed iteration 1875 on Aug 15 19:38:10 2026
  Chain 4 completed iteration 1875 on Aug 15 19:38:10 2026
  Chain 2 completed iteration 2500 on Aug 15 19:38:11 2026
  Chain 2 finished on Aug 15 19:38:11 2026
  Chain 3 completed iteration 2500 on Aug 15 19:38:11 2026
  Chain 3 finished on Aug 15 19:38:11 2026
  Chain 1 completed iteration 2500 on Aug 15 19:38:11 2026
  Chain 4 completed iteration 2500 on Aug 15 19:38:11 2026
  Chain 1 finished on Aug 15 19:38:11 2026
  Chain 4 finished on Aug 15 19:38:11 2026


---------------------------------------------------------------------------

                                   Blimp
                                 4.1.0.b11

             Blimp was developed with funding from Institute of
           Education Sciences awards R305D150056 and R305D190002.

            Craig K. Enders, P.I. Email: cenders@psych.ucla.edu
           Brian T. Keller, Co-P.I. Email: btkeller@missouri.edu
                 Han Du, Co-P.I. Email: hdu@psych.ucla.edu
                 Roy Levy, Co-P.I. Email: roy.levy@asu.edu

              Programming and Blimp Studio by Brian T. Keller

                   There is no expressed license given.

---------------------------------------------------------------------------


ALGORITHMIC OPTIONS SPECIFIED:

  Imputation method:                 Fully Bayesian model-based
  MCMC algorithm:                    Full conditional Metropolis sampler with
                                       Auto-Derived Conditional Distributions
  Default Priors:
    Multilevel covariance matrices:  Zero matrix, df = -(p + 1) (PRIOR2)
    Outcome covariance matrices:     Zero matrix, df = -(p + 1) (PRIOR2)
    Predictor model variances:       Unit sum of squares, df = 2 (XPRIOR1)
  Chain Starting Values:             Random starting values


  NOTE: The default prior for regression coefficients 
        in categorical models is 'normal( 0.0, 5.0)'

  NOTE: For complete list of priors include 'pinfo' in the options.


BURN-IN POTENTIAL SCALE REDUCTION (PSR) OUTPUT:

  NOTE: Rank-normalized Rhat (Vehtari et al., 2021) is being used.
        This applies rank normalization and chain folding for robust
        convergence detection across all chains.

  Comparing iterations across 4 chains     Highest Rhat   Parameter #  
                          251 to 500             1.151             3  
                          501 to 1000            1.060             3  
                          751 to 1500            1.043            12  
                         1001 to 2000            1.052            12  
                         1251 to 2500            1.017            20  
                         1501 to 3000            1.072             3  
                         1751 to 3500            1.039             3  
                         2001 to 4000            1.049             3  
                         2251 to 4500            1.052             3  
                         2501 to 5000            1.034             3  
                         2751 to 5500            1.025             3  
                         3001 to 6000            1.024             3  
                         3251 to 6500            1.015             3  
                         3501 to 7000            1.023             3  
                         3751 to 7500            1.013            12  
                         4001 to 8000            1.010             3  
                         4251 to 8500            1.009             3  
                         4501 to 9000            1.018             3  
                         4751 to 9500            1.008             3  
                         5001 to 10000           1.016             3  


DATA INFORMATION:

  Level-2 identifier:       school
  Sample Size:              982
  Level-2 Clusters:         29
  Missing Data Info:

                      Pattern #:       1     2     3     4     5     6     7
                          miss % --------------------------------------------
                 hispanic =  9.0       -     -     M     -     M     -     M  
                 stanmath =  7.4       -     -     -     M     -     M     M  
                probsolve = 20.5       -     M     -     -     M     M     -  
                                 --------------------------------------------
                                 %  66.2  17.8   7.1   5.8   1.4   1.2   0.4


MODEL INFORMATION:

  NUMBER OF PARAMETERS
    Outcome Models:         8
    Predictor Models:       0

  MODELS
    [1]  hispanic ~ Intercept
    [2]  probsolve ~ Intercept
    [3]  stanmath ~ Intercept


 WARNING MESSAGES:

  No warning messages.


MODEL FIT:


  INFORMATION CRITERIA

    Marginal Likelihood
      DIC2                  16496.252
      WAIC                  16989.424

    Conditional Likelihood
      DIC2                  16283.991
      WAIC                  16784.948


IMPUTED DATA SUMMARIES:

  NOTE: Imputed data summaries are averaged across 10000 data sets.


Variables                              Mean     StdDev        25%        50%        75%        Min        Max 
                                ------------------------------------------------------------------------------

  hispanic                            0.666      0.472      0.000      1.000      1.000      0.000      1.000 
  probsolve                          54.144      5.788     50.868     54.296     58.262     36.626     70.136 
  stanmath                           50.228     10.154     44.736     51.138     56.618      5.299     87.815 

                                ------------------------------------------------------------------------------



CORRELATIONS AMONG RESIDUALS:

  Summaries based on 10000 iterations using 4 chains.
  NOTE: Estimate column based on posterior median.


   Level-1:

Correlations                       Estimate     StdDev       2.5%      97.5%      ChiSq     PValue      N_Eff 
                                ------------------------------------------------------------------------------

  hispanic, probsolve                 0.040      0.041     -0.043      0.119      0.910      0.340   9345.823 
  hispanic, stanmath                  0.018      0.040     -0.060      0.097      0.192      0.661   9643.623 
  probsolve, stanmath                 0.339      0.033      0.272      0.402    104.835      0.000   9660.754 

                                ------------------------------------------------------------------------------



OUTCOME MODEL ESTIMATES:

  Summaries based on 10000 iterations using 4 chains.
  NOTE: Estimate column based on posterior median.


Outcome Variable:  hispanic   

Parameters                         Estimate     StdDev       2.5%      97.5%      ChiSq     PValue      N_Eff 
                                ------------------------------------------------------------------------------
Variances:                      
  L2 : Var(Intercept)                 0.826      0.296      0.453      1.592        ---        ---   2916.146 
  Residual Var.                       1.000      0.000      1.000      1.000        ---        ---        --- 

Coefficients:                   
  Intercept                           0.467      0.172      0.145      0.813      7.382      0.007    204.844 

Thresholds:                     
  Tau 1                               0.000      0.000      0.000      0.000        ---        ---        --- 

Standard Deviations:            
  L2 : SD(Intercept)                  0.909      0.150      0.673      1.262        ---        ---   2857.044 
  Residual SD                         1.000      0.000      1.000      1.000        ---        ---        --- 

Proportion Variance Explained   
  by Coefficients                     0.000      0.000      0.000      0.000        ---        ---        --- 
  by Level-2 Random Intercepts        0.452      0.077      0.312      0.614        ---        ---   2855.780 
  by Level-1 Residual Variation       0.548      0.077      0.386      0.688        ---        ---   2855.780 

                                ------------------------------------------------------------------------------



Outcome Variable:  probsolve  

Parameters                         Estimate     StdDev       2.5%      97.5%      ChiSq     PValue      N_Eff 
                                ------------------------------------------------------------------------------
Variances:                      
  L2 : Var(Intercept)                 8.643      3.034      4.846     16.515        ---        ---   4122.018 
  Residual Var.                      25.265      1.294     22.891     28.013        ---        ---   6373.611 

Coefficients:                   
  Intercept                          53.878      0.631     52.630     55.143   7282.701      0.000    398.381 

Standard Deviations:            
  L2 : SD(Intercept)                  2.940      0.479      2.201      4.064        ---        ---   4057.174 
  Residual SD                         5.026      0.128      4.784      5.293        ---        ---   6373.436 

Proportion Variance Explained   
  by Coefficients                     0.000      0.000      0.000      0.000        ---        ---        --- 
  by Level-2 Random Intercepts        0.255      0.061      0.160      0.396        ---        ---   3994.093 
  by Level-1 Residual Variation       0.745      0.061      0.604      0.840        ---        ---   3994.093 

                                ------------------------------------------------------------------------------



Outcome Variable:  stanmath   

Parameters                         Estimate     StdDev       2.5%      97.5%      ChiSq     PValue      N_Eff 
                                ------------------------------------------------------------------------------
Variances:                      
  L2 : Var(Intercept)                20.206      7.279     11.228     39.458        ---        ---   4815.198 
  Residual Var.                      83.810      4.022     76.337     91.997        ---        ---   7650.005 

Coefficients:                   
  Intercept                          50.344      0.896     48.622     52.157   3160.558      0.000    575.536 

Standard Deviations:            
  L2 : SD(Intercept)                  4.495      0.744      3.351      6.282        ---        ---   4664.393 
  Residual SD                         9.155      0.219      8.737      9.592        ---        ---   7646.412 

Proportion Variance Explained   
  by Coefficients                     0.000      0.000      0.000      0.000        ---        ---        --- 
  by Level-2 Random Intercepts        0.194      0.052      0.117      0.321        ---        ---   4753.256 
  by Level-1 Residual Variation       0.806      0.052      0.679      0.883        ---        ---   4753.256 

                                ------------------------------------------------------------------------------




ITERATION HISTORY:

  Chain 1 burn-in started on Aug 15 19:38:14 2026
  Chain 3 burn-in started on Aug 15 19:38:14 2026
  Chain 4 burn-in started on Aug 15 19:38:14 2026
  Chain 2 burn-in started on Aug 15 19:38:14 2026
  Chain 2 burn-in iteration 2500 completed on Aug 15 19:38:14 2026
  Chain 4 burn-in iteration 2500 completed on Aug 15 19:38:14 2026
  Chain 1 burn-in iteration 2500 completed on Aug 15 19:38:14 2026
  Chain 3 burn-in iteration 2500 completed on Aug 15 19:38:14 2026
  Chain 2 burn-in iteration 5000 completed on Aug 15 19:38:15 2026
  Chain 4 burn-in iteration 5000 completed on Aug 15 19:38:15 2026
  Chain 3 burn-in iteration 5000 completed on Aug 15 19:38:15 2026
  Chain 1 burn-in iteration 5000 completed on Aug 15 19:38:15 2026
  Chain 2 burn-in iteration 7500 completed on Aug 15 19:38:15 2026
  Chain 4 burn-in iteration 7500 completed on Aug 15 19:38:15 2026
  Chain 1 burn-in iteration 7500 completed on Aug 15 19:38:15 2026
  Chain 3 burn-in iteration 7500 completed on Aug 15 19:38:15 2026
  Chain 2 burn-in iteration 10000 completed on Aug 15 19:38:15 2026
  Chain 2 completed burn-in on Aug 15 19:38:15 2026
  Chain 4 burn-in iteration 10000 completed on Aug 15 19:38:15 2026
  Chain 4 completed burn-in on Aug 15 19:38:15 2026
  Chain 1 burn-in iteration 10000 completed on Aug 15 19:38:15 2026
  Chain 1 completed burn-in on Aug 15 19:38:15 2026
  Chain 3 burn-in iteration 10000 completed on Aug 15 19:38:15 2026
  Chain 3 completed burn-in on Aug 15 19:38:15 2026
  Chain 2 saved imputation 2 on Aug 15 19:38:16 2026
  Chain 4 saved imputation 4 on Aug 15 19:38:16 2026
  Chain 1 saved imputation 1 on Aug 15 19:38:16 2026
  Chain 3 saved imputation 3 on Aug 15 19:38:16 2026
  Chain 2 completed iteration 625 on Aug 15 19:38:16 2026
  Chain 4 completed iteration 625 on Aug 15 19:38:16 2026
  Chain 3 completed iteration 625 on Aug 15 19:38:16 2026
  Chain 1 completed iteration 625 on Aug 15 19:38:16 2026
  Chain 2 saved imputation 6 on Aug 15 19:38:17 2026
  Chain 4 saved imputation 8 on Aug 15 19:38:17 2026
  Chain 3 saved imputation 7 on Aug 15 19:38:17 2026
  Chain 1 saved imputation 5 on Aug 15 19:38:17 2026
  Chain 4 completed iteration 1250 on Aug 15 19:38:17 2026
  Chain 2 completed iteration 1250 on Aug 15 19:38:17 2026
  Chain 1 completed iteration 1250 on Aug 15 19:38:17 2026
  Chain 3 completed iteration 1250 on Aug 15 19:38:17 2026
  Chain 2 saved imputation 10 on Aug 15 19:38:17 2026
  Chain 1 saved imputation 9 on Aug 15 19:38:17 2026
  Chain 4 saved imputation 12 on Aug 15 19:38:17 2026
  Chain 3 saved imputation 11 on Aug 15 19:38:17 2026
  Chain 2 completed iteration 1875 on Aug 15 19:38:18 2026
  Chain 1 completed iteration 1875 on Aug 15 19:38:18 2026
  Chain 4 completed iteration 1875 on Aug 15 19:38:18 2026
  Chain 3 completed iteration 1875 on Aug 15 19:38:18 2026
  Chain 2 saved imputation 14 on Aug 15 19:38:18 2026
  Chain 1 saved imputation 13 on Aug 15 19:38:18 2026
  Chain 4 saved imputation 16 on Aug 15 19:38:18 2026
  Chain 3 saved imputation 15 on Aug 15 19:38:18 2026
  Chain 2 completed iteration 2500 on Aug 15 19:38:19 2026
  Chain 2 saved imputation 18 on Aug 15 19:38:19 2026
  Chain 2 finished on Aug 15 19:38:19 2026
  Chain 1 completed iteration 2500 on Aug 15 19:38:19 2026
  Chain 1 saved imputation 17 on Aug 15 19:38:19 2026
  Chain 1 finished on Aug 15 19:38:19 2026
  Chain 4 completed iteration 2500 on Aug 15 19:38:19 2026
  Chain 4 saved imputation 20 on Aug 15 19:38:19 2026
  Chain 3 completed iteration 2500 on Aug 15 19:38:19 2026
  Chain 3 saved imputation 19 on Aug 15 19:38:19 2026
  Chain 4 finished on Aug 15 19:38:19 2026
  Chain 3 finished on Aug 15 19:38:19 2026


---------------------------------------------------------------------------

                                   Blimp
                                 4.1.0.b11

             Blimp was developed with funding from Institute of
           Education Sciences awards R305D150056 and R305D190002.

            Craig K. Enders, P.I. Email: cenders@psych.ucla.edu
           Brian T. Keller, Co-P.I. Email: btkeller@missouri.edu
                 Han Du, Co-P.I. Email: hdu@psych.ucla.edu
                 Roy Levy, Co-P.I. Email: roy.levy@asu.edu

              Programming and Blimp Studio by Brian T. Keller

                   There is no expressed license given.

---------------------------------------------------------------------------


ALGORITHMIC OPTIONS SPECIFIED:

  Imputation method:                 Fully Bayesian model-based
  MCMC algorithm:                    Full conditional Metropolis sampler with
                                       Auto-Derived Conditional Distributions
  Default Priors:
    Multilevel covariance matrices:  Zero matrix, df = -(p + 1) (PRIOR2)
    Outcome covariance matrices:     Zero matrix, df = -(p + 1) (PRIOR2)
    Predictor model variances:       Unit sum of squares, df = 2 (XPRIOR1)
  Chain Starting Values:             Random starting values


  NOTE: The default prior for regression coefficients 
        in categorical models is 'normal( 0.0, 5.0)'

  NOTE: For complete list of priors include 'pinfo' in the options.


BURN-IN POTENTIAL SCALE REDUCTION (PSR) OUTPUT:

  NOTE: Rank-normalized Rhat (Vehtari et al., 2021) is being used.
        This applies rank normalization and chain folding for robust
        convergence detection across all chains.

  Comparing iterations across 4 chains     Highest Rhat   Parameter #  
                          251 to 500             1.151             3  
                          501 to 1000            1.060             3  
                          751 to 1500            1.043            12  
                         1001 to 2000            1.052            12  
                         1251 to 2500            1.017            20  
                         1501 to 3000            1.072             3  
                         1751 to 3500            1.039             3  
                         2001 to 4000            1.049             3  
                         2251 to 4500            1.052             3  
                         2501 to 5000            1.034             3  
                         2751 to 5500            1.025             3  
                         3001 to 6000            1.024             3  
                         3251 to 6500            1.015             3  
                         3501 to 7000            1.023             3  
                         3751 to 7500            1.013            12  
                         4001 to 8000            1.010             3  
                         4251 to 8500            1.009             3  
                         4501 to 9000            1.018             3  
                         4751 to 9500            1.008             3  
                         5001 to 10000           1.016             3  


DATA INFORMATION:

  Level-2 identifier:       school
  Sample Size:              982
  Level-2 Clusters:         29
  Missing Data Info:

                      Pattern #:       1     2     3     4     5     6     7
                          miss % --------------------------------------------
                 hispanic =  9.0       -     -     M     -     M     -     M  
                 stanmath =  7.4       -     -     -     M     -     M     M  
                probsolve = 20.5       -     M     -     -     M     M     -  
                                 --------------------------------------------
                                 %  66.2  17.8   7.1   5.8   1.4   1.2   0.4


MODEL INFORMATION:

  NUMBER OF PARAMETERS
    Outcome Models:         8
    Predictor Models:       0

  MODELS
    [1]  hispanic ~ Intercept
    [2]  probsolve ~ Intercept
    [3]  stanmath ~ Intercept


 WARNING MESSAGES:

  No warning messages.


MODEL FIT:


  INFORMATION CRITERIA

    Marginal Likelihood
      DIC2                  16496.252
      WAIC                  16989.424

    Conditional Likelihood
      DIC2                  16283.991
      WAIC                  16784.948


IMPUTED DATA SUMMARIES:

  NOTE: Imputed data summaries are averaged across 10000 data sets.


Variables                              Mean     StdDev        25%        50%        75%        Min        Max 
                                ------------------------------------------------------------------------------

  hispanic                            0.666      0.472      0.000      1.000      1.000      0.000      1.000 
  probsolve                          54.144      5.788     50.868     54.296     58.262     36.626     70.136 
  stanmath                           50.228     10.154     44.736     51.138     56.618      5.299     87.815 

                                ------------------------------------------------------------------------------



CORRELATIONS AMONG RESIDUALS:

  Summaries based on 10000 iterations using 4 chains.
  NOTE: Estimate column based on posterior median.


   Level-1:

Correlations                       Estimate     StdDev       2.5%      97.5%      ChiSq     PValue      N_Eff 
                                ------------------------------------------------------------------------------

  hispanic, probsolve                 0.040      0.041     -0.043      0.119      0.910      0.340   9345.823 
  hispanic, stanmath                  0.018      0.040     -0.060      0.097      0.192      0.661   9643.623 
  probsolve, stanmath                 0.339      0.033      0.272      0.402    104.835      0.000   9660.754 

                                ------------------------------------------------------------------------------



OUTCOME MODEL ESTIMATES:

  Summaries based on 10000 iterations using 4 chains.
  NOTE: Estimate column based on posterior median.


Outcome Variable:  hispanic   

Parameters                         Estimate     StdDev       2.5%      97.5%      ChiSq     PValue      N_Eff 
                                ------------------------------------------------------------------------------
Variances:                      
  L2 : Var(Intercept)                 0.826      0.296      0.453      1.592        ---        ---   2916.146 
  Residual Var.                       1.000      0.000      1.000      1.000        ---        ---        --- 

Coefficients:                   
  Intercept                           0.467      0.172      0.145      0.813      7.382      0.007    204.844 

Thresholds:                     
  Tau 1                               0.000      0.000      0.000      0.000        ---        ---        --- 

Standard Deviations:            
  L2 : SD(Intercept)                  0.909      0.150      0.673      1.262        ---        ---   2857.044 
  Residual SD                         1.000      0.000      1.000      1.000        ---        ---        --- 

Proportion Variance Explained   
  by Coefficients                     0.000      0.000      0.000      0.000        ---        ---        --- 
  by Level-2 Random Intercepts        0.452      0.077      0.312      0.614        ---        ---   2855.780 
  by Level-1 Residual Variation       0.548      0.077      0.386      0.688        ---        ---   2855.780 

                                ------------------------------------------------------------------------------



Outcome Variable:  probsolve  

Parameters                         Estimate     StdDev       2.5%      97.5%      ChiSq     PValue      N_Eff 
                                ------------------------------------------------------------------------------
Variances:                      
  L2 : Var(Intercept)                 8.643      3.034      4.846     16.515        ---        ---   4122.018 
  Residual Var.                      25.265      1.294     22.891     28.013        ---        ---   6373.611 

Coefficients:                   
  Intercept                          53.878      0.631     52.630     55.143   7282.701      0.000    398.381 

Standard Deviations:            
  L2 : SD(Intercept)                  2.940      0.479      2.201      4.064        ---        ---   4057.174 
  Residual SD                         5.026      0.128      4.784      5.293        ---        ---   6373.436 

Proportion Variance Explained   
  by Coefficients                     0.000      0.000      0.000      0.000        ---        ---        --- 
  by Level-2 Random Intercepts        0.255      0.061      0.160      0.396        ---        ---   3994.093 
  by Level-1 Residual Variation       0.745      0.061      0.604      0.840        ---        ---   3994.093 

                                ------------------------------------------------------------------------------



Outcome Variable:  stanmath   

Parameters                         Estimate     StdDev       2.5%      97.5%      ChiSq     PValue      N_Eff 
                                ------------------------------------------------------------------------------
Variances:                      
  L2 : Var(Intercept)                20.206      7.279     11.228     39.458        ---        ---   4815.198 
  Residual Var.                      83.810      4.022     76.337     91.997        ---        ---   7650.005 

Coefficients:                   
  Intercept                          50.344      0.896     48.622     52.157   3160.558      0.000    575.536 

Standard Deviations:            
  L2 : SD(Intercept)                  4.495      0.744      3.351      6.282        ---        ---   4664.393 
  Residual SD                         9.155      0.219      8.737      9.592        ---        ---   7646.412 

Proportion Variance Explained   
  by Coefficients                     0.000      0.000      0.000      0.000        ---        ---        --- 
  by Level-2 Random Intercepts        0.194      0.052      0.117      0.321        ---        ---   4753.256 
  by Level-1 Residual Variation       0.806      0.052      0.679      0.883        ---        ---   4753.256 

                                ------------------------------------------------------------------------------



pdf 
  2 
pdf 
  2 
