! Setting executable does not persist on exit.
→ Checking for Blimp Update...

ITERATION HISTORY:

  Chain 1 burn-in started on Aug 15 19:55:51 2026
  Chain 2 burn-in started on Aug 15 19:55:51 2026
  Chain 3 burn-in started on Aug 15 19:55:51 2026
  Chain 4 burn-in started on Aug 15 19:55:51 2026
  Chain 2 burn-in iteration 6250 completed on Aug 15 19:55:53 2026
  Chain 1 burn-in iteration 6250 completed on Aug 15 19:55:53 2026
  Chain 3 burn-in iteration 6250 completed on Aug 15 19:55:53 2026
  Chain 4 burn-in iteration 6250 completed on Aug 15 19:55:53 2026
  Chain 2 burn-in iteration 12500 completed on Aug 15 19:55:54 2026
  Chain 1 burn-in iteration 12500 completed on Aug 15 19:55:54 2026
  Chain 3 burn-in iteration 12500 completed on Aug 15 19:55:54 2026
  Chain 4 burn-in iteration 12500 completed on Aug 15 19:55:54 2026
  Chain 2 burn-in iteration 18750 completed on Aug 15 19:55:56 2026
  Chain 1 burn-in iteration 18750 completed on Aug 15 19:55:56 2026
  Chain 3 burn-in iteration 18750 completed on Aug 15 19:55:56 2026
  Chain 4 burn-in iteration 18750 completed on Aug 15 19:55:56 2026
  Chain 2 burn-in iteration 25000 completed on Aug 15 19:55:58 2026
  Chain 2 completed burn-in on Aug 15 19:55:58 2026
  Chain 1 burn-in iteration 25000 completed on Aug 15 19:55:58 2026
  Chain 1 completed burn-in on Aug 15 19:55:58 2026
  Chain 3 burn-in iteration 25000 completed on Aug 15 19:55:58 2026
  Chain 3 completed burn-in on Aug 15 19:55:58 2026
  Chain 4 burn-in iteration 25000 completed on Aug 15 19:55:58 2026
  Chain 4 completed burn-in on Aug 15 19:55:58 2026
  Chain 2 completed iteration 1562 on Aug 15 19:55:59 2026
  Chain 1 completed iteration 1562 on Aug 15 19:55:59 2026
  Chain 3 completed iteration 1562 on Aug 15 19:55:59 2026
  Chain 4 completed iteration 1562 on Aug 15 19:55:59 2026
  Chain 2 completed iteration 3124 on Aug 15 19:56:00 2026
  Chain 1 completed iteration 3124 on Aug 15 19:56:00 2026
  Chain 3 completed iteration 3124 on Aug 15 19:56:00 2026
  Chain 4 completed iteration 3124 on Aug 15 19:56:00 2026
  Chain 2 completed iteration 4686 on Aug 15 19:56:01 2026
  Chain 1 completed iteration 4686 on Aug 15 19:56:01 2026
  Chain 3 completed iteration 4686 on Aug 15 19:56:01 2026
  Chain 4 completed iteration 4686 on Aug 15 19:56:01 2026
  Chain 2 completed iteration 6248 on Aug 15 19:56:02 2026
  Chain 2 finished on Aug 15 19:56:02 2026
  Chain 1 completed iteration 6248 on Aug 15 19:56:02 2026
  Chain 1 finished on Aug 15 19:56:02 2026
  Chain 3 completed iteration 6248 on Aug 15 19:56:02 2026
  Chain 3 finished on Aug 15 19:56:02 2026
  Chain 4 completed iteration 6248 on Aug 15 19:56:02 2026
  Chain 4 finished on Aug 15 19:56:02 2026


---------------------------------------------------------------------------

                                   Blimp
                                 4.1.0.b11

             Blimp was developed with funding from Institute of
           Education Sciences awards R305D150056 and R305D190002.

            Craig K. Enders, P.I. Email: cenders@psych.ucla.edu
           Brian T. Keller, Co-P.I. Email: btkeller@missouri.edu
                 Han Du, Co-P.I. Email: hdu@psych.ucla.edu
                 Roy Levy, Co-P.I. Email: roy.levy@asu.edu

              Programming and Blimp Studio by Brian T. Keller

                   There is no expressed license given.

---------------------------------------------------------------------------


ALGORITHMIC OPTIONS SPECIFIED:

  Imputation method:                 Fully Bayesian model-based
  MCMC algorithm:                    Full conditional Metropolis sampler with
                                       Auto-Derived Conditional Distributions
  Default Priors:
    Multilevel covariance matrices:  Zero matrix, df = -(p + 1) (PRIOR2)
    Outcome covariance matrices:     Zero matrix, df = -(p + 1) (PRIOR2)
    Predictor model variances:       Unit sum of squares, df = 2 (XPRIOR1)
  Chain Starting Values:             Random starting values


  NOTE: The default prior for regression coefficients 
        in categorical models is 'normal( 0.0, 5.0)'

  NOTE: For complete list of priors include 'pinfo' in the options.


BURN-IN POTENTIAL SCALE REDUCTION (PSR) OUTPUT:

  NOTE: Rank-normalized Rhat (Vehtari et al., 2021) is being used.
        This applies rank normalization and chain folding for robust
        convergence detection across all chains.

  Comparing iterations across 4 chains     Highest Rhat   Parameter #  
                          626 to 1250            1.098            11  
                         1251 to 2500            1.425            11  
                         1876 to 3750            1.177            11  
                         2501 to 5000            1.135            11  
                         3126 to 6250            1.043            11  
                         3751 to 7500            1.128            11  
                         4376 to 8750            1.076            11  
                         5001 to 10000           1.066            11  
                         5626 to 11250           1.078            11  
                         6251 to 12500           1.055            11  
                         6876 to 13750           1.036            20  
                         7501 to 15000           1.029            11  
                         8126 to 16250           1.032            11  
                         8751 to 17500           1.022            11  
                         9376 to 18750           1.013            11  
                        10001 to 20000           1.026            11  
                        10626 to 21250           1.039            11  
                        11251 to 22500           1.041            11  
                        11876 to 23750           1.031            11  
                        12501 to 25000           1.023            11  


DATA INFORMATION:

  Level-2 identifier:       person
  Sample Size:              1748
  Level-2 Clusters:         437
  Missing Data Info:

                      Pattern #:       1     2
                          miss % --------------
                 severity =  9.9       -     M  
                     male =  0.0       -     -  
                     drug =  0.0       -     -  
                    visit =  0.0       -     -  
                                 --------------
                                 %  90.1   9.9


MODEL INFORMATION:

  NUMBER OF PARAMETERS
    Outcome Models:         9
    Predictor Models:       6

  PREDICTORS
    Complete continuous:    visit
    Complete ordinal:       male drug

  MODELS
    [1]  severity ~ Intercept visit drug male visit*drug | Intercept visit


 WARNING MESSAGES:

  WARNING: The focal predictor "visit" is not centered.
           Simple intercepts in the conditional effects table are
           evaluated at a score of zero on the focal predictor.
  
  WARNING: Excluding the following variables as predictors at the listed level.
           Their latent cluster means will not be estimated at the listed level.
  
             Variable "visit" excluded from level-2.
  
           These variables are orthogonal to all variables at that level
           (e.g., because they lack variation at that level).


MODEL FIT:


  INFORMATION CRITERIA

    Marginal Likelihood
      DIC2                  5419.099
      WAIC                  5486.390

    Conditional Likelihood
      DIC2                  4809.069
      WAIC                  5023.123


IMPUTED DATA SUMMARIES:

  NOTE: Imputed data summaries are averaged across 25000 data sets.


Variables                              Mean     StdDev        25%        50%        75%        Min        Max 
                                ------------------------------------------------------------------------------

  severity                            5.344      1.573      4.498      5.500      6.500     -0.202      9.090 
  male                                0.458      0.499      0.000      0.000      1.000      0.000      1.000 
  drug                                0.748      0.434      0.000      1.000      1.000      0.000      1.000 
  visit                               1.500      1.118      0.500      1.500      2.500      0.000      3.000 

                                ------------------------------------------------------------------------------



CORRELATIONS AMONG RESIDUALS:

  No residual correlations.



OUTCOME MODEL ESTIMATES:

  Summaries based on 25000 iterations using 4 chains.
  NOTE: Estimate column based on posterior median.


Outcome Variable:  severity   

Parameters                         Estimate     StdDev       2.5%      97.5%      ChiSq     PValue      N_Eff 
                                ------------------------------------------------------------------------------
Variances:                      
  L2 : Var(Intercept)                 0.185      0.053      0.100      0.302        ---        ---    166.013 
  L2 : Cov(visit,Intercept)           0.089      0.024      0.033      0.127        ---        ---    171.043 
  L2 : Var(visit)                     0.125      0.021      0.089      0.172        ---        ---    344.417 
  Residual Var.                       0.811      0.039      0.738      0.889        ---        ---    567.183 

Coefficients:                   
  Intercept                           6.316      0.091      6.139      6.496   4856.285      0.000   7440.919 
  visit                              -0.316      0.053     -0.420     -0.213     35.938      0.000   4875.533 
  drug                                0.009      0.096     -0.179      0.199      0.010      0.921   7781.506 
  male                                0.162      0.079      0.005      0.317      4.165      0.041   4551.444 
  visit*drug                         -0.517      0.062     -0.637     -0.395     69.901      0.000   4740.633 

Standard Deviations:            
  L2 : SD(Intercept)                  0.430      0.061      0.316      0.550        ---        ---    154.226 
  L2 : Cor(visit,Intercept)           0.610      0.217      0.168      0.968        ---        ---    105.711 
  L2 : SD(visit)                      0.353      0.030      0.298      0.415        ---        ---    342.450 
  Residual SD                         0.901      0.021      0.859      0.943        ---        ---    565.810 

Standardized Coefficients:      
  visit                              -0.223      0.038     -0.298     -0.150     35.157      0.000   4701.837 
  drug                                0.003      0.026     -0.049      0.055      0.010      0.919   7803.231 
  male                                0.051      0.025      0.002      0.100      4.181      0.041   4560.709 
  visit*drug                         -0.381      0.044     -0.465     -0.294     76.526      0.000   5270.008 

Proportion Variance Explained   
  by Coefficients                     0.321      0.020      0.281      0.360        ---        ---   4090.216 
  by Level-2 Random Intercepts        0.292      0.021      0.252      0.334        ---        ---   2756.929 
  by Level-2 Random Slopes            0.062      0.010      0.045      0.084        ---        ---    307.163 
  by Level-1 Residual Variation       0.324      0.019      0.289      0.362        ---        ---    820.122 

                                ------------------------------------------------------------------------------



Conditional Effects                Estimate     StdDev       2.5%      97.5%      ChiSq     PValue      N_Eff 
                                ------------------------------------------------------------------------------
  visit | drug @ 0                                                                                            
    Intercept                         6.316      0.091      6.139      6.496   4856.285      0.000   7440.919 
    Slope                            -0.316      0.053     -0.420     -0.213     35.938      0.000   4875.533 
                                                                                                              
  visit | drug @ 1                                                                                            
    Intercept                         6.326      0.062      6.205      6.447  10570.495      0.000   6625.059 
    Slope                            -0.833      0.033     -0.898     -0.770    657.052      0.000   3968.090 
                                                                                                              
                                ------------------------------------------------------------------------------

                                NOTE: Intercepts are computed by setting all predictors
                                      not involved in the conditional effect to zero.




PREDICTOR MODEL ESTIMATES:

  Summaries based on 25000 iterations using 4 chains.
  NOTE: Estimate column based on posterior median.



Complete predictor: male       

Parameters                         Estimate     StdDev       2.5%      97.5%      ChiSq     PValue      N_Eff 
                                ------------------------------------------------------------------------------

Grand Mean                           -0.106      0.060     -0.224      0.011      3.080      0.079  11840.626 

Level 2:                                                                                                      
  drug                                0.042      0.078     -0.110      0.195      0.294      0.588   5944.650 
  Residual Var.                       1.000      0.000      1.000      1.000        ---        ---        --- 
Thresholds:                                                                                                   
  Tau 1                               0.000      0.000      0.000      0.000        ---        ---        --- 
                                                                                                              
                                ------------------------------------------------------------------------------



Complete predictor: drug       

Parameters                         Estimate     StdDev       2.5%      97.5%      ChiSq     PValue      N_Eff 
                                ------------------------------------------------------------------------------

Grand Mean                            0.671      0.066      0.545      0.802    104.690      0.000   8524.846 

Level 2:                                                                                                      
  male                                0.042      0.079     -0.111      0.196      0.288      0.592   5244.423 
  Residual Var.                       1.000      0.000      1.000      1.000        ---        ---        --- 
Thresholds:                                                                                                   
  Tau 1                               0.000      0.000      0.000      0.000        ---        ---        --- 
                                                                                                              
                                ------------------------------------------------------------------------------



Complete predictor: visit      

Parameters                         Estimate     StdDev       2.5%      97.5%      ChiSq     PValue      N_Eff 
                                ------------------------------------------------------------------------------

Grand Mean                            1.500      0.027      1.447      1.552   3133.694      0.000  25085.743 

Level 1:                                                                                                      
  Residual Var.                       1.250      0.042      1.171      1.338        ---        ---  25100.454 
                                                                                                              
                                ------------------------------------------------------------------------------



ITERATION HISTORY:

  Chain 2 burn-in started on Aug 15 19:56:14 2026
  Chain 1 burn-in started on Aug 15 19:56:14 2026
  Chain 4 burn-in started on Aug 15 19:56:14 2026
  Chain 3 burn-in started on Aug 15 19:56:14 2026
  Chain 4 burn-in iteration 6250 completed on Aug 15 19:56:15 2026
  Chain 3 burn-in iteration 6250 completed on Aug 15 19:56:15 2026
  Chain 2 burn-in iteration 6250 completed on Aug 15 19:56:15 2026
  Chain 1 burn-in iteration 6250 completed on Aug 15 19:56:15 2026
  Chain 3 burn-in iteration 12500 completed on Aug 15 19:56:17 2026
  Chain 4 burn-in iteration 12500 completed on Aug 15 19:56:17 2026
  Chain 2 burn-in iteration 12500 completed on Aug 15 19:56:17 2026
  Chain 1 burn-in iteration 12500 completed on Aug 15 19:56:17 2026
  Chain 2 burn-in iteration 18750 completed on Aug 15 19:56:19 2026
  Chain 3 burn-in iteration 18750 completed on Aug 15 19:56:19 2026
  Chain 4 burn-in iteration 18750 completed on Aug 15 19:56:19 2026
  Chain 1 burn-in iteration 18750 completed on Aug 15 19:56:19 2026
  Chain 2 burn-in iteration 25000 completed on Aug 15 19:56:20 2026
  Chain 2 completed burn-in on Aug 15 19:56:20 2026
  Chain 3 burn-in iteration 25000 completed on Aug 15 19:56:20 2026
  Chain 3 completed burn-in on Aug 15 19:56:20 2026
  Chain 4 burn-in iteration 25000 completed on Aug 15 19:56:20 2026
  Chain 4 completed burn-in on Aug 15 19:56:20 2026
  Chain 1 burn-in iteration 25000 completed on Aug 15 19:56:20 2026
  Chain 1 completed burn-in on Aug 15 19:56:20 2026
  Chain 2 completed iteration 1562 on Aug 15 19:56:22 2026
  Chain 4 completed iteration 1562 on Aug 15 19:56:22 2026
  Chain 3 completed iteration 1562 on Aug 15 19:56:22 2026
  Chain 1 completed iteration 1562 on Aug 15 19:56:22 2026
  Chain 2 completed iteration 3124 on Aug 15 19:56:23 2026
  Chain 4 completed iteration 3124 on Aug 15 19:56:23 2026
  Chain 3 completed iteration 3124 on Aug 15 19:56:23 2026
  Chain 1 completed iteration 3124 on Aug 15 19:56:23 2026
  Chain 2 completed iteration 4686 on Aug 15 19:56:24 2026
  Chain 4 completed iteration 4686 on Aug 15 19:56:24 2026
  Chain 3 completed iteration 4686 on Aug 15 19:56:24 2026
  Chain 1 completed iteration 4686 on Aug 15 19:56:24 2026
  Chain 2 completed iteration 6248 on Aug 15 19:56:25 2026
  Chain 2 finished on Aug 15 19:56:25 2026
  Chain 4 completed iteration 6248 on Aug 15 19:56:25 2026
  Chain 4 finished on Aug 15 19:56:25 2026
  Chain 3 completed iteration 6248 on Aug 15 19:56:25 2026
  Chain 3 finished on Aug 15 19:56:25 2026
  Chain 1 completed iteration 6248 on Aug 15 19:56:25 2026
  Chain 1 finished on Aug 15 19:56:25 2026


---------------------------------------------------------------------------

                                   Blimp
                                 4.1.0.b11

             Blimp was developed with funding from Institute of
           Education Sciences awards R305D150056 and R305D190002.

            Craig K. Enders, P.I. Email: cenders@psych.ucla.edu
           Brian T. Keller, Co-P.I. Email: btkeller@missouri.edu
                 Han Du, Co-P.I. Email: hdu@psych.ucla.edu
                 Roy Levy, Co-P.I. Email: roy.levy@asu.edu

              Programming and Blimp Studio by Brian T. Keller

                   There is no expressed license given.

---------------------------------------------------------------------------


ALGORITHMIC OPTIONS SPECIFIED:

  Imputation method:                 Fully Bayesian model-based
  MCMC algorithm:                    Full conditional Metropolis sampler with
                                       Auto-Derived Conditional Distributions
  Default Priors:
    Multilevel covariance matrices:  Zero matrix, df = -(p + 1) (PRIOR2)
    Outcome covariance matrices:     Zero matrix, df = -(p + 1) (PRIOR2)
    Predictor model variances:       Unit sum of squares, df = 2 (XPRIOR1)
  Chain Starting Values:             Random starting values


  NOTE: The default prior for regression coefficients 
        in categorical models is 'normal( 0.0, 5.0)'

  NOTE: For complete list of priors include 'pinfo' in the options.


BURN-IN POTENTIAL SCALE REDUCTION (PSR) OUTPUT:

  NOTE: Rank-normalized Rhat (Vehtari et al., 2021) is being used.
        This applies rank normalization and chain folding for robust
        convergence detection across all chains.

  Comparing iterations across 4 chains     Highest Rhat   Parameter #  
                          626 to 1250            1.098            11  
                         1251 to 2500            1.425            11  
                         1876 to 3750            1.177            11  
                         2501 to 5000            1.135            11  
                         3126 to 6250            1.043            11  
                         3751 to 7500            1.128            11  
                         4376 to 8750            1.076            11  
                         5001 to 10000           1.066            11  
                         5626 to 11250           1.078            11  
                         6251 to 12500           1.055            11  
                         6876 to 13750           1.036            20  
                         7501 to 15000           1.029            11  
                         8126 to 16250           1.032            11  
                         8751 to 17500           1.022            11  
                         9376 to 18750           1.013            11  
                        10001 to 20000           1.026            11  
                        10626 to 21250           1.039            11  
                        11251 to 22500           1.041            11  
                        11876 to 23750           1.031            11  
                        12501 to 25000           1.023            11  


DATA INFORMATION:

  Level-2 identifier:       person
  Sample Size:              1748
  Level-2 Clusters:         437
  Missing Data Info:

                      Pattern #:       1     2
                          miss % --------------
                 severity =  9.9       -     M  
                     male =  0.0       -     -  
                     drug =  0.0       -     -  
                    visit =  0.0       -     -  
                                 --------------
                                 %  90.1   9.9


MODEL INFORMATION:

  NUMBER OF PARAMETERS
    Outcome Models:         9
    Generated Parameters:   4
    Predictor Models:       6

  PREDICTORS
    Complete continuous:    visit
    Complete ordinal:       male drug

  MODELS
    [1]  severity ~ Intercept@b0 visit@b1 drug@b2 male@b3 visit*drug@b4 | Intercept 
                 visit

  GENERATED PARAMETERS
    [1]  maleprob = .458
    [2]  drug0 = b0+b1*3+b3*maleprob
    [3]  drug1 = (b0+b2)+(b1+b4)*3+b3*maleprob
    [4]  meandiff = drug1-drug0


 WARNING MESSAGES:

  WARNING: The focal predictor "visit" is not centered.
           Simple intercepts in the conditional effects table are
           evaluated at a score of zero on the focal predictor.
  
  WARNING: Excluding the following variables as predictors at the listed level.
           Their latent cluster means will not be estimated at the listed level.
  
             Variable "visit" excluded from level-2.
  
           These variables are orthogonal to all variables at that level
           (e.g., because they lack variation at that level).


MODEL FIT:


  INFORMATION CRITERIA

    Marginal Likelihood
      DIC2                  5419.099
      WAIC                  5486.390

    Conditional Likelihood
      DIC2                  4809.069
      WAIC                  5023.123


IMPUTED DATA SUMMARIES:

  NOTE: Imputed data summaries are averaged across 25000 data sets.


Variables                              Mean     StdDev        25%        50%        75%        Min        Max 
                                ------------------------------------------------------------------------------

  severity                            5.344      1.573      4.498      5.500      6.500     -0.202      9.090 
  male                                0.458      0.499      0.000      0.000      1.000      0.000      1.000 
  drug                                0.748      0.434      0.000      1.000      1.000      0.000      1.000 
  visit                               1.500      1.118      0.500      1.500      2.500      0.000      3.000 

                                ------------------------------------------------------------------------------



CORRELATIONS AMONG RESIDUALS:

  No residual correlations.



OUTCOME MODEL ESTIMATES:

  Summaries based on 25000 iterations using 4 chains.
  NOTE: Estimate column based on posterior median.


Outcome Variable:  severity   

Parameters                         Estimate     StdDev       2.5%      97.5%      ChiSq     PValue      N_Eff 
                                ------------------------------------------------------------------------------
Variances:                      
  L2 : Var(Intercept)                 0.185      0.053      0.100      0.302        ---        ---    166.013 
  L2 : Cov(visit,Intercept)           0.089      0.024      0.033      0.127        ---        ---    171.043 
  L2 : Var(visit)                     0.125      0.021      0.089      0.172        ---        ---    344.417 
  Residual Var.                       0.811      0.039      0.738      0.889        ---        ---    567.183 

Coefficients:                   
  Intercept                           6.316      0.091      6.139      6.496   4856.285      0.000   7440.919 
  visit                              -0.316      0.053     -0.420     -0.213     35.938      0.000   4875.533 
  drug                                0.009      0.096     -0.179      0.199      0.010      0.921   7781.506 
  male                                0.162      0.079      0.005      0.317      4.165      0.041   4551.444 
  visit*drug                         -0.517      0.062     -0.637     -0.395     69.901      0.000   4740.633 

Standard Deviations:            
  L2 : SD(Intercept)                  0.430      0.061      0.316      0.550        ---        ---    154.226 
  L2 : Cor(visit,Intercept)           0.610      0.217      0.168      0.968        ---        ---    105.711 
  L2 : SD(visit)                      0.353      0.030      0.298      0.415        ---        ---    342.450 
  Residual SD                         0.901      0.021      0.859      0.943        ---        ---    565.810 

Standardized Coefficients:      
  visit                              -0.223      0.038     -0.298     -0.150     35.157      0.000   4701.837 
  drug                                0.003      0.026     -0.049      0.055      0.010      0.919   7803.231 
  male                                0.051      0.025      0.002      0.100      4.181      0.041   4560.709 
  visit*drug                         -0.381      0.044     -0.465     -0.294     76.526      0.000   5270.008 

Proportion Variance Explained   
  by Coefficients                     0.321      0.020      0.281      0.360        ---        ---   4090.216 
  by Level-2 Random Intercepts        0.292      0.021      0.252      0.334        ---        ---   2756.929 
  by Level-2 Random Slopes            0.062      0.010      0.045      0.084        ---        ---    307.163 
  by Level-1 Residual Variation       0.324      0.019      0.289      0.362        ---        ---    820.122 

                                ------------------------------------------------------------------------------



Conditional Effects                Estimate     StdDev       2.5%      97.5%      ChiSq     PValue      N_Eff 
                                ------------------------------------------------------------------------------
  visit | drug @ 0                                                                                            
    Intercept                         6.316      0.091      6.139      6.496   4856.285      0.000   7440.919 
    Slope                            -0.316      0.053     -0.420     -0.213     35.938      0.000   4875.533 
                                                                                                              
  visit | drug @ 1                                                                                            
    Intercept                         6.326      0.062      6.205      6.447  10570.495      0.000   6625.059 
    Slope                            -0.833      0.033     -0.898     -0.770    657.052      0.000   3968.090 
                                                                                                              
                                ------------------------------------------------------------------------------

                                NOTE: Intercepts are computed by setting all predictors
                                      not involved in the conditional effect to zero.



GENERATED PARAMETERS:

  Summaries based on 25000 iterations using 4 chains.
  NOTE: Estimate column based on posterior median.


Parameters                         Estimate     StdDev       2.5%      97.5%      ChiSq     PValue      N_Eff 
                                ------------------------------------------------------------------------------

  maleprob                            0.458      0.000      0.458      0.458        ---      0.000        --- 
  drug0                               5.442      0.151      5.148      5.736   1296.437      0.000   2757.785 
  drug1                               3.900      0.093      3.716      4.079   1777.515      0.000   2579.194 
  meandiff                           -1.543      0.177     -1.887     -1.193     76.067      0.000   2834.888 

                                ------------------------------------------------------------------------------


PREDICTOR MODEL ESTIMATES:

  Summaries based on 25000 iterations using 4 chains.
  NOTE: Estimate column based on posterior median.



Complete predictor: male       

Parameters                         Estimate     StdDev       2.5%      97.5%      ChiSq     PValue      N_Eff 
                                ------------------------------------------------------------------------------

Grand Mean                           -0.106      0.060     -0.224      0.011      3.080      0.079  11840.626 

Level 2:                                                                                                      
  drug                                0.042      0.078     -0.110      0.195      0.294      0.588   5944.650 
  Residual Var.                       1.000      0.000      1.000      1.000        ---        ---        --- 
Thresholds:                                                                                                   
  Tau 1                               0.000      0.000      0.000      0.000        ---        ---        --- 
                                                                                                              
                                ------------------------------------------------------------------------------



Complete predictor: drug       

Parameters                         Estimate     StdDev       2.5%      97.5%      ChiSq     PValue      N_Eff 
                                ------------------------------------------------------------------------------

Grand Mean                            0.671      0.066      0.545      0.802    104.690      0.000   8524.846 

Level 2:                                                                                                      
  male                                0.042      0.079     -0.111      0.196      0.288      0.592   5244.423 
  Residual Var.                       1.000      0.000      1.000      1.000        ---        ---        --- 
Thresholds:                                                                                                   
  Tau 1                               0.000      0.000      0.000      0.000        ---        ---        --- 
                                                                                                              
                                ------------------------------------------------------------------------------



Complete predictor: visit      

Parameters                         Estimate     StdDev       2.5%      97.5%      ChiSq     PValue      N_Eff 
                                ------------------------------------------------------------------------------

Grand Mean                            1.500      0.027      1.447      1.552   3133.694      0.000  25085.743 

Level 1:                                                                                                      
  Residual Var.                       1.250      0.042      1.171      1.338        ---        ---  25100.454 
                                                                                                              
                                ------------------------------------------------------------------------------



ITERATION HISTORY:

  Chain 1 burn-in started on Aug 15 19:56:39 2026
  Chain 2 burn-in started on Aug 15 19:56:39 2026
  Chain 3 burn-in started on Aug 15 19:56:39 2026
  Chain 4 burn-in started on Aug 15 19:56:39 2026
  Chain 1 burn-in iteration 6250 completed on Aug 15 19:56:41 2026
  Chain 3 burn-in iteration 6250 completed on Aug 15 19:56:41 2026
  Chain 2 burn-in iteration 6250 completed on Aug 15 19:56:41 2026
  Chain 4 burn-in iteration 6250 completed on Aug 15 19:56:41 2026
  Chain 1 burn-in iteration 12500 completed on Aug 15 19:56:43 2026
  Chain 3 burn-in iteration 12500 completed on Aug 15 19:56:43 2026
  Chain 2 burn-in iteration 12500 completed on Aug 15 19:56:43 2026
  Chain 4 burn-in iteration 12500 completed on Aug 15 19:56:43 2026
  Chain 1 burn-in iteration 18750 completed on Aug 15 19:56:44 2026
  Chain 2 burn-in iteration 18750 completed on Aug 15 19:56:44 2026
  Chain 3 burn-in iteration 18750 completed on Aug 15 19:56:44 2026
  Chain 4 burn-in iteration 18750 completed on Aug 15 19:56:44 2026
  Chain 1 burn-in iteration 25000 completed on Aug 15 19:56:46 2026
  Chain 1 completed burn-in on Aug 15 19:56:46 2026
  Chain 2 burn-in iteration 25000 completed on Aug 15 19:56:46 2026
  Chain 2 completed burn-in on Aug 15 19:56:46 2026
  Chain 3 burn-in iteration 25000 completed on Aug 15 19:56:46 2026
  Chain 3 completed burn-in on Aug 15 19:56:46 2026
  Chain 4 burn-in iteration 25000 completed on Aug 15 19:56:46 2026
  Chain 4 completed burn-in on Aug 15 19:56:46 2026
  Chain 1 saved imputation 1 on Aug 15 19:56:47 2026
  Chain 2 saved imputation 2 on Aug 15 19:56:47 2026
  Chain 3 saved imputation 3 on Aug 15 19:56:47 2026
  Chain 4 saved imputation 4 on Aug 15 19:56:47 2026
  Chain 1 completed iteration 1562 on Aug 15 19:56:47 2026
  Chain 3 completed iteration 1562 on Aug 15 19:56:47 2026
  Chain 2 completed iteration 1562 on Aug 15 19:56:47 2026
  Chain 4 completed iteration 1562 on Aug 15 19:56:47 2026
  Chain 1 saved imputation 5 on Aug 15 19:56:48 2026
  Chain 2 saved imputation 6 on Aug 15 19:56:48 2026
  Chain 3 saved imputation 7 on Aug 15 19:56:48 2026
  Chain 4 saved imputation 8 on Aug 15 19:56:48 2026
  Chain 1 completed iteration 3124 on Aug 15 19:56:48 2026
  Chain 3 completed iteration 3124 on Aug 15 19:56:48 2026
  Chain 2 completed iteration 3124 on Aug 15 19:56:48 2026
  Chain 4 completed iteration 3124 on Aug 15 19:56:48 2026
  Chain 1 saved imputation 9 on Aug 15 19:56:49 2026
  Chain 3 saved imputation 11 on Aug 15 19:56:49 2026
  Chain 2 saved imputation 10 on Aug 15 19:56:49 2026
  Chain 4 saved imputation 12 on Aug 15 19:56:49 2026
  Chain 1 completed iteration 4686 on Aug 15 19:56:49 2026
  Chain 2 completed iteration 4686 on Aug 15 19:56:49 2026
  Chain 3 completed iteration 4686 on Aug 15 19:56:49 2026
  Chain 4 completed iteration 4686 on Aug 15 19:56:49 2026
  Chain 1 saved imputation 13 on Aug 15 19:56:50 2026
  Chain 3 saved imputation 15 on Aug 15 19:56:50 2026
  Chain 2 saved imputation 14 on Aug 15 19:56:50 2026
  Chain 4 saved imputation 16 on Aug 15 19:56:50 2026
  Chain 1 completed iteration 6248 on Aug 15 19:56:51 2026
  Chain 1 saved imputation 17 on Aug 15 19:56:51 2026
  Chain 1 finished on Aug 15 19:56:51 2026
  Chain 3 completed iteration 6248 on Aug 15 19:56:51 2026
  Chain 2 completed iteration 6248 on Aug 15 19:56:51 2026
  Chain 3 saved imputation 19 on Aug 15 19:56:51 2026
  Chain 3 finished on Aug 15 19:56:51 2026
  Chain 2 saved imputation 18 on Aug 15 19:56:51 2026
  Chain 2 finished on Aug 15 19:56:51 2026
  Chain 4 completed iteration 6248 on Aug 15 19:56:51 2026
  Chain 4 saved imputation 20 on Aug 15 19:56:51 2026
  Chain 4 finished on Aug 15 19:56:51 2026


---------------------------------------------------------------------------

                                   Blimp
                                 4.1.0.b11

             Blimp was developed with funding from Institute of
           Education Sciences awards R305D150056 and R305D190002.

            Craig K. Enders, P.I. Email: cenders@psych.ucla.edu
           Brian T. Keller, Co-P.I. Email: btkeller@missouri.edu
                 Han Du, Co-P.I. Email: hdu@psych.ucla.edu
                 Roy Levy, Co-P.I. Email: roy.levy@asu.edu

              Programming and Blimp Studio by Brian T. Keller

                   There is no expressed license given.

---------------------------------------------------------------------------


ALGORITHMIC OPTIONS SPECIFIED:

  Imputation method:                 Fully Bayesian model-based
  MCMC algorithm:                    Full conditional Metropolis sampler with
                                       Auto-Derived Conditional Distributions
  Default Priors:
    Multilevel covariance matrices:  Zero matrix, df = -(p + 1) (PRIOR2)
    Outcome covariance matrices:     Zero matrix, df = -(p + 1) (PRIOR2)
    Predictor model variances:       Unit sum of squares, df = 2 (XPRIOR1)
  Chain Starting Values:             Random starting values


  NOTE: The default prior for regression coefficients 
        in categorical models is 'normal( 0.0, 5.0)'

  NOTE: For complete list of priors include 'pinfo' in the options.


BURN-IN POTENTIAL SCALE REDUCTION (PSR) OUTPUT:

  NOTE: Rank-normalized Rhat (Vehtari et al., 2021) is being used.
        This applies rank normalization and chain folding for robust
        convergence detection across all chains.

  Comparing iterations across 4 chains     Highest Rhat   Parameter #  
                          626 to 1250            1.098            11  
                         1251 to 2500            1.425            11  
                         1876 to 3750            1.177            11  
                         2501 to 5000            1.135            11  
                         3126 to 6250            1.043            11  
                         3751 to 7500            1.128            11  
                         4376 to 8750            1.076            11  
                         5001 to 10000           1.066            11  
                         5626 to 11250           1.078            11  
                         6251 to 12500           1.055            11  
                         6876 to 13750           1.036            20  
                         7501 to 15000           1.029            11  
                         8126 to 16250           1.032            11  
                         8751 to 17500           1.022            11  
                         9376 to 18750           1.013            11  
                        10001 to 20000           1.026            11  
                        10626 to 21250           1.039            11  
                        11251 to 22500           1.041            11  
                        11876 to 23750           1.031            11  
                        12501 to 25000           1.023            11  


DATA INFORMATION:

  Level-2 identifier:       person
  Sample Size:              1748
  Level-2 Clusters:         437
  Missing Data Info:

                      Pattern #:       1     2
                          miss % --------------
                 severity =  9.9       -     M  
                     male =  0.0       -     -  
                     drug =  0.0       -     -  
                    visit =  0.0       -     -  
                                 --------------
                                 %  90.1   9.9


MODEL INFORMATION:

  NUMBER OF PARAMETERS
    Outcome Models:         9
    Predictor Models:       6

  PREDICTORS
    Complete continuous:    visit
    Complete ordinal:       male drug

  MODELS
    [1]  severity ~ Intercept visit drug male visit*drug | Intercept visit


 WARNING MESSAGES:

  WARNING: The focal predictor "visit" is not centered.
           Simple intercepts in the conditional effects table are
           evaluated at a score of zero on the focal predictor.
  
  WARNING: Excluding the following variables as predictors at the listed level.
           Their latent cluster means will not be estimated at the listed level.
  
             Variable "visit" excluded from level-2.
  
           These variables are orthogonal to all variables at that level
           (e.g., because they lack variation at that level).


MODEL FIT:


  INFORMATION CRITERIA

    Marginal Likelihood
      DIC2                  5419.099
      WAIC                  5486.390

    Conditional Likelihood
      DIC2                  4809.069
      WAIC                  5023.123


IMPUTED DATA SUMMARIES:

  NOTE: Imputed data summaries are averaged across 25000 data sets.


Variables                              Mean     StdDev        25%        50%        75%        Min        Max 
                                ------------------------------------------------------------------------------

  severity                            5.344      1.573      4.498      5.500      6.500     -0.202      9.090 
  male                                0.458      0.499      0.000      0.000      1.000      0.000      1.000 
  drug                                0.748      0.434      0.000      1.000      1.000      0.000      1.000 
  visit                               1.500      1.118      0.500      1.500      2.500      0.000      3.000 

                                ------------------------------------------------------------------------------



CORRELATIONS AMONG RESIDUALS:

  No residual correlations.



OUTCOME MODEL ESTIMATES:

  Summaries based on 25000 iterations using 4 chains.
  NOTE: Estimate column based on posterior median.


Outcome Variable:  severity   

Parameters                         Estimate     StdDev       2.5%      97.5%      ChiSq     PValue      N_Eff 
                                ------------------------------------------------------------------------------
Variances:                      
  L2 : Var(Intercept)                 0.185      0.053      0.100      0.302        ---        ---    166.013 
  L2 : Cov(visit,Intercept)           0.089      0.024      0.033      0.127        ---        ---    171.043 
  L2 : Var(visit)                     0.125      0.021      0.089      0.172        ---        ---    344.417 
  Residual Var.                       0.811      0.039      0.738      0.889        ---        ---    567.183 

Coefficients:                   
  Intercept                           6.316      0.091      6.139      6.496   4856.285      0.000   7440.919 
  visit                              -0.316      0.053     -0.420     -0.213     35.938      0.000   4875.533 
  drug                                0.009      0.096     -0.179      0.199      0.010      0.921   7781.506 
  male                                0.162      0.079      0.005      0.317      4.165      0.041   4551.444 
  visit*drug                         -0.517      0.062     -0.637     -0.395     69.901      0.000   4740.633 

Standard Deviations:            
  L2 : SD(Intercept)                  0.430      0.061      0.316      0.550        ---        ---    154.226 
  L2 : Cor(visit,Intercept)           0.610      0.217      0.168      0.968        ---        ---    105.711 
  L2 : SD(visit)                      0.353      0.030      0.298      0.415        ---        ---    342.450 
  Residual SD                         0.901      0.021      0.859      0.943        ---        ---    565.810 

Standardized Coefficients:      
  visit                              -0.223      0.038     -0.298     -0.150     35.157      0.000   4701.837 
  drug                                0.003      0.026     -0.049      0.055      0.010      0.919   7803.231 
  male                                0.051      0.025      0.002      0.100      4.181      0.041   4560.709 
  visit*drug                         -0.381      0.044     -0.465     -0.294     76.526      0.000   5270.008 

Proportion Variance Explained   
  by Coefficients                     0.321      0.020      0.281      0.360        ---        ---   4090.216 
  by Level-2 Random Intercepts        0.292      0.021      0.252      0.334        ---        ---   2756.929 
  by Level-2 Random Slopes            0.062      0.010      0.045      0.084        ---        ---    307.163 
  by Level-1 Residual Variation       0.324      0.019      0.289      0.362        ---        ---    820.122 

                                ------------------------------------------------------------------------------



Conditional Effects                Estimate     StdDev       2.5%      97.5%      ChiSq     PValue      N_Eff 
                                ------------------------------------------------------------------------------
  visit | drug @ 0                                                                                            
    Intercept                         6.316      0.091      6.139      6.496   4856.285      0.000   7440.919 
    Slope                            -0.316      0.053     -0.420     -0.213     35.938      0.000   4875.533 
                                                                                                              
  visit | drug @ 1                                                                                            
    Intercept                         6.326      0.062      6.205      6.447  10570.495      0.000   6625.059 
    Slope                            -0.833      0.033     -0.898     -0.770    657.052      0.000   3968.090 
                                                                                                              
                                ------------------------------------------------------------------------------

                                NOTE: Intercepts are computed by setting all predictors
                                      not involved in the conditional effect to zero.




PREDICTOR MODEL ESTIMATES:

  Summaries based on 25000 iterations using 4 chains.
  NOTE: Estimate column based on posterior median.



Complete predictor: male       

Parameters                         Estimate     StdDev       2.5%      97.5%      ChiSq     PValue      N_Eff 
                                ------------------------------------------------------------------------------

Grand Mean                           -0.106      0.060     -0.224      0.011      3.080      0.079  11840.626 

Level 2:                                                                                                      
  drug                                0.042      0.078     -0.110      0.195      0.294      0.588   5944.650 
  Residual Var.                       1.000      0.000      1.000      1.000        ---        ---        --- 
Thresholds:                                                                                                   
  Tau 1                               0.000      0.000      0.000      0.000        ---        ---        --- 
                                                                                                              
                                ------------------------------------------------------------------------------



Complete predictor: drug       

Parameters                         Estimate     StdDev       2.5%      97.5%      ChiSq     PValue      N_Eff 
                                ------------------------------------------------------------------------------

Grand Mean                            0.671      0.066      0.545      0.802    104.690      0.000   8524.846 

Level 2:                                                                                                      
  male                                0.042      0.079     -0.111      0.196      0.288      0.592   5244.423 
  Residual Var.                       1.000      0.000      1.000      1.000        ---        ---        --- 
Thresholds:                                                                                                   
  Tau 1                               0.000      0.000      0.000      0.000        ---        ---        --- 
                                                                                                              
                                ------------------------------------------------------------------------------



Complete predictor: visit      

Parameters                         Estimate     StdDev       2.5%      97.5%      ChiSq     PValue      N_Eff 
                                ------------------------------------------------------------------------------

Grand Mean                            1.500      0.027      1.447      1.552   3133.694      0.000  25085.743 

Level 1:                                                                                                      
  Residual Var.                       1.250      0.042      1.171      1.338        ---        ---  25100.454 
                                                                                                              
                                ------------------------------------------------------------------------------


Warning message:
Predictor 'visit' is modeled as continuous but has only 4 distinct value(s). If it is categorical, declare it as ORDINAL or NOMINAL in the model and re-fit. (The plot displays category means.) 
pdf 
  2 
Warning message:
Predictor 'visit' is modeled as continuous but has only 4 distinct value(s). If it is categorical, declare it as ORDINAL or NOMINAL in the model and re-fit. (The plot displays category means.) 
pdf 
  2 

ITERATION HISTORY:

  Chain 2 burn-in started on Aug 15 19:57:14 2026
  Chain 4 burn-in started on Aug 15 19:57:14 2026
  Chain 3 burn-in started on Aug 15 19:57:14 2026
  Chain 1 burn-in started on Aug 15 19:57:14 2026
  Chain 1 burn-in iteration 5000 completed on Aug 15 19:57:15 2026
  Chain 4 burn-in iteration 5000 completed on Aug 15 19:57:15 2026
  Chain 3 burn-in iteration 5000 completed on Aug 15 19:57:15 2026
  Chain 2 burn-in iteration 5000 completed on Aug 15 19:57:15 2026
  Chain 1 burn-in iteration 10000 completed on Aug 15 19:57:16 2026
  Chain 4 burn-in iteration 10000 completed on Aug 15 19:57:16 2026
  Chain 2 burn-in iteration 10000 completed on Aug 15 19:57:16 2026
  Chain 3 burn-in iteration 10000 completed on Aug 15 19:57:16 2026
  Chain 1 burn-in iteration 15000 completed on Aug 15 19:57:17 2026
  Chain 3 burn-in iteration 15000 completed on Aug 15 19:57:17 2026
  Chain 2 burn-in iteration 15000 completed on Aug 15 19:57:17 2026
  Chain 4 burn-in iteration 15000 completed on Aug 15 19:57:17 2026
  Chain 1 burn-in iteration 20000 completed on Aug 15 19:57:18 2026
  Chain 1 completed burn-in on Aug 15 19:57:18 2026
  Chain 3 burn-in iteration 20000 completed on Aug 15 19:57:18 2026
  Chain 3 completed burn-in on Aug 15 19:57:18 2026
  Chain 4 burn-in iteration 20000 completed on Aug 15 19:57:18 2026
  Chain 4 completed burn-in on Aug 15 19:57:18 2026
  Chain 2 burn-in iteration 20000 completed on Aug 15 19:57:18 2026
  Chain 2 completed burn-in on Aug 15 19:57:18 2026
  Chain 1 saved imputation 1 on Aug 15 19:57:19 2026
  Chain 3 saved imputation 3 on Aug 15 19:57:19 2026
  Chain 4 saved imputation 4 on Aug 15 19:57:19 2026
  Chain 2 saved imputation 2 on Aug 15 19:57:19 2026
  Chain 1 completed iteration 1250 on Aug 15 19:57:19 2026
  Chain 3 completed iteration 1250 on Aug 15 19:57:19 2026
  Chain 4 completed iteration 1250 on Aug 15 19:57:19 2026
  Chain 2 completed iteration 1250 on Aug 15 19:57:19 2026
  Chain 1 saved imputation 5 on Aug 15 19:57:19 2026
  Chain 3 saved imputation 7 on Aug 15 19:57:19 2026
  Chain 2 saved imputation 6 on Aug 15 19:57:19 2026
  Chain 4 saved imputation 8 on Aug 15 19:57:19 2026
  Chain 1 completed iteration 2500 on Aug 15 19:57:20 2026
  Chain 3 completed iteration 2500 on Aug 15 19:57:20 2026
  Chain 2 completed iteration 2500 on Aug 15 19:57:20 2026
  Chain 4 completed iteration 2500 on Aug 15 19:57:20 2026
  Chain 1 saved imputation 9 on Aug 15 19:57:20 2026
  Chain 3 saved imputation 11 on Aug 15 19:57:20 2026
  Chain 2 saved imputation 10 on Aug 15 19:57:20 2026
  Chain 4 saved imputation 12 on Aug 15 19:57:20 2026
  Chain 1 completed iteration 3750 on Aug 15 19:57:20 2026
  Chain 3 completed iteration 3750 on Aug 15 19:57:20 2026
  Chain 2 completed iteration 3750 on Aug 15 19:57:20 2026
  Chain 4 completed iteration 3750 on Aug 15 19:57:20 2026
  Chain 1 saved imputation 13 on Aug 15 19:57:20 2026
  Chain 3 saved imputation 15 on Aug 15 19:57:20 2026
  Chain 4 saved imputation 16 on Aug 15 19:57:20 2026
  Chain 2 saved imputation 14 on Aug 15 19:57:21 2026
  Chain 1 completed iteration 5000 on Aug 15 19:57:21 2026
  Chain 1 saved imputation 17 on Aug 15 19:57:21 2026
  Chain 1 finished on Aug 15 19:57:21 2026
  Chain 3 completed iteration 5000 on Aug 15 19:57:21 2026
  Chain 3 saved imputation 19 on Aug 15 19:57:21 2026
  Chain 3 finished on Aug 15 19:57:21 2026
  Chain 4 completed iteration 5000 on Aug 15 19:57:21 2026
  Chain 4 saved imputation 20 on Aug 15 19:57:21 2026
  Chain 4 finished on Aug 15 19:57:21 2026
  Chain 2 completed iteration 5000 on Aug 15 19:57:21 2026
  Chain 2 saved imputation 18 on Aug 15 19:57:21 2026
  Chain 2 finished on Aug 15 19:57:21 2026


---------------------------------------------------------------------------

                                   Blimp
                                 4.1.0.b11

             Blimp was developed with funding from Institute of
           Education Sciences awards R305D150056 and R305D190002.

            Craig K. Enders, P.I. Email: cenders@psych.ucla.edu
           Brian T. Keller, Co-P.I. Email: btkeller@missouri.edu
                 Han Du, Co-P.I. Email: hdu@psych.ucla.edu
                 Roy Levy, Co-P.I. Email: roy.levy@asu.edu

              Programming and Blimp Studio by Brian T. Keller

                   There is no expressed license given.

---------------------------------------------------------------------------


ALGORITHMIC OPTIONS SPECIFIED:

  Imputation method:                 Fully Bayesian model-based
  MCMC algorithm:                    Full conditional Metropolis sampler with
                                       Auto-Derived Conditional Distributions
  Default Priors:
    Multilevel covariance matrices:  Zero matrix, df = -(p + 1) (PRIOR2)
    Outcome covariance matrices:     Zero matrix, df = -(p + 1) (PRIOR2)
    Predictor model variances:       Unit sum of squares, df = 2 (XPRIOR1)
  Chain Starting Values:             Random starting values


  NOTE: The default prior for regression coefficients 
        in categorical models is 'normal( 0.0, 5.0)'

  NOTE: For complete list of priors include 'pinfo' in the options.


BURN-IN POTENTIAL SCALE REDUCTION (PSR) OUTPUT:

  NOTE: Rank-normalized Rhat (Vehtari et al., 2021) is being used.
        This applies rank normalization and chain folding for robust
        convergence detection across all chains.

  Comparing iterations across 4 chains     Highest Rhat   Parameter #  
                          501 to 1000            1.615            18  
                         1001 to 2000            1.194            18  
                         1501 to 3000            1.318            18  
                         2001 to 4000            1.218            18  
                         2501 to 5000            1.223            18  
                         3001 to 6000            1.165            18  
                         3501 to 7000            1.091            18  
                         4001 to 8000            1.054            18  
                         4501 to 9000            1.083            18  
                         5001 to 10000           1.038            18  
                         5501 to 11000           1.080            18  
                         6001 to 12000           1.046            18  
                         6501 to 13000           1.049            18  
                         7001 to 14000           1.029            18  
                         7501 to 15000           1.022            18  
                         8001 to 16000           1.039            18  
                         8501 to 17000           1.052            18  
                         9001 to 18000           1.043            18  
                         9501 to 19000           1.037            18  
                        10001 to 20000           1.050            18  


DATA INFORMATION:

  Level-2 identifier:       person
  Sample Size:              1748
  Level-2 Clusters:         437
  Missing Data Info:

                      Pattern #:       1     2
                          miss % --------------
                 severity =  9.9       -     M  
                     male =  0.0       -     -  
                     drug =  0.0       -     -  
                    visit =  0.0       -     -  
                                 --------------
                                 %  90.1   9.9


MODEL INFORMATION:

  NUMBER OF PARAMETERS
    Outcome Models:         9
    Predictor Models:       0

  PREDICTORS
    Fixed variables:        male drug visit

  FACTORS
    Level-2:                b0j b1j

  MODELS

   level2:
    [1]  b0j ~ Intercept male drug
    [2]  b1j ~ Intercept drug
    [3]  b0j <-> b1j

   level1:
    [4]  severity ~ b0j@1 visit*b1j@1


 WARNING MESSAGES:

  No warning messages.


MODEL FIT:


  INFORMATION CRITERIA

    Conditional Likelihood
      DIC2                  5564.116
      WAIC                  5953.296


IMPUTED DATA SUMMARIES:

  NOTE: Imputed data summaries are averaged across 20000 data sets.


Variables                              Mean     StdDev        25%        50%        75%        Min        Max 
                                ------------------------------------------------------------------------------

  b0j                                 6.400      0.439      6.101      6.400      6.699      5.125      7.686 
  b1j                                -0.704      0.421     -1.001     -0.720     -0.421     -1.813      0.549 
  severity                            5.344      1.573      4.498      5.500      6.500     -0.224      9.091 
  male                                0.458      0.499      0.000      0.000      1.000      0.000      1.000 
  drug                                0.748      0.434      0.000      1.000      1.000      0.000      1.000 
  visit                               1.500      1.118      0.500      1.500      2.500      0.000      3.000 

                                ------------------------------------------------------------------------------



CORRELATIONS AMONG RESIDUALS:

  No residual correlations.



OUTCOME MODEL ESTIMATES:

  Summaries based on 20000 iterations using 4 chains.
  NOTE: Estimate column based on posterior median.

  level2 block:

Latent Variable:   b0j        

Parameters                         Estimate     StdDev       2.5%      97.5%      ChiSq     PValue      N_Eff 
                                ------------------------------------------------------------------------------
Variances:                      
  Residual Var.                       0.186      0.049      0.105      0.297        ---        ---    212.457 

Coefficients:                   
  Intercept                           6.318      0.089      6.140      6.490   5012.489      0.000   1352.045 
  male                                0.162      0.079      0.007      0.314      4.197      0.040   1506.109 
  drug                                0.011      0.097     -0.173      0.207      0.016      0.899   1097.137 

Standard Deviations:            
  Residual SD                         0.432      0.056      0.324      0.545        ---        ---    199.919 

Standardized Coefficients:      
  male                                0.184      0.089      0.007      0.355      4.219      0.040   1144.419 
  drug                                0.010      0.096     -0.170      0.207      0.016      0.899   1015.592 

Proportion Variance Explained   
  by Coefficients                     0.044      0.036      0.003      0.140        ---        ---    982.650 
  by Residual Variation               0.956      0.036      0.860      0.997        ---        ---    982.650 

                                ------------------------------------------------------------------------------



Latent Variable:   b1j        

Parameters                         Estimate     StdDev       2.5%      97.5%      ChiSq     PValue      N_Eff 
                                ------------------------------------------------------------------------------
Variances:                      
  Residual Var.                       0.127      0.022      0.089      0.176        ---        ---    362.213 

Coefficients:                   
  Intercept                          -0.317      0.053     -0.420     -0.210     35.824      0.000   1892.904 
  drug                               -0.517      0.063     -0.643     -0.398     68.675      0.000   1496.804 

Standard Deviations:            
  Residual SD                         0.356      0.031      0.298      0.419        ---        ---    355.316 

Standardized Coefficients:      
  drug                               -0.533      0.056     -0.639     -0.421     90.616      0.000    780.198 

Proportion Variance Explained   
  by Coefficients                     0.284      0.059      0.176      0.408        ---        ---    739.305 
  by Residual Variation               0.716      0.059      0.592      0.824        ---        ---    739.305 

                                ------------------------------------------------------------------------------



Covariance Matrix: b0j b1j    

Parameters                         Estimate     StdDev       2.5%      97.5%      ChiSq     PValue      N_Eff 
                                ------------------------------------------------------------------------------
Covariances:                    
  Cov(b0j,b1j)                        0.086      0.023      0.033      0.125     13.109      0.000    180.576 

Correlations:                   
  Cor(b0j,b1j)                        0.572      0.202      0.168      0.928      7.959      0.005    115.965 

                                ------------------------------------------------------------------------------


  level1 block:

Outcome Variable:  severity   

Parameters                         Estimate     StdDev       2.5%      97.5%      ChiSq     PValue      N_Eff 
                                ------------------------------------------------------------------------------
Variances:                      
  Residual Var.                       0.809      0.038      0.737      0.887        ---        ---    692.559 

Coefficients:                   
  b0j                               @ 1.000        ---        ---        ---        ---        ---        --- 
  visit*b1j                         @ 1.000        ---        ---        ---        ---        ---        --- 

Standard Deviations:            
  Residual SD                         0.899      0.021      0.858      0.942        ---        ---    689.475 

Standardized Coefficients:      
  visit*b1j                           0.778      0.014      0.748      0.805   2912.245      0.000    331.021 

Proportion Variance Explained   
  by Coefficients                     0.605      0.022      0.560      0.648        ---        ---    331.067 
  by Residual Variation               0.395      0.022      0.352      0.440        ---        ---    331.067 

                                ------------------------------------------------------------------------------



Wrote:
  /Users/craig/Dropbox/Research/Applied Data Modeling in Blimp/Figures/Figure 7.7.pdf
  /Users/craig/Dropbox/Research/Applied Data Modeling in Blimp/Figures/Figure 7.7.png
