! Setting executable does not persist on exit.
→ Checking for Blimp Update...

ITERATION HISTORY:

  Chain 2 burn-in started on Aug 15 19:57:31 2026
  Chain 3 burn-in started on Aug 15 19:57:31 2026
  Chain 1 burn-in started on Aug 15 19:57:31 2026
  Chain 4 burn-in started on Aug 15 19:57:31 2026
  Chain 1 burn-in iteration 2500 completed on Aug 15 19:57:31 2026
  Chain 3 burn-in iteration 2500 completed on Aug 15 19:57:31 2026
  Chain 4 burn-in iteration 2500 completed on Aug 15 19:57:31 2026
  Chain 2 burn-in iteration 2500 completed on Aug 15 19:57:31 2026
  Chain 1 burn-in iteration 5000 completed on Aug 15 19:57:32 2026
  Chain 3 burn-in iteration 5000 completed on Aug 15 19:57:32 2026
  Chain 2 burn-in iteration 5000 completed on Aug 15 19:57:32 2026
  Chain 4 burn-in iteration 5000 completed on Aug 15 19:57:32 2026
  Chain 3 burn-in iteration 7500 completed on Aug 15 19:57:32 2026
  Chain 1 burn-in iteration 7500 completed on Aug 15 19:57:32 2026
  Chain 2 burn-in iteration 7500 completed on Aug 15 19:57:32 2026
  Chain 4 burn-in iteration 7500 completed on Aug 15 19:57:32 2026
  Chain 3 burn-in iteration 10000 completed on Aug 15 19:57:33 2026
  Chain 3 completed burn-in on Aug 15 19:57:33 2026
  Chain 1 burn-in iteration 10000 completed on Aug 15 19:57:33 2026
  Chain 1 completed burn-in on Aug 15 19:57:33 2026
  Chain 2 burn-in iteration 10000 completed on Aug 15 19:57:33 2026
  Chain 2 completed burn-in on Aug 15 19:57:33 2026
  Chain 4 burn-in iteration 10000 completed on Aug 15 19:57:33 2026
  Chain 4 completed burn-in on Aug 15 19:57:33 2026
  Chain 3 completed iteration 625 on Aug 15 19:57:33 2026
  Chain 2 completed iteration 625 on Aug 15 19:57:33 2026
  Chain 1 completed iteration 625 on Aug 15 19:57:33 2026
  Chain 4 completed iteration 625 on Aug 15 19:57:33 2026
  Chain 3 completed iteration 1250 on Aug 15 19:57:34 2026
  Chain 2 completed iteration 1250 on Aug 15 19:57:34 2026
  Chain 1 completed iteration 1250 on Aug 15 19:57:34 2026
  Chain 4 completed iteration 1250 on Aug 15 19:57:34 2026
  Chain 3 completed iteration 1875 on Aug 15 19:57:34 2026
  Chain 2 completed iteration 1875 on Aug 15 19:57:34 2026
  Chain 1 completed iteration 1875 on Aug 15 19:57:34 2026
  Chain 4 completed iteration 1875 on Aug 15 19:57:34 2026
  Chain 3 completed iteration 2500 on Aug 15 19:57:34 2026
  Chain 3 finished on Aug 15 19:57:34 2026
  Chain 2 completed iteration 2500 on Aug 15 19:57:34 2026
  Chain 2 finished on Aug 15 19:57:34 2026
  Chain 1 completed iteration 2500 on Aug 15 19:57:34 2026
  Chain 1 finished on Aug 15 19:57:34 2026
  Chain 4 completed iteration 2500 on Aug 15 19:57:34 2026
  Chain 4 finished on Aug 15 19:57:34 2026


---------------------------------------------------------------------------

                                   Blimp
                                 4.1.0.b11

             Blimp was developed with funding from Institute of
           Education Sciences awards R305D150056 and R305D190002.

            Craig K. Enders, P.I. Email: cenders@psych.ucla.edu
           Brian T. Keller, Co-P.I. Email: btkeller@missouri.edu
                 Han Du, Co-P.I. Email: hdu@psych.ucla.edu
                 Roy Levy, Co-P.I. Email: roy.levy@asu.edu

              Programming and Blimp Studio by Brian T. Keller

                   There is no expressed license given.

---------------------------------------------------------------------------


ALGORITHMIC OPTIONS SPECIFIED:

  Imputation method:                 Fully Bayesian model-based
  MCMC algorithm:                    Full conditional Metropolis sampler with
                                       Auto-Derived Conditional Distributions
  Default Priors:
    Multilevel covariance matrices:  Zero matrix, df = -(p + 1) (PRIOR2)
    Outcome covariance matrices:     Zero matrix, df = -(p + 1) (PRIOR2)
    Predictor model variances:       Unit sum of squares, df = 2 (XPRIOR1)
  Chain Starting Values:             Random starting values


  NOTE: The default prior for regression coefficients 
        in categorical models is 'normal( 0.0, 5.0)'

  NOTE: For complete list of priors include 'pinfo' in the options.


BURN-IN POTENTIAL SCALE REDUCTION (PSR) OUTPUT:

  NOTE: Rank-normalized Rhat (Vehtari et al., 2021) is being used.
        This applies rank normalization and chain folding for robust
        convergence detection across all chains.

  Comparing iterations across 4 chains     Highest Rhat   Parameter #  
                          251 to 500             1.276            17  
                          501 to 1000            1.199            18  
                          751 to 1500            1.128             9  
                         1001 to 2000            1.074             9  
                         1251 to 2500            1.055             9  
                         1501 to 3000            1.048             9  
                         1751 to 3500            1.014             9  
                         2001 to 4000            1.036             9  
                         2251 to 4500            1.034             9  
                         2501 to 5000            1.049            18  
                         2751 to 5500            1.073             9  
                         3001 to 6000            1.034            18  
                         3251 to 6500            1.042             9  
                         3501 to 7000            1.032             9  
                         3751 to 7500            1.044             9  
                         4001 to 8000            1.034             9  
                         4251 to 8500            1.039             9  
                         4501 to 9000            1.032            18  
                         4751 to 9500            1.021             9  
                         5001 to 10000           1.011             9  


DATA INFORMATION:

  Level-2 identifier:       team
  Sample Size:              630
  Level-2 Clusters:         105
  Missing Data Info:

                      Pattern #:       1     2     3
                          miss % --------------------
                 turnover =  5.1       -     M     -  
                     male =  0.0       -     -     -  
                      lmx =  4.1       -     -     M  
                                 --------------------
                                 %  90.8   5.1   4.1


MODEL INFORMATION:

  NUMBER OF PARAMETERS
    Outcome Models:         7
    Predictor Models:       0

  MODELS
    [1]  lmx ~ Intercept
    [2]  male ~ Intercept
    [3]  turnover ~ Intercept


 WARNING MESSAGES:

  No warning messages.


MODEL FIT:


  INFORMATION CRITERIA

    Marginal Likelihood
      DIC2                  7202.413
      WAIC                  7689.400

    Conditional Likelihood
      DIC2                  7089.615
      WAIC                  7595.532


IMPUTED DATA SUMMARIES:

  NOTE: Imputed data summaries are averaged across 10000 data sets.


Variables                              Mean     StdDev        25%        50%        75%        Min        Max 
                                ------------------------------------------------------------------------------

  lmx                                 9.622      3.027      7.999      9.503     12.000     -0.019     17.170 
  male                                0.484      0.500      0.000      0.000      1.000      0.000      1.000 
  turnover                            0.315      0.465      0.000      0.000      1.000      0.000      1.000 

                                ------------------------------------------------------------------------------



CORRELATIONS AMONG RESIDUALS:

  Summaries based on 10000 iterations using 4 chains.
  NOTE: Estimate column based on posterior median.


   Level-1:

Correlations                       Estimate     StdDev       2.5%      97.5%      ChiSq     PValue      N_Eff 
                                ------------------------------------------------------------------------------

  lmx, male                           0.043      0.048     -0.054      0.138      0.792      0.373   9758.322 
  lmx, turnover                      -0.129      0.049     -0.222     -0.032      6.912      0.009   9799.033 
  male, turnover                     -0.032      0.051     -0.131      0.068      0.388      0.533  10043.808 

                                ------------------------------------------------------------------------------



OUTCOME MODEL ESTIMATES:

  Summaries based on 10000 iterations using 4 chains.
  NOTE: Estimate column based on posterior median.


Outcome Variable:  lmx        

Parameters                         Estimate     StdDev       2.5%      97.5%      ChiSq     PValue      N_Eff 
                                ------------------------------------------------------------------------------
Variances:                      
  L2 : Var(Intercept)                 1.316      0.402      0.662      2.233        ---        ---   1294.163 
  Residual Var.                       7.945      0.509      7.042      9.035        ---        ---   4713.390 

Coefficients:                   
  Intercept                           9.624      0.160      9.308      9.935   3596.374      0.000   3376.338 

Standard Deviations:            
  L2 : SD(Intercept)                  1.147      0.173      0.814      1.494        ---        ---   1211.548 
  Residual SD                         2.819      0.090      2.654      3.006        ---        ---   4719.463 

Proportion Variance Explained   
  by Coefficients                     0.000      0.000      0.000      0.000        ---        ---        --- 
  by Level-2 Random Intercepts        0.142      0.039      0.074      0.224        ---        ---   1269.409 
  by Level-1 Residual Variation       0.858      0.039      0.776      0.926        ---        ---   1269.409 

                                ------------------------------------------------------------------------------



Outcome Variable:  male       

Parameters                         Estimate     StdDev       2.5%      97.5%      ChiSq     PValue      N_Eff 
                                ------------------------------------------------------------------------------
Variances:                      
  L2 : Var(Intercept)                 0.039      0.038      0.001      0.139        ---        ---     91.754 
  Residual Var.                       1.000      0.000      1.000      1.000        ---        ---        --- 

Coefficients:                   
  Intercept                          -0.042      0.053     -0.147      0.064      0.612      0.434   3306.307 

Thresholds:                     
  Tau 1                               0.000      0.000      0.000      0.000        ---        ---        --- 

Standard Deviations:            
  L2 : SD(Intercept)                  0.197      0.090      0.037      0.373        ---        ---     65.541 
  Residual SD                         1.000      0.000      1.000      1.000        ---        ---        --- 

Proportion Variance Explained   
  by Coefficients                     0.000      0.000      0.000      0.000        ---        ---        --- 
  by Level-2 Random Intercepts        0.037      0.033      0.001      0.122        ---        ---     85.746 
  by Level-1 Residual Variation       0.963      0.033      0.878      0.999        ---        ---     85.746 

                                ------------------------------------------------------------------------------



Outcome Variable:  turnover   

Parameters                         Estimate     StdDev       2.5%      97.5%      ChiSq     PValue      N_Eff 
                                ------------------------------------------------------------------------------
Variances:                      
  L2 : Var(Intercept)                 0.092      0.063      0.010      0.247        ---        ---    125.202 
  Residual Var.                       1.000      0.000      1.000      1.000        ---        ---        --- 

Coefficients:                   
  Intercept                          -0.502      0.064     -0.636     -0.383     62.033      0.000   2394.020 

Thresholds:                     
  Tau 1                               0.000      0.000      0.000      0.000        ---        ---        --- 

Standard Deviations:            
  L2 : SD(Intercept)                  0.304      0.102      0.098      0.497        ---        ---     74.181 
  Residual SD                         1.000      0.000      1.000      1.000        ---        ---        --- 

Proportion Variance Explained   
  by Coefficients                     0.000      0.000      0.000      0.000        ---        ---        --- 
  by Level-2 Random Intercepts        0.084      0.050      0.010      0.198        ---        ---    103.851 
  by Level-1 Residual Variation       0.916      0.050      0.802      0.990        ---        ---    103.851 

                                ------------------------------------------------------------------------------




ITERATION HISTORY:

  Chain 2 burn-in started on Aug 15 19:57:37 2026
  Chain 3 burn-in started on Aug 15 19:57:37 2026
  Chain 1 burn-in started on Aug 15 19:57:37 2026
  Chain 4 burn-in started on Aug 15 19:57:37 2026
  Chain 1 burn-in iteration 6250 completed on Aug 15 19:57:39 2026
  Chain 4 burn-in iteration 6250 completed on Aug 15 19:57:39 2026
  Chain 3 burn-in iteration 6250 completed on Aug 15 19:57:39 2026
  Chain 2 burn-in iteration 6250 completed on Aug 15 19:57:39 2026
  Chain 3 burn-in iteration 12500 completed on Aug 15 19:57:41 2026
  Chain 1 burn-in iteration 12500 completed on Aug 15 19:57:41 2026
  Chain 4 burn-in iteration 12500 completed on Aug 15 19:57:41 2026
  Chain 2 burn-in iteration 12500 completed on Aug 15 19:57:41 2026
  Chain 1 burn-in iteration 18750 completed on Aug 15 19:57:43 2026
  Chain 3 burn-in iteration 18750 completed on Aug 15 19:57:43 2026
  Chain 4 burn-in iteration 18750 completed on Aug 15 19:57:43 2026
  Chain 2 burn-in iteration 18750 completed on Aug 15 19:57:43 2026
  Chain 3 burn-in iteration 25000 completed on Aug 15 19:57:45 2026
  Chain 3 completed burn-in on Aug 15 19:57:45 2026
  Chain 1 burn-in iteration 25000 completed on Aug 15 19:57:45 2026
  Chain 1 completed burn-in on Aug 15 19:57:45 2026
  Chain 4 burn-in iteration 25000 completed on Aug 15 19:57:45 2026
  Chain 4 completed burn-in on Aug 15 19:57:45 2026
  Chain 2 burn-in iteration 25000 completed on Aug 15 19:57:45 2026
  Chain 2 completed burn-in on Aug 15 19:57:45 2026
  Chain 3 completed iteration 1562 on Aug 15 19:57:46 2026
  Chain 1 completed iteration 1562 on Aug 15 19:57:46 2026
  Chain 4 completed iteration 1562 on Aug 15 19:57:46 2026
  Chain 2 completed iteration 1562 on Aug 15 19:57:46 2026
  Chain 3 completed iteration 3124 on Aug 15 19:57:47 2026
  Chain 1 completed iteration 3124 on Aug 15 19:57:47 2026
  Chain 4 completed iteration 3124 on Aug 15 19:57:47 2026
  Chain 2 completed iteration 3124 on Aug 15 19:57:47 2026
  Chain 3 completed iteration 4686 on Aug 15 19:57:47 2026
  Chain 1 completed iteration 4686 on Aug 15 19:57:47 2026
  Chain 4 completed iteration 4686 on Aug 15 19:57:47 2026
  Chain 2 completed iteration 4686 on Aug 15 19:57:47 2026
  Chain 3 completed iteration 6248 on Aug 15 19:57:48 2026
  Chain 3 finished on Aug 15 19:57:48 2026
  Chain 1 completed iteration 6248 on Aug 15 19:57:48 2026
  Chain 1 finished on Aug 15 19:57:48 2026
  Chain 4 completed iteration 6248 on Aug 15 19:57:48 2026
  Chain 4 finished on Aug 15 19:57:48 2026
  Chain 2 completed iteration 6248 on Aug 15 19:57:48 2026
  Chain 2 finished on Aug 15 19:57:48 2026


---------------------------------------------------------------------------

                                   Blimp
                                 4.1.0.b11

             Blimp was developed with funding from Institute of
           Education Sciences awards R305D150056 and R305D190002.

            Craig K. Enders, P.I. Email: cenders@psych.ucla.edu
           Brian T. Keller, Co-P.I. Email: btkeller@missouri.edu
                 Han Du, Co-P.I. Email: hdu@psych.ucla.edu
                 Roy Levy, Co-P.I. Email: roy.levy@asu.edu

              Programming and Blimp Studio by Brian T. Keller

                   There is no expressed license given.

---------------------------------------------------------------------------


ALGORITHMIC OPTIONS SPECIFIED:

  Imputation method:                 Fully Bayesian model-based
  MCMC algorithm:                    Full conditional Metropolis sampler with
                                       Auto-Derived Conditional Distributions
  Default Priors:
    Multilevel covariance matrices:  Zero matrix, df = -(p + 1) (PRIOR2)
    Outcome covariance matrices:     Zero matrix, df = -(p + 1) (PRIOR2)
    Predictor model variances:       Unit sum of squares, df = 2 (XPRIOR1)
  Chain Starting Values:             Random starting values


  NOTE: The default prior for regression coefficients 
        in categorical models is 'normal( 0.0, 5.0)'

  NOTE: For complete list of priors include 'pinfo' in the options.

  NOTE: The following nominal variables have automatically
        been assigned a reference group.

          'turnover' with reference value '0'

        To change reference group use the following command:
          NOMINAL: variable_name(reference_value);


BURN-IN POTENTIAL SCALE REDUCTION (PSR) OUTPUT:

  NOTE: Rank-normalized Rhat (Vehtari et al., 2021) is being used.
        This applies rank normalization and chain folding for robust
        convergence detection across all chains.

  Comparing iterations across 4 chains     Highest Rhat   Parameter #  
                          626 to 1250            1.445            14  
                         1251 to 2500            1.087             1  
                         1876 to 3750            1.030            24  
                         2501 to 5000            1.069             1  
                         3126 to 6250            1.068            14  
                         3751 to 7500            1.053            14  
                         4376 to 8750            1.038            14  
                         5001 to 10000           1.024            14  
                         5626 to 11250           1.023            14  
                         6251 to 12500           1.018             1  
                         6876 to 13750           1.016             1  
                         7501 to 15000           1.020            14  
                         8126 to 16250           1.010            14  
                         8751 to 17500           1.011             1  
                         9376 to 18750           1.013            14  
                        10001 to 20000           1.014            14  
                        10626 to 21250           1.014            14  
                        11251 to 22500           1.008             7  
                        11876 to 23750           1.007             1  
                        12501 to 25000           1.009            14  


METROPOLIS-HASTINGS ACCEPTANCE RATES:

  Chain 1:

    Variable                            Type    Probability   Target Value 
    lmx                           imputation          0.508          0.500 
    lmx                           latent imp          0.496          0.500 
    lmx                            parameter          0.550          0.500 
    climate                       imputation          0.511          0.500 
    climate                        parameter          0.486          0.500 

  NOTE: Suppressing printing of 3 chains.
        Use keyword 'tuneinfo' in options to override.


DATA INFORMATION:

  Level-2 identifier:       team
  Sample Size:              630
  Level-2 Clusters:         105
  Nominal Dummy Codes:

                 turnover = turnover.1
  Missing Data Info:

                      Pattern #:       1     2     3     4     5     6
                          miss % --------------------------------------
                 turnover =  5.1       -     -     M     -     M     -  
                     male =  0.0       -     -     -     -     -     -  
                      lmx =  4.1       -     -     -     M     -     M  
                  climate =  9.5       -     M     -     -     M     M  
                                 --------------------------------------
                                 %  82.7   8.1   4.3   3.5   0.8   0.6


MODEL INFORMATION:

  NUMBER OF PARAMETERS
    Outcome Models:         6
    Predictor Models:       10

  PREDICTORS
    Complete ordinal:       male
    Incomplete continuous:  lmx climate

  CENTERED PREDICTORS
    Grand Mean Centered:    climate
    Group Mean Centered:    lmx

  LATENT CLUSTER MEANS
    Grand Mean Centered:    lmx

  MODELS
    [1]  turnover ~ Intercept lmx male lmx.mean[team] climate


 WARNING MESSAGES:

  WARNING: Excluding the following variables as predictors at the listed level.
           Their latent cluster means will not be estimated at the listed level.
  
             Variable "male" excluded from level-2.
  
           These variables are orthogonal to all variables at that level
           (e.g., because they lack variation at that level).


MODEL FIT:


  INFORMATION CRITERIA

    Conditional Likelihood
      DIC2                  735.246
      WAIC                  740.580


IMPUTED DATA SUMMARIES:

  NOTE: Imputed data summaries are averaged across 25000 data sets.


Variables                              Mean     StdDev        25%        50%        75%        Min        Max 
                                ------------------------------------------------------------------------------

  turnover.1                          0.316      0.465      0.000      0.000      1.000      0.000      1.000 
  male                                0.484      0.500      0.000      0.000      1.000      0.000      1.000 
  lmx                                 9.623      3.022      7.999      9.512     12.000     -0.012     17.130 
  lmx.mean[team]                      9.628      1.018      8.925      9.615     10.321      7.161     12.193 
  climate                            20.125      4.052     17.030     20.507     23.054     11.705     33.017 

                                ------------------------------------------------------------------------------



CORRELATIONS AMONG RESIDUALS:

  No residual correlations.



OUTCOME MODEL ESTIMATES:

  Summaries based on 25000 iterations using 4 chains.
  NOTE: Estimate column based on posterior median.


Outcome Variable:  turnover   

Grand Mean Centered: climate lmx.mean[team]
Group Mean Centered: lmx


Parameters                         Estimate     StdDev       2.5%      97.5%      ChiSq     PValue      N_Eff 
                                ------------------------------------------------------------------------------
turnover.1                      

Variances:                      
  L2 : Var(Intercept)                 0.082      0.105      0.004      0.387        ---        ---    293.221 

Coefficients:                   
  Intercept                          -0.829      0.152     -1.130     -0.540     29.906      0.000   7469.305 
  lmx                                -0.173      0.039     -0.250     -0.099     20.010      0.000   7110.193 
  male                               -0.136      0.191     -0.516      0.234      0.516      0.472  15630.040 
  lmx.mean[team]                     -0.054      0.157     -0.344      0.278      0.101      0.751   1963.156 
  climate                            -0.146      0.028     -0.203     -0.092     26.718      0.000   7221.664 

Standard Deviations:            
  L2 : SD(Intercept)                  0.286      0.149      0.060      0.622        ---        ---    203.814 

Odds Ratio:                     
  Intercept                           0.436      0.067      0.323      0.583        ---        ---   7552.602 
  lmx                                 0.842      0.033      0.779      0.906        ---        ---   7110.725 
  male                                0.873      0.171      0.597      1.264        ---        ---  15847.497 
  lmx.mean[team]                      0.947      0.157      0.709      1.320        ---        ---   1868.531 
  climate                             0.864      0.024      0.816      0.912        ---        ---   7284.267 

Proportion Variance Explained   
  by Coefficients                     0.039      0.010      0.022      0.060        ---        ---   9639.949 
  by Level-2 Random Intercepts        0.023      0.027      0.001      0.101        ---        ---    277.212 
  by Level-1 Residual Variation       0.936      0.029      0.859      0.969        ---        ---    314.158 

                                ------------------------------------------------------------------------------




PREDICTOR MODEL ESTIMATES:

  Summaries based on 25000 iterations using 4 chains.
  NOTE: Estimate column based on posterior median.



Complete predictor: male       

Parameters                         Estimate     StdDev       2.5%      97.5%      ChiSq     PValue      N_Eff 
                                ------------------------------------------------------------------------------

Grand Mean                           -0.039      0.050     -0.138      0.058      0.627      0.429  11495.753 

Level 1:                                                                                                      
  lmx                                 0.028      0.018     -0.008      0.064      2.231      0.135   8381.852 
  Residual Var.                       1.000      0.000      1.000      1.000        ---        ---        --- 
Thresholds:                                                                                                   
  Tau 1                               0.000      0.000      0.000      0.000        ---        ---        --- 
                                                                                                              
                                ------------------------------------------------------------------------------



Missing predictor:  lmx        

Parameters                         Estimate     StdDev       2.5%      97.5%      ChiSq     PValue      N_Eff 
                                ------------------------------------------------------------------------------

Grand Mean                            9.628      0.153      9.334      9.943   3970.924      0.000   1396.177 

Level 1:                                                                                                      
  male                                0.220      0.148     -0.065      0.512      2.210      0.137  10091.257 
  Residual Var.                       7.992      0.518      7.061      9.093        ---        ---   4557.683 

Level 2:                                                                                                      
  climate                             0.015      0.040     -0.064      0.093      0.128      0.720   2497.271 
  Residual Var.                       1.033      0.356      0.459      1.835        ---        ---    787.490 
                                                                                                              
                                ------------------------------------------------------------------------------



Missing predictor:  climate    

Parameters                         Estimate     StdDev       2.5%      97.5%      ChiSq     PValue      N_Eff 
                                ------------------------------------------------------------------------------

Grand Mean                           20.116      0.418     19.303     20.930   2321.743      0.000   2981.998 

Level 2:                                                                                                      
  lmx                                 0.229      0.682     -1.114      1.609      0.117      0.733   2361.444 
  Residual Var.                      16.048      2.468     12.164     21.711        ---        ---  12244.973 
                                                                                                              
                                ------------------------------------------------------------------------------



ITERATION HISTORY:

  Chain 1 burn-in started on Aug 15 19:57:58 2026
  Chain 2 burn-in started on Aug 15 19:57:58 2026
  Chain 4 burn-in started on Aug 15 19:57:58 2026
  Chain 3 burn-in started on Aug 15 19:57:58 2026
  Chain 2 burn-in iteration 2500 completed on Aug 15 19:57:59 2026
  Chain 4 burn-in iteration 2500 completed on Aug 15 19:57:59 2026
  Chain 3 burn-in iteration 2500 completed on Aug 15 19:57:59 2026
  Chain 1 burn-in iteration 2500 completed on Aug 15 19:57:59 2026
  Chain 2 burn-in iteration 5000 completed on Aug 15 19:58:00 2026
  Chain 4 burn-in iteration 5000 completed on Aug 15 19:58:00 2026
  Chain 1 burn-in iteration 5000 completed on Aug 15 19:58:00 2026
  Chain 3 burn-in iteration 5000 completed on Aug 15 19:58:00 2026
  Chain 2 burn-in iteration 7500 completed on Aug 15 19:58:01 2026
  Chain 4 burn-in iteration 7500 completed on Aug 15 19:58:01 2026
  Chain 1 burn-in iteration 7500 completed on Aug 15 19:58:01 2026
  Chain 3 burn-in iteration 7500 completed on Aug 15 19:58:01 2026
  Chain 2 burn-in iteration 10000 completed on Aug 15 19:58:02 2026
  Chain 2 completed burn-in on Aug 15 19:58:02 2026
  Chain 4 burn-in iteration 10000 completed on Aug 15 19:58:02 2026
  Chain 4 completed burn-in on Aug 15 19:58:02 2026
  Chain 3 burn-in iteration 10000 completed on Aug 15 19:58:02 2026
  Chain 3 completed burn-in on Aug 15 19:58:02 2026
  Chain 1 burn-in iteration 10000 completed on Aug 15 19:58:02 2026
  Chain 1 completed burn-in on Aug 15 19:58:02 2026
  Chain 2 saved imputation 2 on Aug 15 19:58:02 2026
  Chain 4 saved imputation 4 on Aug 15 19:58:02 2026
  Chain 3 saved imputation 3 on Aug 15 19:58:02 2026
  Chain 1 saved imputation 1 on Aug 15 19:58:02 2026
  Chain 2 completed iteration 625 on Aug 15 19:58:02 2026
  Chain 4 completed iteration 625 on Aug 15 19:58:02 2026
  Chain 3 completed iteration 625 on Aug 15 19:58:02 2026
  Chain 1 completed iteration 625 on Aug 15 19:58:02 2026
  Chain 2 saved imputation 6 on Aug 15 19:58:02 2026
  Chain 4 saved imputation 8 on Aug 15 19:58:02 2026
  Chain 3 saved imputation 7 on Aug 15 19:58:02 2026
  Chain 1 saved imputation 5 on Aug 15 19:58:02 2026
  Chain 2 completed iteration 1250 on Aug 15 19:58:02 2026
  Chain 4 completed iteration 1250 on Aug 15 19:58:02 2026
  Chain 1 completed iteration 1250 on Aug 15 19:58:02 2026
  Chain 3 completed iteration 1250 on Aug 15 19:58:02 2026
  Chain 2 saved imputation 10 on Aug 15 19:58:02 2026
  Chain 4 saved imputation 12 on Aug 15 19:58:02 2026
  Chain 1 saved imputation 9 on Aug 15 19:58:02 2026
  Chain 3 saved imputation 11 on Aug 15 19:58:02 2026
  Chain 2 completed iteration 1875 on Aug 15 19:58:03 2026
  Chain 4 completed iteration 1875 on Aug 15 19:58:03 2026
  Chain 1 completed iteration 1875 on Aug 15 19:58:03 2026
  Chain 3 completed iteration 1875 on Aug 15 19:58:03 2026
  Chain 2 saved imputation 14 on Aug 15 19:58:03 2026
  Chain 4 saved imputation 16 on Aug 15 19:58:03 2026
  Chain 1 saved imputation 13 on Aug 15 19:58:03 2026
  Chain 3 saved imputation 15 on Aug 15 19:58:03 2026
  Chain 2 completed iteration 2500 on Aug 15 19:58:03 2026
  Chain 2 saved imputation 18 on Aug 15 19:58:03 2026
  Chain 2 finished on Aug 15 19:58:03 2026
  Chain 4 completed iteration 2500 on Aug 15 19:58:03 2026
  Chain 4 saved imputation 20 on Aug 15 19:58:03 2026
  Chain 4 finished on Aug 15 19:58:03 2026
  Chain 1 completed iteration 2500 on Aug 15 19:58:03 2026
  Chain 1 saved imputation 17 on Aug 15 19:58:03 2026
  Chain 1 finished on Aug 15 19:58:03 2026
  Chain 3 completed iteration 2500 on Aug 15 19:58:03 2026
  Chain 3 saved imputation 19 on Aug 15 19:58:03 2026
  Chain 3 finished on Aug 15 19:58:03 2026


---------------------------------------------------------------------------

                                   Blimp
                                 4.1.0.b11

             Blimp was developed with funding from Institute of
           Education Sciences awards R305D150056 and R305D190002.

            Craig K. Enders, P.I. Email: cenders@psych.ucla.edu
           Brian T. Keller, Co-P.I. Email: btkeller@missouri.edu
                 Han Du, Co-P.I. Email: hdu@psych.ucla.edu
                 Roy Levy, Co-P.I. Email: roy.levy@asu.edu

              Programming and Blimp Studio by Brian T. Keller

                   There is no expressed license given.

---------------------------------------------------------------------------


ALGORITHMIC OPTIONS SPECIFIED:

  Imputation method:                 Fully Bayesian model-based
  MCMC algorithm:                    Full conditional Metropolis sampler with
                                       Auto-Derived Conditional Distributions
  Default Priors:
    Multilevel covariance matrices:  Zero matrix, df = -(p + 1) (PRIOR2)
    Outcome covariance matrices:     Zero matrix, df = -(p + 1) (PRIOR2)
    Predictor model variances:       Unit sum of squares, df = 2 (XPRIOR1)
  Chain Starting Values:             Random starting values


  NOTE: The default prior for regression coefficients 
        in categorical models is 'normal( 0.0, 5.0)'

  NOTE: For complete list of priors include 'pinfo' in the options.

  NOTE: The following nominal variables have automatically
        been assigned a reference group.

          'turnover' with reference value '0'

        To change reference group use the following command:
          NOMINAL: variable_name(reference_value);


BURN-IN POTENTIAL SCALE REDUCTION (PSR) OUTPUT:

  NOTE: Rank-normalized Rhat (Vehtari et al., 2021) is being used.
        This applies rank normalization and chain folding for robust
        convergence detection across all chains.

  Comparing iterations across 4 chains     Highest Rhat   Parameter #  
                          251 to 500             1.590            14  
                          501 to 1000            1.536             1  
                          751 to 1500            1.291            14  
                         1001 to 2000            1.141             1  
                         1251 to 2500            1.087             1  
                         1501 to 3000            1.061             1  
                         1751 to 3500            1.043            24  
                         2001 to 4000            1.027            14  
                         2251 to 4500            1.056             1  
                         2501 to 5000            1.069             1  
                         2751 to 5500            1.040            14  
                         3001 to 6000            1.030            14  
                         3251 to 6500            1.030             1  
                         3501 to 7000            1.045             1  
                         3751 to 7500            1.027            14  
                         4001 to 8000            1.019            14  
                         4251 to 8500            1.022            14  
                         4501 to 9000            1.017            14  
                         4751 to 9500            1.018             1  
                         5001 to 10000           1.019             1  


METROPOLIS-HASTINGS ACCEPTANCE RATES:

  Chain 1:

    Variable                            Type    Probability   Target Value 
    lmx                           imputation          0.477          0.500 
    lmx                           latent imp          0.505          0.500 
    lmx                            parameter          0.478          0.500 
    climate                       imputation          0.500          0.500 
    climate                        parameter          0.512          0.500 

  NOTE: Suppressing printing of 3 chains.
        Use keyword 'tuneinfo' in options to override.


DATA INFORMATION:

  Level-2 identifier:       team
  Sample Size:              630
  Level-2 Clusters:         105
  Nominal Dummy Codes:

                 turnover = turnover.1
  Missing Data Info:

                      Pattern #:       1     2     3     4     5     6
                          miss % --------------------------------------
                 turnover =  5.1       -     -     M     -     M     -  
                     male =  0.0       -     -     -     -     -     -  
                      lmx =  4.1       -     -     -     M     -     M  
                  climate =  9.5       -     M     -     -     M     M  
                                 --------------------------------------
                                 %  82.7   8.1   4.3   3.5   0.8   0.6


MODEL INFORMATION:

  NUMBER OF PARAMETERS
    Outcome Models:         6
    Predictor Models:       10

  PREDICTORS
    Complete ordinal:       male
    Incomplete continuous:  lmx climate

  CENTERED PREDICTORS
    Grand Mean Centered:    climate
    Group Mean Centered:    lmx

  LATENT CLUSTER MEANS
    Grand Mean Centered:    lmx

  MODELS
    [1]  turnover ~ Intercept lmx male lmx.mean[team] climate


 WARNING MESSAGES:

  WARNING: Excluding the following variables as predictors at the listed level.
           Their latent cluster means will not be estimated at the listed level.
  
             Variable "male" excluded from level-2.
  
           These variables are orthogonal to all variables at that level
           (e.g., because they lack variation at that level).


MODEL FIT:


  INFORMATION CRITERIA

    Conditional Likelihood
      DIC2                  735.502
      WAIC                  740.369


IMPUTED DATA SUMMARIES:

  NOTE: Imputed data summaries are averaged across 10000 data sets.


Variables                              Mean     StdDev        25%        50%        75%        Min        Max 
                                ------------------------------------------------------------------------------

  turnover.1                          0.316      0.465      0.000      0.000      1.000      0.000      1.000 
  male                                0.484      0.500      0.000      0.000      1.000      0.000      1.000 
  lmx                                 9.623      3.022      7.999      9.512     12.000     -0.009     17.126 
  lmx.mean[team]                      9.629      0.982      8.949      9.615     10.299      7.248     12.109 
  climate                            20.119      4.053     17.033     20.488     23.049     11.684     33.017 

                                ------------------------------------------------------------------------------



CORRELATIONS AMONG RESIDUALS:

  No residual correlations.



OUTCOME MODEL ESTIMATES:

  Summaries based on 10000 iterations using 4 chains.
  NOTE: Estimate column based on posterior median.


Outcome Variable:  turnover   

Grand Mean Centered: climate lmx.mean[team]
Group Mean Centered: lmx


Parameters                         Estimate     StdDev       2.5%      97.5%      ChiSq     PValue      N_Eff 
                                ------------------------------------------------------------------------------
turnover.1                      

Variances:                      
  L2 : Var(Intercept)                 0.059      0.091      0.001      0.331        ---        ---     50.424 

Coefficients:                   
  Intercept                          -0.829      0.152     -1.136     -0.538     29.879      0.000   3124.555 
  lmx                                -0.171      0.038     -0.246     -0.099     20.296      0.000   2961.232 
  male                               -0.130      0.193     -0.506      0.247      0.443      0.506   6153.304 
  lmx.mean[team]                     -0.044      0.161     -0.352      0.282      0.071      0.789   1013.850 
  climate                            -0.144      0.028     -0.202     -0.091     26.302      0.000   3334.572 

Standard Deviations:            
  L2 : SD(Intercept)                  0.244      0.144      0.033      0.575        ---        ---     26.415 

Odds Ratio:                     
  Intercept                           0.437      0.067      0.321      0.584        ---        ---   3197.800 
  lmx                                 0.843      0.032      0.782      0.906        ---        ---   2964.930 
  male                                0.878      0.175      0.603      1.280        ---        ---   6181.718 
  lmx.mean[team]                      0.957      0.159      0.703      1.326        ---        ---   1006.592 
  climate                             0.866      0.024      0.817      0.913        ---        ---   3341.471 

Proportion Variance Explained   
  by Coefficients                     0.038      0.010      0.022      0.059        ---        ---   3838.600 
  by Level-2 Random Intercepts        0.017      0.024      0.000      0.088        ---        ---     44.893 
  by Level-1 Residual Variation       0.942      0.026      0.873      0.971        ---        ---     54.514 

                                ------------------------------------------------------------------------------




PREDICTOR MODEL ESTIMATES:

  Summaries based on 10000 iterations using 4 chains.
  NOTE: Estimate column based on posterior median.



Complete predictor: male       

Parameters                         Estimate     StdDev       2.5%      97.5%      ChiSq     PValue      N_Eff 
                                ------------------------------------------------------------------------------

Grand Mean                           -0.040      0.050     -0.139      0.056      0.660      0.416   4789.254 

Level 1:                                                                                                      
  lmx                                 0.028      0.019     -0.008      0.064      2.255      0.133   3460.761 
  Residual Var.                       1.000      0.000      1.000      1.000        ---        ---        --- 
Thresholds:                                                                                                   
  Tau 1                               0.000      0.000      0.000      0.000        ---        ---        --- 
                                                                                                              
                                ------------------------------------------------------------------------------



Missing predictor:  lmx        

Parameters                         Estimate     StdDev       2.5%      97.5%      ChiSq     PValue      N_Eff 
                                ------------------------------------------------------------------------------

Grand Mean                            9.634      0.153      9.326      9.934   3941.042      0.000    479.622 

Level 1:                                                                                                      
  male                                0.227      0.148     -0.064      0.515      2.335      0.126   4124.346 
  Residual Var.                       8.023      0.527      7.052      9.120        ---        ---   1220.088 

Level 2:                                                                                                      
  climate                             0.015      0.038     -0.062      0.087      0.142      0.707    868.886 
  Residual Var.                       0.947      0.362      0.406      1.784        ---        ---    233.017 
                                                                                                              
                                ------------------------------------------------------------------------------



Missing predictor:  climate    

Parameters                         Estimate     StdDev       2.5%      97.5%      ChiSq     PValue      N_Eff 
                                ------------------------------------------------------------------------------

Grand Mean                           20.129      0.420     19.329     20.995   2298.245      0.000   1216.746 

Level 2:                                                                                                      
  lmx                                 0.266      0.718     -1.070      1.764      0.153      0.696    632.184 
  Residual Var.                      16.057      2.441     12.091     21.685        ---        ---   5026.732 
                                                                                                              
                                ------------------------------------------------------------------------------


pdf 
  2 
pdf 
  2 
